[3.263s] Invoking command in '/home/coche/coche_ws/src/f1tenth_system/teleop_tools/mouse_teleop': PYTHONPATH=/home/coche/coche_ws/build/mouse_teleop/prefix_override:/usr/lib/python3/dist-packages/colcon_core/task/python/colcon_distutils_commands:/home/coche/coche_ws/install/mouse_teleop/lib/python3.8/site-packages:${PYTHONPATH} /usr/bin/python3 -W ignore:setup.py install is deprecated setup.py egg_info --egg-base ../../../../build/mouse_teleop build --build-base /home/coche/coche_ws/build/mouse_teleop/build install --record /home/coche/coche_ws/build/mouse_teleop/install.log --install-scripts $base/lib/mouse_teleop --single-version-externally-managed install_data
[4.416s] running egg_info
[4.417s] creating ../../../../build/mouse_teleop/mouse_teleop.egg-info
[4.418s] writing ../../../../build/mouse_teleop/mouse_teleop.egg-info/PKG-INFO
[4.420s] writing dependency_links to ../../../../build/mouse_teleop/mouse_teleop.egg-info/dependency_links.txt
[4.421s] writing entry points to ../../../../build/mouse_teleop/mouse_teleop.egg-info/entry_points.txt
[4.422s] writing requirements to ../../../../build/mouse_teleop/mouse_teleop.egg-info/requires.txt
[4.422s] writing top-level names to ../../../../build/mouse_teleop/mouse_teleop.egg-info/top_level.txt
[4.429s] writing manifest file '../../../../build/mouse_teleop/mouse_teleop.egg-info/SOURCES.txt'
[4.598s] reading manifest file '../../../../build/mouse_teleop/mouse_teleop.egg-info/SOURCES.txt'
[4.601s] writing manifest file '../../../../build/mouse_teleop/mouse_teleop.egg-info/SOURCES.txt'
[4.602s] running build
[4.602s] running build_py
[4.603s] creating /home/coche/coche_ws/build/mouse_teleop/build
[4.603s] creating /home/coche/coche_ws/build/mouse_teleop/build/lib
[4.604s] creating /home/coche/coche_ws/build/mouse_teleop/build/lib/mouse_teleop
[4.604s] copying mouse_teleop/__init__.py -> /home/coche/coche_ws/build/mouse_teleop/build/lib/mouse_teleop
[4.605s] copying mouse_teleop/mouse_teleop.py -> /home/coche/coche_ws/build/mouse_teleop/build/lib/mouse_teleop
[4.608s] running install
[4.616s] running install_lib
[4.620s] creating /home/coche/coche_ws/install/mouse_teleop/lib/python3.8/site-packages/mouse_teleop
[4.621s] copying /home/coche/coche_ws/build/mouse_teleop/build/lib/mouse_teleop/__init__.py -> /home/coche/coche_ws/install/mouse_teleop/lib/python3.8/site-packages/mouse_teleop
[4.621s] copying /home/coche/coche_ws/build/mouse_teleop/build/lib/mouse_teleop/mouse_teleop.py -> /home/coche/coche_ws/install/mouse_teleop/lib/python3.8/site-packages/mouse_teleop
[4.623s] byte-compiling /home/coche/coche_ws/install/mouse_teleop/lib/python3.8/site-packages/mouse_teleop/__init__.py to __init__.cpython-38.pyc
[4.630s] byte-compiling /home/coche/coche_ws/install/mouse_teleop/lib/python3.8/site-packages/mouse_teleop/mouse_teleop.py to mouse_teleop.cpython-38.pyc
[4.638s] running install_data
[4.639s] copying package.xml -> /home/coche/coche_ws/install/mouse_teleop/share/mouse_teleop
[4.640s] creating /home/coche/coche_ws/install/mouse_teleop/share/mouse_teleop/config
[4.640s] copying config/mouse_teleop.yaml -> /home/coche/coche_ws/install/mouse_teleop/share/mouse_teleop/config
[4.640s] creating /home/coche/coche_ws/install/mouse_teleop/share/mouse_teleop/launch
[4.641s] copying launch/mouse_teleop.launch.py -> /home/coche/coche_ws/install/mouse_teleop/share/mouse_teleop/launch
[4.642s] creating /home/coche/coche_ws/install/mouse_teleop/share/ament_index
[4.642s] creating /home/coche/coche_ws/install/mouse_teleop/share/ament_index/resource_index
[4.643s] creating /home/coche/coche_ws/install/mouse_teleop/share/ament_index/resource_index/packages
[4.643s] copying resource/mouse_teleop -> /home/coche/coche_ws/install/mouse_teleop/share/ament_index/resource_index/packages
[4.644s] running install_egg_info
[4.649s] Copying ../../../../build/mouse_teleop/mouse_teleop.egg-info to /home/coche/coche_ws/install/mouse_teleop/lib/python3.8/site-packages/mouse_teleop-0.3.0-py3.8.egg-info
[4.657s] running install_scripts
[4.745s] Installing mouse_teleop script to /home/coche/coche_ws/install/mouse_teleop/lib/mouse_teleop
[4.747s] writing list of installed files to '/home/coche/coche_ws/build/mouse_teleop/install.log'
[4.897s] Invoked command in '/home/coche/coche_ws/src/f1tenth_system/teleop_tools/mouse_teleop' returned '0': PYTHONPATH=/home/coche/coche_ws/build/mouse_teleop/prefix_override:/usr/lib/python3/dist-packages/colcon_core/task/python/colcon_distutils_commands:/home/coche/coche_ws/install/mouse_teleop/lib/python3.8/site-packages:${PYTHONPATH} /usr/bin/python3 -W ignore:setup.py install is deprecated setup.py egg_info --egg-base ../../../../build/mouse_teleop build --build-base /home/coche/coche_ws/build/mouse_teleop/build install --record /home/coche/coche_ws/build/mouse_teleop/install.log --install-scripts $base/lib/mouse_teleop --single-version-externally-managed install_data
