[0.100s] Invoking command in '/home/coche/coche_ws/build/vesc_driver': CMAKE_PREFIX_PATH=/home/coche/coche_ws/install/vesc_msgs:/home/coche/coche_ws/install/vesc:/home/coche/coche_ws/install/vesc_driver:/home/coche/coche_ws/install/vesc_ackermann:/home/coche/coche_ws/install/teleop_tools:/home/coche/coche_ws/install/teleop_tools_msgs:/home/coche/coche_ws/install/ackermann_mux:/home/coche/coche_ws/install/f1tenth_stack:/home/coche/coche_ws/install/joy_teleop:/home/coche/coche_ws/install/mouse_teleop:/home/coche/coche_ws/install/key_teleop:/opt/ros/foxy LD_LIBRARY_PATH=/home/coche/coche_ws/install/vesc_msgs/lib:/home/coche/coche_ws/install/vesc_driver/lib:/home/coche/coche_ws/install/vesc_ackermann/lib:/home/coche/coche_ws/install/teleop_tools_msgs/lib:/opt/ros/foxy/opt/yaml_cpp_vendor/lib:/opt/ros/foxy/opt/rviz_ogre_vendor/lib:/opt/ros/foxy/lib/aarch64-linux-gnu:/opt/ros/foxy/lib PYTHONPATH=/home/coche/coche_ws/install/vesc_msgs/lib/python3.8/site-packages:/home/coche/coche_ws/install/f1tenth_stack/lib/python3.8/site-packages:/home/coche/coche_ws/install/joy_teleop/lib/python3.8/site-packages:/home/coche/coche_ws/install/teleop_tools_msgs/lib/python3.8/site-packages:/home/coche/coche_ws/install/mouse_teleop/lib/python3.8/site-packages:/home/coche/coche_ws/install/key_teleop/lib/python3.8/site-packages:/opt/ros/foxy/lib/python3.8/site-packages /usr/bin/cmake /home/coche/coche_ws/src/f1tenth_system/vesc/vesc_driver -DCMAKE_INSTALL_PREFIX=/home/coche/coche_ws/install/vesc_driver
[0.431s] -- The C compiler identification is GNU 9.4.0
[0.771s] -- The CXX compiler identification is GNU 9.4.0
[0.800s] -- Check for working C compiler: /usr/bin/cc
[1.160s] -- Check for working C compiler: /usr/bin/cc -- works
[1.165s] -- Detecting C compiler ABI info
[1.572s] -- Detecting C compiler ABI info - done
[1.628s] -- Detecting C compile features
[1.630s] -- Detecting C compile features - done
[1.643s] -- Check for working CXX compiler: /usr/bin/c++
[2.094s] -- Check for working CXX compiler: /usr/bin/c++ -- works
[2.100s] -- Detecting CXX compiler ABI info
[2.603s] -- Detecting CXX compiler ABI info - done
[2.666s] -- Detecting CXX compile features
[2.673s] -- Detecting CXX compile features - done
[2.683s] -- Found ament_cmake_auto: 0.9.12 (/opt/ros/foxy/share/ament_cmake_auto/cmake)
[2.854s] -- Found PythonInterp: /usr/bin/python3 (found suitable version "3.8.10", minimum required is "3") 
[2.856s] -- Using PYTHON_EXECUTABLE: /usr/bin/python3
[4.434s] -- Using all available rosidl_typesupport_c: rosidl_typesupport_fastrtps_c;rosidl_typesupport_introspection_c
[4.484s] -- Found rosidl_adapter: 1.3.1 (/opt/ros/foxy/share/rosidl_adapter/cmake)
[4.959s] -- Found OpenSSL: /usr/lib/aarch64-linux-gnu/libcrypto.so (found version "1.1.1f")  
[5.091s] -- Found FastRTPS: /opt/ros/foxy/include  
[5.501s] -- Using all available rosidl_typesupport_cpp: rosidl_typesupport_fastrtps_cpp;rosidl_typesupport_introspection_cpp
[5.803s] -- Found rmw_implementation_cmake: 1.0.4 (/opt/ros/foxy/share/rmw_implementation_cmake/cmake)
[5.811s] -- Using RMW implementation 'rmw_fastrtps_cpp' as default
[5.815s] -- Looking for pthread.h
[6.194s] -- Looking for pthread.h - found
[6.196s] -- Performing Test CMAKE_HAVE_LIBC_PTHREAD
[6.557s] -- Performing Test CMAKE_HAVE_LIBC_PTHREAD - Failed
[6.558s] -- Looking for pthread_create in pthreads
[6.861s] -- Looking for pthread_create in pthreads - not found
[6.862s] -- Looking for pthread_create in pthread
[7.219s] -- Looking for pthread_create in pthread - found
[7.225s] -- Found Threads: TRUE  
[10.338s] -- Found ament_lint_auto: 0.9.8 (/opt/ros/foxy/share/ament_lint_auto/cmake)
[10.472s] -- Added test 'copyright' to check source files copyright and LICENSE
[10.482s] -- Added test 'cppcheck' to perform static code analysis on C / C++ code
[10.483s] -- Configured cppcheck include dirs: /home/coche/coche_ws/src/f1tenth_system/vesc/vesc_driver/include
[10.483s] -- Configured cppcheck exclude dirs and/or files: 
[10.495s] -- Added test 'cpplint' to check C / C++ code against the Google style
[10.496s] -- Configured cpplint exclude dirs and/or files: 
[10.499s] -- Added test 'flake8' to check Python code syntax and style conventions
[10.508s] -- Added test 'lint_cmake' to check CMake code style
[10.509s] -- Added test 'pep257' to check Python code against some of the style conventions in PEP 257
[10.523s] -- Added test 'uncrustify' to check C / C++ code style
[10.524s] -- Configured uncrustify additional arguments: 
[10.528s] -- Added test 'xmllint' to check XML markup files
[10.568s] -- Configuring done
[10.921s] -- Generating done
[10.931s] -- Build files have been written to: /home/coche/coche_ws/build/vesc_driver
[10.977s] Invoked command in '/home/coche/coche_ws/build/vesc_driver' returned '0': CMAKE_PREFIX_PATH=/home/coche/coche_ws/install/vesc_msgs:/home/coche/coche_ws/install/vesc:/home/coche/coche_ws/install/vesc_driver:/home/coche/coche_ws/install/vesc_ackermann:/home/coche/coche_ws/install/teleop_tools:/home/coche/coche_ws/install/teleop_tools_msgs:/home/coche/coche_ws/install/ackermann_mux:/home/coche/coche_ws/install/f1tenth_stack:/home/coche/coche_ws/install/joy_teleop:/home/coche/coche_ws/install/mouse_teleop:/home/coche/coche_ws/install/key_teleop:/opt/ros/foxy LD_LIBRARY_PATH=/home/coche/coche_ws/install/vesc_msgs/lib:/home/coche/coche_ws/install/vesc_driver/lib:/home/coche/coche_ws/install/vesc_ackermann/lib:/home/coche/coche_ws/install/teleop_tools_msgs/lib:/opt/ros/foxy/opt/yaml_cpp_vendor/lib:/opt/ros/foxy/opt/rviz_ogre_vendor/lib:/opt/ros/foxy/lib/aarch64-linux-gnu:/opt/ros/foxy/lib PYTHONPATH=/home/coche/coche_ws/install/vesc_msgs/lib/python3.8/site-packages:/home/coche/coche_ws/install/f1tenth_stack/lib/python3.8/site-packages:/home/coche/coche_ws/install/joy_teleop/lib/python3.8/site-packages:/home/coche/coche_ws/install/teleop_tools_msgs/lib/python3.8/site-packages:/home/coche/coche_ws/install/mouse_teleop/lib/python3.8/site-packages:/home/coche/coche_ws/install/key_teleop/lib/python3.8/site-packages:/opt/ros/foxy/lib/python3.8/site-packages /usr/bin/cmake /home/coche/coche_ws/src/f1tenth_system/vesc/vesc_driver -DCMAKE_INSTALL_PREFIX=/home/coche/coche_ws/install/vesc_driver
[10.997s] Invoking command in '/home/coche/coche_ws/build/vesc_driver': CMAKE_PREFIX_PATH=/home/coche/coche_ws/install/vesc_msgs:/home/coche/coche_ws/install/vesc:/home/coche/coche_ws/install/vesc_driver:/home/coche/coche_ws/install/vesc_ackermann:/home/coche/coche_ws/install/teleop_tools:/home/coche/coche_ws/install/teleop_tools_msgs:/home/coche/coche_ws/install/ackermann_mux:/home/coche/coche_ws/install/f1tenth_stack:/home/coche/coche_ws/install/joy_teleop:/home/coche/coche_ws/install/mouse_teleop:/home/coche/coche_ws/install/key_teleop:/opt/ros/foxy LD_LIBRARY_PATH=/home/coche/coche_ws/install/vesc_msgs/lib:/home/coche/coche_ws/install/vesc_driver/lib:/home/coche/coche_ws/install/vesc_ackermann/lib:/home/coche/coche_ws/install/teleop_tools_msgs/lib:/opt/ros/foxy/opt/yaml_cpp_vendor/lib:/opt/ros/foxy/opt/rviz_ogre_vendor/lib:/opt/ros/foxy/lib/aarch64-linux-gnu:/opt/ros/foxy/lib PYTHONPATH=/home/coche/coche_ws/install/vesc_msgs/lib/python3.8/site-packages:/home/coche/coche_ws/install/f1tenth_stack/lib/python3.8/site-packages:/home/coche/coche_ws/install/joy_teleop/lib/python3.8/site-packages:/home/coche/coche_ws/install/teleop_tools_msgs/lib/python3.8/site-packages:/home/coche/coche_ws/install/mouse_teleop/lib/python3.8/site-packages:/home/coche/coche_ws/install/key_teleop/lib/python3.8/site-packages:/opt/ros/foxy/lib/python3.8/site-packages /usr/bin/cmake --build /home/coche/coche_ws/build/vesc_driver -- -j4 -l4
[11.198s] [35m[1mScanning dependencies of target vesc_driver[0m
[11.512s] [ 10%] [32mBuilding CXX object CMakeFiles/vesc_driver.dir/src/vesc_driver.cpp.o[0m
[16.583s] [ 20%] [32mBuilding CXX object CMakeFiles/vesc_driver.dir/src/vesc_packet.cpp.o[0m
[18.704s] [ 30%] [32mBuilding CXX object CMakeFiles/vesc_driver.dir/src/vesc_interface.cpp.o[0m
[20.052s] [ 40%] [32mBuilding CXX object CMakeFiles/vesc_driver.dir/src/vesc_packet_factory.cpp.o[0m
[42.763s] [ 50%] [32m[1mLinking CXX shared library libvesc_driver.so[0m
[44.808s] [ 50%] Built target vesc_driver
[44.854s] [35m[1mScanning dependencies of target vesc_driver_node[0m
[45.056s] [ 60%] [32mBuilding CXX object CMakeFiles/vesc_driver_node.dir/rclcpp_components/node_main_vesc_driver_node.cpp.o[0m
[53.848s] [ 70%] [32m[1mLinking CXX executable vesc_driver_node[0m
[54.447s] [ 70%] Built target vesc_driver_node
[54.540s] [35m[1mScanning dependencies of target vesc_device_namer[0m
[54.662s] [ 80%] [32mBuilding CXX object CMakeFiles/vesc_device_namer.dir/src/vesc_device_namer.cpp.o[0m
[54.682s] [ 90%] [32mBuilding CXX object CMakeFiles/vesc_device_namer.dir/src/vesc_device_uuid_lookup.cpp.o[0m
[57.193s] [100%] [32m[1mLinking CXX executable vesc_device_namer[0m
[58.124s] [100%] Built target vesc_device_namer
[58.174s] Invoked command in '/home/coche/coche_ws/build/vesc_driver' returned '0': CMAKE_PREFIX_PATH=/home/coche/coche_ws/install/vesc_msgs:/home/coche/coche_ws/install/vesc:/home/coche/coche_ws/install/vesc_driver:/home/coche/coche_ws/install/vesc_ackermann:/home/coche/coche_ws/install/teleop_tools:/home/coche/coche_ws/install/teleop_tools_msgs:/home/coche/coche_ws/install/ackermann_mux:/home/coche/coche_ws/install/f1tenth_stack:/home/coche/coche_ws/install/joy_teleop:/home/coche/coche_ws/install/mouse_teleop:/home/coche/coche_ws/install/key_teleop:/opt/ros/foxy LD_LIBRARY_PATH=/home/coche/coche_ws/install/vesc_msgs/lib:/home/coche/coche_ws/install/vesc_driver/lib:/home/coche/coche_ws/install/vesc_ackermann/lib:/home/coche/coche_ws/install/teleop_tools_msgs/lib:/opt/ros/foxy/opt/yaml_cpp_vendor/lib:/opt/ros/foxy/opt/rviz_ogre_vendor/lib:/opt/ros/foxy/lib/aarch64-linux-gnu:/opt/ros/foxy/lib PYTHONPATH=/home/coche/coche_ws/install/vesc_msgs/lib/python3.8/site-packages:/home/coche/coche_ws/install/f1tenth_stack/lib/python3.8/site-packages:/home/coche/coche_ws/install/joy_teleop/lib/python3.8/site-packages:/home/coche/coche_ws/install/teleop_tools_msgs/lib/python3.8/site-packages:/home/coche/coche_ws/install/mouse_teleop/lib/python3.8/site-packages:/home/coche/coche_ws/install/key_teleop/lib/python3.8/site-packages:/opt/ros/foxy/lib/python3.8/site-packages /usr/bin/cmake --build /home/coche/coche_ws/build/vesc_driver -- -j4 -l4
[58.384s] Invoking command in '/home/coche/coche_ws/build/vesc_driver': CMAKE_PREFIX_PATH=/home/coche/coche_ws/install/vesc_msgs:/home/coche/coche_ws/install/vesc:/home/coche/coche_ws/install/vesc_driver:/home/coche/coche_ws/install/vesc_ackermann:/home/coche/coche_ws/install/teleop_tools:/home/coche/coche_ws/install/teleop_tools_msgs:/home/coche/coche_ws/install/ackermann_mux:/home/coche/coche_ws/install/f1tenth_stack:/home/coche/coche_ws/install/joy_teleop:/home/coche/coche_ws/install/mouse_teleop:/home/coche/coche_ws/install/key_teleop:/opt/ros/foxy LD_LIBRARY_PATH=/home/coche/coche_ws/install/vesc_msgs/lib:/home/coche/coche_ws/install/vesc_driver/lib:/home/coche/coche_ws/install/vesc_ackermann/lib:/home/coche/coche_ws/install/teleop_tools_msgs/lib:/opt/ros/foxy/opt/yaml_cpp_vendor/lib:/opt/ros/foxy/opt/rviz_ogre_vendor/lib:/opt/ros/foxy/lib/aarch64-linux-gnu:/opt/ros/foxy/lib PYTHONPATH=/home/coche/coche_ws/install/vesc_msgs/lib/python3.8/site-packages:/home/coche/coche_ws/install/f1tenth_stack/lib/python3.8/site-packages:/home/coche/coche_ws/install/joy_teleop/lib/python3.8/site-packages:/home/coche/coche_ws/install/teleop_tools_msgs/lib/python3.8/site-packages:/home/coche/coche_ws/install/mouse_teleop/lib/python3.8/site-packages:/home/coche/coche_ws/install/key_teleop/lib/python3.8/site-packages:/opt/ros/foxy/lib/python3.8/site-packages /usr/bin/cmake --install /home/coche/coche_ws/build/vesc_driver
[58.422s] -- Install configuration: ""
[58.423s] -- Installing: /home/coche/coche_ws/install/vesc_driver/lib/vesc_driver/vesc_driver_node
[58.429s] -- Set runtime path of "/home/coche/coche_ws/install/vesc_driver/lib/vesc_driver/vesc_driver_node" to ""
[58.430s] -- Installing: /home/coche/coche_ws/install/vesc_driver/include
[58.430s] -- Installing: /home/coche/coche_ws/install/vesc_driver/include/vesc_driver
[58.431s] -- Installing: /home/coche/coche_ws/install/vesc_driver/include/vesc_driver/vesc_device_uuid_lookup.hpp
[58.432s] -- Installing: /home/coche/coche_ws/install/vesc_driver/include/vesc_driver/datatypes.hpp
[58.432s] -- Installing: /home/coche/coche_ws/install/vesc_driver/include/vesc_driver/vesc_packet_factory.hpp
[58.433s] -- Installing: /home/coche/coche_ws/install/vesc_driver/include/vesc_driver/vesc_interface.hpp
[58.433s] -- Installing: /home/coche/coche_ws/install/vesc_driver/include/vesc_driver/vesc_driver.hpp
[58.434s] -- Installing: /home/coche/coche_ws/install/vesc_driver/include/vesc_driver/vesc_packet.hpp
[58.434s] -- Installing: /home/coche/coche_ws/install/vesc_driver/include/vesc_driver/crc.hpp
[58.435s] -- Installing: /home/coche/coche_ws/install/vesc_driver/share/vesc_driver/environment/library_path.sh
[58.436s] -- Installing: /home/coche/coche_ws/install/vesc_driver/share/vesc_driver/environment/library_path.dsv
[58.438s] -- Installing: /home/coche/coche_ws/install/vesc_driver/lib/libvesc_driver.so
[58.476s] -- Set runtime path of "/home/coche/coche_ws/install/vesc_driver/lib/libvesc_driver.so" to ""
[58.477s] -- Installing: /home/coche/coche_ws/install/vesc_driver/lib/vesc_driver/vesc_device_namer
[58.480s] -- Set runtime path of "/home/coche/coche_ws/install/vesc_driver/lib/vesc_driver/vesc_device_namer" to ""
[58.482s] -- Installing: /home/coche/coche_ws/install/vesc_driver/share/vesc_driver/launch
[58.482s] -- Installing: /home/coche/coche_ws/install/vesc_driver/share/vesc_driver/launch/vesc_driver_node.launch.py
[58.483s] -- Installing: /home/coche/coche_ws/install/vesc_driver/share/vesc_driver/params
[58.483s] -- Installing: /home/coche/coche_ws/install/vesc_driver/share/vesc_driver/params/vesc_config.yaml
[58.484s] -- Installing: /home/coche/coche_ws/install/vesc_driver/share/ament_index/resource_index/package_run_dependencies/vesc_driver
[58.485s] -- Installing: /home/coche/coche_ws/install/vesc_driver/share/ament_index/resource_index/parent_prefix_path/vesc_driver
[58.486s] -- Installing: /home/coche/coche_ws/install/vesc_driver/share/vesc_driver/environment/ament_prefix_path.sh
[58.487s] -- Installing: /home/coche/coche_ws/install/vesc_driver/share/vesc_driver/environment/ament_prefix_path.dsv
[58.487s] -- Installing: /home/coche/coche_ws/install/vesc_driver/share/vesc_driver/environment/path.sh
[58.488s] -- Installing: /home/coche/coche_ws/install/vesc_driver/share/vesc_driver/environment/path.dsv
[58.489s] -- Installing: /home/coche/coche_ws/install/vesc_driver/share/vesc_driver/local_setup.bash
[58.490s] -- Installing: /home/coche/coche_ws/install/vesc_driver/share/vesc_driver/local_setup.sh
[58.491s] -- Installing: /home/coche/coche_ws/install/vesc_driver/share/vesc_driver/local_setup.zsh
[58.492s] -- Installing: /home/coche/coche_ws/install/vesc_driver/share/vesc_driver/local_setup.dsv
[58.492s] -- Installing: /home/coche/coche_ws/install/vesc_driver/share/vesc_driver/package.dsv
[58.494s] -- Installing: /home/coche/coche_ws/install/vesc_driver/share/ament_index/resource_index/packages/vesc_driver
[58.494s] -- Installing: /home/coche/coche_ws/install/vesc_driver/share/ament_index/resource_index/rclcpp_components/vesc_driver
[58.495s] -- Installing: /home/coche/coche_ws/install/vesc_driver/share/vesc_driver/cmake/ament_cmake_export_dependencies-extras.cmake
[58.496s] -- Installing: /home/coche/coche_ws/install/vesc_driver/share/vesc_driver/cmake/ament_cmake_export_include_directories-extras.cmake
[58.497s] -- Installing: /home/coche/coche_ws/install/vesc_driver/share/vesc_driver/cmake/ament_cmake_export_libraries-extras.cmake
[58.498s] -- Installing: /home/coche/coche_ws/install/vesc_driver/share/vesc_driver/cmake/vesc_driverConfig.cmake
[58.499s] -- Installing: /home/coche/coche_ws/install/vesc_driver/share/vesc_driver/cmake/vesc_driverConfig-version.cmake
[58.499s] -- Installing: /home/coche/coche_ws/install/vesc_driver/share/vesc_driver/package.xml
[58.512s] Invoked command in '/home/coche/coche_ws/build/vesc_driver' returned '0': CMAKE_PREFIX_PATH=/home/coche/coche_ws/install/vesc_msgs:/home/coche/coche_ws/install/vesc:/home/coche/coche_ws/install/vesc_driver:/home/coche/coche_ws/install/vesc_ackermann:/home/coche/coche_ws/install/teleop_tools:/home/coche/coche_ws/install/teleop_tools_msgs:/home/coche/coche_ws/install/ackermann_mux:/home/coche/coche_ws/install/f1tenth_stack:/home/coche/coche_ws/install/joy_teleop:/home/coche/coche_ws/install/mouse_teleop:/home/coche/coche_ws/install/key_teleop:/opt/ros/foxy LD_LIBRARY_PATH=/home/coche/coche_ws/install/vesc_msgs/lib:/home/coche/coche_ws/install/vesc_driver/lib:/home/coche/coche_ws/install/vesc_ackermann/lib:/home/coche/coche_ws/install/teleop_tools_msgs/lib:/opt/ros/foxy/opt/yaml_cpp_vendor/lib:/opt/ros/foxy/opt/rviz_ogre_vendor/lib:/opt/ros/foxy/lib/aarch64-linux-gnu:/opt/ros/foxy/lib PYTHONPATH=/home/coche/coche_ws/install/vesc_msgs/lib/python3.8/site-packages:/home/coche/coche_ws/install/f1tenth_stack/lib/python3.8/site-packages:/home/coche/coche_ws/install/joy_teleop/lib/python3.8/site-packages:/home/coche/coche_ws/install/teleop_tools_msgs/lib/python3.8/site-packages:/home/coche/coche_ws/install/mouse_teleop/lib/python3.8/site-packages:/home/coche/coche_ws/install/key_teleop/lib/python3.8/site-packages:/opt/ros/foxy/lib/python3.8/site-packages /usr/bin/cmake --install /home/coche/coche_ws/build/vesc_driver
