[1.290s] Invoking command in '/home/coche/coche_ws/build/wall_follow': CMAKE_PREFIX_PATH=${CMAKE_PREFIX_PATH}:/home/coche/coche_ws/install/f1tenth_stack:/home/coche/coche_ws/install/ver_trayectoria:/home/coche/coche_ws/install/joy_teleop:/home/coche/coche_ws/install/stanley_avoidance:/home/coche/coche_ws/install/particle_filter:/home/coche/coche_ws/install/mouse_teleop:/home/coche/coche_ws/install/key_teleop:/opt/ros/foxy /usr/bin/cmake --build /home/coche/coche_ws/build/wall_follow -- -j4 -l4
[1.557s] Invoked command in '/home/coche/coche_ws/build/wall_follow' returned '0': CMAKE_PREFIX_PATH=${CMAKE_PREFIX_PATH}:/home/coche/coche_ws/install/f1tenth_stack:/home/coche/coche_ws/install/ver_trayectoria:/home/coche/coche_ws/install/joy_teleop:/home/coche/coche_ws/install/stanley_avoidance:/home/coche/coche_ws/install/particle_filter:/home/coche/coche_ws/install/mouse_teleop:/home/coche/coche_ws/install/key_teleop:/opt/ros/foxy /usr/bin/cmake --build /home/coche/coche_ws/build/wall_follow -- -j4 -l4
[1.565s] Invoking command in '/home/coche/coche_ws/build/wall_follow': CMAKE_PREFIX_PATH=${CMAKE_PREFIX_PATH}:/home/coche/coche_ws/install/f1tenth_stack:/home/coche/coche_ws/install/ver_trayectoria:/home/coche/coche_ws/install/joy_teleop:/home/coche/coche_ws/install/stanley_avoidance:/home/coche/coche_ws/install/particle_filter:/home/coche/coche_ws/install/mouse_teleop:/home/coche/coche_ws/install/key_teleop:/opt/ros/foxy /usr/bin/cmake --install /home/coche/coche_ws/build/wall_follow
[1.635s] -- Install configuration: ""
[1.637s] -- Up-to-date: /home/coche/coche_ws/install/wall_follow/share/wall_follow/environment/pythonpath.sh
[1.638s] -- Up-to-date: /home/coche/coche_ws/install/wall_follow/share/wall_follow/environment/pythonpath.dsv
[1.641s] -- Up-to-date: /home/coche/coche_ws/install/wall_follow/lib/python3.8/site-packages/wall_follow
[1.641s] -- Up-to-date: /home/coche/coche_ws/install/wall_follow/lib/python3.8/site-packages/wall_follow/__init__.py
[1.830s] Listing '/home/coche/coche_ws/install/wall_follow/lib/python3.8/site-packages/wall_follow'...
[1.852s] -- Up-to-date: /home/coche/coche_ws/install/wall_follow/lib/wall_follow/wall_follow_node.py
[1.853s] -- Up-to-date: /home/coche/coche_ws/install/wall_follow/share/ament_index/resource_index/package_run_dependencies/wall_follow
[1.853s] -- Up-to-date: /home/coche/coche_ws/install/wall_follow/share/ament_index/resource_index/parent_prefix_path/wall_follow
[1.853s] -- Up-to-date: /home/coche/coche_ws/install/wall_follow/share/wall_follow/environment/ament_prefix_path.sh
[1.854s] -- Up-to-date: /home/coche/coche_ws/install/wall_follow/share/wall_follow/environment/ament_prefix_path.dsv
[1.854s] -- Up-to-date: /home/coche/coche_ws/install/wall_follow/share/wall_follow/environment/path.sh
[1.854s] -- Up-to-date: /home/coche/coche_ws/install/wall_follow/share/wall_follow/environment/path.dsv
[1.854s] -- Up-to-date: /home/coche/coche_ws/install/wall_follow/share/wall_follow/local_setup.bash
[1.855s] -- Up-to-date: /home/coche/coche_ws/install/wall_follow/share/wall_follow/local_setup.sh
[1.855s] -- Up-to-date: /home/coche/coche_ws/install/wall_follow/share/wall_follow/local_setup.zsh
[1.855s] -- Up-to-date: /home/coche/coche_ws/install/wall_follow/share/wall_follow/local_setup.dsv
[1.856s] -- Installing: /home/coche/coche_ws/install/wall_follow/share/wall_follow/package.dsv
[1.856s] -- Up-to-date: /home/coche/coche_ws/install/wall_follow/share/ament_index/resource_index/packages/wall_follow
[1.857s] -- Up-to-date: /home/coche/coche_ws/install/wall_follow/share/wall_follow/cmake/wall_followConfig.cmake
[1.858s] -- Up-to-date: /home/coche/coche_ws/install/wall_follow/share/wall_follow/cmake/wall_followConfig-version.cmake
[1.859s] -- Up-to-date: /home/coche/coche_ws/install/wall_follow/share/wall_follow/package.xml
[1.881s] Invoked command in '/home/coche/coche_ws/build/wall_follow' returned '0': CMAKE_PREFIX_PATH=${CMAKE_PREFIX_PATH}:/home/coche/coche_ws/install/f1tenth_stack:/home/coche/coche_ws/install/ver_trayectoria:/home/coche/coche_ws/install/joy_teleop:/home/coche/coche_ws/install/stanley_avoidance:/home/coche/coche_ws/install/particle_filter:/home/coche/coche_ws/install/mouse_teleop:/home/coche/coche_ws/install/key_teleop:/opt/ros/foxy /usr/bin/cmake --install /home/coche/coche_ws/build/wall_follow
