[1.529s] Invoking command in '/home/coche/coche_ws/build/pure_pursuit': CMAKE_PREFIX_PATH=${CMAKE_PREFIX_PATH}:/home/coche/coche_ws/install/f1tenth_stack:/home/coche/coche_ws/install/ver_trayectoria:/home/coche/coche_ws/install/joy_teleop:/home/coche/coche_ws/install/stanley_avoidance:/home/coche/coche_ws/install/particle_filter:/home/coche/coche_ws/install/mouse_teleop:/home/coche/coche_ws/install/key_teleop:/opt/ros/foxy /usr/bin/cmake --build /home/coche/coche_ws/build/pure_pursuit -- -j4 -l4
[1.956s] Invoked command in '/home/coche/coche_ws/build/pure_pursuit' returned '0': CMAKE_PREFIX_PATH=${CMAKE_PREFIX_PATH}:/home/coche/coche_ws/install/f1tenth_stack:/home/coche/coche_ws/install/ver_trayectoria:/home/coche/coche_ws/install/joy_teleop:/home/coche/coche_ws/install/stanley_avoidance:/home/coche/coche_ws/install/particle_filter:/home/coche/coche_ws/install/mouse_teleop:/home/coche/coche_ws/install/key_teleop:/opt/ros/foxy /usr/bin/cmake --build /home/coche/coche_ws/build/pure_pursuit -- -j4 -l4
[1.978s] Invoking command in '/home/coche/coche_ws/build/pure_pursuit': CMAKE_PREFIX_PATH=${CMAKE_PREFIX_PATH}:/home/coche/coche_ws/install/f1tenth_stack:/home/coche/coche_ws/install/ver_trayectoria:/home/coche/coche_ws/install/joy_teleop:/home/coche/coche_ws/install/stanley_avoidance:/home/coche/coche_ws/install/particle_filter:/home/coche/coche_ws/install/mouse_teleop:/home/coche/coche_ws/install/key_teleop:/opt/ros/foxy /usr/bin/cmake --install /home/coche/coche_ws/build/pure_pursuit
[2.084s] -- Install configuration: ""
[2.085s] -- Up-to-date: /home/coche/coche_ws/install/pure_pursuit/share/pure_pursuit/environment/pythonpath.sh
[2.085s] -- Up-to-date: /home/coche/coche_ws/install/pure_pursuit/share/pure_pursuit/environment/pythonpath.dsv
[2.086s] -- Up-to-date: /home/coche/coche_ws/install/pure_pursuit/lib/python3.8/site-packages/pure_pursuit
[2.100s] -- Up-to-date: /home/coche/coche_ws/install/pure_pursuit/lib/python3.8/site-packages/pure_pursuit/__init__.py
[2.367s] Listing '/home/coche/coche_ws/install/pure_pursuit/lib/python3.8/site-packages/pure_pursuit'...
[2.391s] -- Up-to-date: /home/coche/coche_ws/install/pure_pursuit/lib/pure_pursuit/pure_pursuit_node.py
[2.392s] -- Up-to-date: /home/coche/coche_ws/install/pure_pursuit/lib/pure_pursuit/final_race_pure_pursuit_node.py
[2.392s] -- Up-to-date: /home/coche/coche_ws/install/pure_pursuit/share/ament_index/resource_index/package_run_dependencies/pure_pursuit
[2.393s] -- Up-to-date: /home/coche/coche_ws/install/pure_pursuit/share/ament_index/resource_index/parent_prefix_path/pure_pursuit
[2.393s] -- Up-to-date: /home/coche/coche_ws/install/pure_pursuit/share/pure_pursuit/environment/ament_prefix_path.sh
[2.393s] -- Up-to-date: /home/coche/coche_ws/install/pure_pursuit/share/pure_pursuit/environment/ament_prefix_path.dsv
[2.394s] -- Up-to-date: /home/coche/coche_ws/install/pure_pursuit/share/pure_pursuit/environment/path.sh
[2.394s] -- Up-to-date: /home/coche/coche_ws/install/pure_pursuit/share/pure_pursuit/environment/path.dsv
[2.394s] -- Up-to-date: /home/coche/coche_ws/install/pure_pursuit/share/pure_pursuit/local_setup.bash
[2.395s] -- Up-to-date: /home/coche/coche_ws/install/pure_pursuit/share/pure_pursuit/local_setup.sh
[2.395s] -- Up-to-date: /home/coche/coche_ws/install/pure_pursuit/share/pure_pursuit/local_setup.zsh
[2.402s] -- Up-to-date: /home/coche/coche_ws/install/pure_pursuit/share/pure_pursuit/local_setup.dsv
[2.402s] -- Installing: /home/coche/coche_ws/install/pure_pursuit/share/pure_pursuit/package.dsv
[2.402s] -- Up-to-date: /home/coche/coche_ws/install/pure_pursuit/share/ament_index/resource_index/packages/pure_pursuit
[2.403s] -- Up-to-date: /home/coche/coche_ws/install/pure_pursuit/share/pure_pursuit/cmake/pure_pursuitConfig.cmake
[2.403s] -- Up-to-date: /home/coche/coche_ws/install/pure_pursuit/share/pure_pursuit/cmake/pure_pursuitConfig-version.cmake
[2.403s] -- Up-to-date: /home/coche/coche_ws/install/pure_pursuit/share/pure_pursuit/package.xml
[2.506s] Invoked command in '/home/coche/coche_ws/build/pure_pursuit' returned '0': CMAKE_PREFIX_PATH=${CMAKE_PREFIX_PATH}:/home/coche/coche_ws/install/f1tenth_stack:/home/coche/coche_ws/install/ver_trayectoria:/home/coche/coche_ws/install/joy_teleop:/home/coche/coche_ws/install/stanley_avoidance:/home/coche/coche_ws/install/particle_filter:/home/coche/coche_ws/install/mouse_teleop:/home/coche/coche_ws/install/key_teleop:/opt/ros/foxy /usr/bin/cmake --install /home/coche/coche_ws/build/pure_pursuit
