[3.824s] Invoking command in '/home/coche/coche_ws/src/f1tenth_system/particle filter': PYTHONPATH=/home/coche/coche_ws/build/particle_filter/prefix_override:/usr/lib/python3/dist-packages/colcon_core/task/python/colcon_distutils_commands:/home/coche/coche_ws/install/particle_filter/lib/python3.8/site-packages:${PYTHONPATH} /usr/bin/python3 -W ignore:setup.py install is deprecated setup.py egg_info --egg-base ../../../build/particle_filter build --build-base /home/coche/coche_ws/build/particle_filter/build install --record /home/coche/coche_ws/build/particle_filter/install.log --install-scripts $base/lib/particle_filter --single-version-externally-managed install_data
[4.823s] running egg_info
[4.826s] writing ../../../build/particle_filter/particle_filter.egg-info/PKG-INFO
[4.827s] writing dependency_links to ../../../build/particle_filter/particle_filter.egg-info/dependency_links.txt
[4.828s] writing entry points to ../../../build/particle_filter/particle_filter.egg-info/entry_points.txt
[4.829s] writing requirements to ../../../build/particle_filter/particle_filter.egg-info/requires.txt
[4.829s] writing top-level names to ../../../build/particle_filter/particle_filter.egg-info/top_level.txt
[4.970s] reading manifest file '../../../build/particle_filter/particle_filter.egg-info/SOURCES.txt'
[4.976s] writing manifest file '../../../build/particle_filter/particle_filter.egg-info/SOURCES.txt'
[4.976s] running build
[4.977s] running build_py
[4.978s] running install
[4.981s] running install_lib
[4.988s] running install_data
[4.991s] copying config/localize.yaml -> /home/coche/coche_ws/install/particle_filter/share/particle_filter/config
[4.992s] running install_egg_info
[4.999s] removing '/home/coche/coche_ws/install/particle_filter/lib/python3.8/site-packages/particle_filter-0.2.0-py3.8.egg-info' (and everything under it)
[5.001s] Copying ../../../build/particle_filter/particle_filter.egg-info to /home/coche/coche_ws/install/particle_filter/lib/python3.8/site-packages/particle_filter-0.2.0-py3.8.egg-info
[5.005s] running install_scripts
[5.073s] Installing particle_filter script to /home/coche/coche_ws/install/particle_filter/lib/particle_filter
[5.073s] writing list of installed files to '/home/coche/coche_ws/build/particle_filter/install.log'
[5.163s] Invoked command in '/home/coche/coche_ws/src/f1tenth_system/particle filter' returned '0': PYTHONPATH=/home/coche/coche_ws/build/particle_filter/prefix_override:/usr/lib/python3/dist-packages/colcon_core/task/python/colcon_distutils_commands:/home/coche/coche_ws/install/particle_filter/lib/python3.8/site-packages:${PYTHONPATH} /usr/bin/python3 -W ignore:setup.py install is deprecated setup.py egg_info --egg-base ../../../build/particle_filter build --build-base /home/coche/coche_ws/build/particle_filter/build install --record /home/coche/coche_ws/build/particle_filter/install.log --install-scripts $base/lib/particle_filter --single-version-externally-managed install_data
