[0.104s] Invoking command in '/home/coche/coche_ws/build/waypoint_generator': CMAKE_PREFIX_PATH=${CMAKE_PREFIX_PATH}:/home/coche/coche_ws/install/f1tenth_stack:/home/coche/coche_ws/install/ver_trayectoria:/home/coche/coche_ws/install/joy_teleop:/home/coche/coche_ws/install/stanley_avoidance:/home/coche/coche_ws/install/particle_filter:/home/coche/coche_ws/install/mouse_teleop:/home/coche/coche_ws/install/key_teleop:/opt/ros/foxy /usr/bin/cmake --build /home/coche/coche_ws/build/waypoint_generator -- -j4 -l4
[0.506s] [100%] Built target waypoint_generator
[0.586s] Invoked command in '/home/coche/coche_ws/build/waypoint_generator' returned '0': CMAKE_PREFIX_PATH=${CMAKE_PREFIX_PATH}:/home/coche/coche_ws/install/f1tenth_stack:/home/coche/coche_ws/install/ver_trayectoria:/home/coche/coche_ws/install/joy_teleop:/home/coche/coche_ws/install/stanley_avoidance:/home/coche/coche_ws/install/particle_filter:/home/coche/coche_ws/install/mouse_teleop:/home/coche/coche_ws/install/key_teleop:/opt/ros/foxy /usr/bin/cmake --build /home/coche/coche_ws/build/waypoint_generator -- -j4 -l4
[0.591s] Invoking command in '/home/coche/coche_ws/build/waypoint_generator': CMAKE_PREFIX_PATH=${CMAKE_PREFIX_PATH}:/home/coche/coche_ws/install/f1tenth_stack:/home/coche/coche_ws/install/ver_trayectoria:/home/coche/coche_ws/install/joy_teleop:/home/coche/coche_ws/install/stanley_avoidance:/home/coche/coche_ws/install/particle_filter:/home/coche/coche_ws/install/mouse_teleop:/home/coche/coche_ws/install/key_teleop:/opt/ros/foxy /usr/bin/cmake --install /home/coche/coche_ws/build/waypoint_generator
[0.644s] -- Install configuration: ""
[0.646s] -- Up-to-date: /home/coche/coche_ws/install/waypoint_generator/lib/waypoint_generator/waypoint_generator
[0.648s] -- Up-to-date: /home/coche/coche_ws/install/waypoint_generator/share/ament_index/resource_index/package_run_dependencies/waypoint_generator
[0.649s] -- Up-to-date: /home/coche/coche_ws/install/waypoint_generator/share/ament_index/resource_index/parent_prefix_path/waypoint_generator
[0.649s] -- Up-to-date: /home/coche/coche_ws/install/waypoint_generator/share/waypoint_generator/environment/ament_prefix_path.sh
[0.650s] -- Up-to-date: /home/coche/coche_ws/install/waypoint_generator/share/waypoint_generator/environment/ament_prefix_path.dsv
[0.651s] -- Up-to-date: /home/coche/coche_ws/install/waypoint_generator/share/waypoint_generator/environment/path.sh
[0.651s] -- Up-to-date: /home/coche/coche_ws/install/waypoint_generator/share/waypoint_generator/environment/path.dsv
[0.652s] -- Up-to-date: /home/coche/coche_ws/install/waypoint_generator/share/waypoint_generator/local_setup.bash
[0.652s] -- Up-to-date: /home/coche/coche_ws/install/waypoint_generator/share/waypoint_generator/local_setup.sh
[0.653s] -- Up-to-date: /home/coche/coche_ws/install/waypoint_generator/share/waypoint_generator/local_setup.zsh
[0.656s] -- Up-to-date: /home/coche/coche_ws/install/waypoint_generator/share/waypoint_generator/local_setup.dsv
[0.656s] -- Installing: /home/coche/coche_ws/install/waypoint_generator/share/waypoint_generator/package.dsv
[0.658s] -- Up-to-date: /home/coche/coche_ws/install/waypoint_generator/share/ament_index/resource_index/packages/waypoint_generator
[0.658s] -- Up-to-date: /home/coche/coche_ws/install/waypoint_generator/share/waypoint_generator/cmake/waypoint_generatorConfig.cmake
[0.659s] -- Up-to-date: /home/coche/coche_ws/install/waypoint_generator/share/waypoint_generator/cmake/waypoint_generatorConfig-version.cmake
[0.659s] -- Up-to-date: /home/coche/coche_ws/install/waypoint_generator/share/waypoint_generator/package.xml
[0.680s] Invoked command in '/home/coche/coche_ws/build/waypoint_generator' returned '0': CMAKE_PREFIX_PATH=${CMAKE_PREFIX_PATH}:/home/coche/coche_ws/install/f1tenth_stack:/home/coche/coche_ws/install/ver_trayectoria:/home/coche/coche_ws/install/joy_teleop:/home/coche/coche_ws/install/stanley_avoidance:/home/coche/coche_ws/install/particle_filter:/home/coche/coche_ws/install/mouse_teleop:/home/coche/coche_ws/install/key_teleop:/opt/ros/foxy /usr/bin/cmake --install /home/coche/coche_ws/build/waypoint_generator
