[0.139s] Invoking command in '/home/coche/coche_ws/build/bringup': CMAKE_PREFIX_PATH=${CMAKE_PREFIX_PATH}:/home/coche/coche_ws/install/f1tenth_stack:/home/coche/coche_ws/install/ver_trayectoria:/home/coche/coche_ws/install/joy_teleop:/home/coche/coche_ws/install/stanley_avoidance:/home/coche/coche_ws/install/particle_filter:/home/coche/coche_ws/install/mouse_teleop:/home/coche/coche_ws/install/key_teleop:/opt/ros/foxy /usr/bin/cmake --build /home/coche/coche_ws/build/bringup -- -j4 -l4
[0.366s] Invoked command in '/home/coche/coche_ws/build/bringup' returned '0': CMAKE_PREFIX_PATH=${CMAKE_PREFIX_PATH}:/home/coche/coche_ws/install/f1tenth_stack:/home/coche/coche_ws/install/ver_trayectoria:/home/coche/coche_ws/install/joy_teleop:/home/coche/coche_ws/install/stanley_avoidance:/home/coche/coche_ws/install/particle_filter:/home/coche/coche_ws/install/mouse_teleop:/home/coche/coche_ws/install/key_teleop:/opt/ros/foxy /usr/bin/cmake --build /home/coche/coche_ws/build/bringup -- -j4 -l4
[0.375s] Invoking command in '/home/coche/coche_ws/build/bringup': CMAKE_PREFIX_PATH=${CMAKE_PREFIX_PATH}:/home/coche/coche_ws/install/f1tenth_stack:/home/coche/coche_ws/install/ver_trayectoria:/home/coche/coche_ws/install/joy_teleop:/home/coche/coche_ws/install/stanley_avoidance:/home/coche/coche_ws/install/particle_filter:/home/coche/coche_ws/install/mouse_teleop:/home/coche/coche_ws/install/key_teleop:/opt/ros/foxy /usr/bin/cmake --install /home/coche/coche_ws/build/bringup
[0.450s] -- Install configuration: ""
[0.451s] -- Up-to-date: /home/coche/coche_ws/install/bringup/share/bringup/final_race_sim_launch.py
[0.451s] -- Installing: /home/coche/coche_ws/install/bringup/share/bringup/final_race_real_launch.py
[0.452s] -- Up-to-date: /home/coche/coche_ws/install/bringup/share/bringup/levine_sim_launch.py
[0.452s] -- Up-to-date: /home/coche/coche_ws/install/bringup/share/bringup/levine_real_launch.py
[0.463s] -- Up-to-date: /home/coche/coche_ws/install/bringup/share/ament_index/resource_index/package_run_dependencies/bringup
[0.464s] -- Up-to-date: /home/coche/coche_ws/install/bringup/share/ament_index/resource_index/parent_prefix_path/bringup
[0.464s] -- Up-to-date: /home/coche/coche_ws/install/bringup/share/bringup/environment/ament_prefix_path.sh
[0.465s] -- Up-to-date: /home/coche/coche_ws/install/bringup/share/bringup/environment/ament_prefix_path.dsv
[0.465s] -- Up-to-date: /home/coche/coche_ws/install/bringup/share/bringup/environment/path.sh
[0.465s] -- Up-to-date: /home/coche/coche_ws/install/bringup/share/bringup/environment/path.dsv
[0.466s] -- Up-to-date: /home/coche/coche_ws/install/bringup/share/bringup/local_setup.bash
[0.466s] -- Up-to-date: /home/coche/coche_ws/install/bringup/share/bringup/local_setup.sh
[0.466s] -- Up-to-date: /home/coche/coche_ws/install/bringup/share/bringup/local_setup.zsh
[0.469s] -- Up-to-date: /home/coche/coche_ws/install/bringup/share/bringup/local_setup.dsv
[0.472s] -- Installing: /home/coche/coche_ws/install/bringup/share/bringup/package.dsv
[0.475s] -- Up-to-date: /home/coche/coche_ws/install/bringup/share/ament_index/resource_index/packages/bringup
[0.476s] -- Up-to-date: /home/coche/coche_ws/install/bringup/share/bringup/cmake/bringupConfig.cmake
[0.476s] -- Up-to-date: /home/coche/coche_ws/install/bringup/share/bringup/cmake/bringupConfig-version.cmake
[0.477s] -- Up-to-date: /home/coche/coche_ws/install/bringup/share/bringup/package.xml
[0.549s] Invoked command in '/home/coche/coche_ws/build/bringup' returned '0': CMAKE_PREFIX_PATH=${CMAKE_PREFIX_PATH}:/home/coche/coche_ws/install/f1tenth_stack:/home/coche/coche_ws/install/ver_trayectoria:/home/coche/coche_ws/install/joy_teleop:/home/coche/coche_ws/install/stanley_avoidance:/home/coche/coche_ws/install/particle_filter:/home/coche/coche_ws/install/mouse_teleop:/home/coche/coche_ws/install/key_teleop:/opt/ros/foxy /usr/bin/cmake --install /home/coche/coche_ws/build/bringup
