[0.110s] Invoking command in '/home/coche/coche_ws/build/bringup': CMAKE_PREFIX_PATH=${CMAKE_PREFIX_PATH}:/home/coche/coche_ws/install/f1tenth_stack:/home/coche/coche_ws/install/joy_teleop:/home/coche/coche_ws/install/particle_filter:/home/coche/coche_ws/install/mouse_teleop:/home/coche/coche_ws/install/key_teleop:/opt/ros/foxy /usr/bin/cmake /home/coche/coche_ws/src/f1tenth_system/bringup -DCMAKE_INSTALL_PREFIX=/home/coche/coche_ws/install/bringup
[0.592s] -- The C compiler identification is GNU 9.4.0
[0.969s] -- The CXX compiler identification is GNU 9.4.0
[1.010s] -- Check for working C compiler: /usr/bin/cc
[1.403s] -- Check for working C compiler: /usr/bin/cc -- works
[1.409s] -- Detecting C compiler ABI info
[1.772s] -- Detecting C compiler ABI info - done
[1.853s] -- Detecting C compile features
[1.854s] -- Detecting C compile features - done
[1.870s] -- Check for working CXX compiler: /usr/bin/c++
[2.317s] -- Check for working CXX compiler: /usr/bin/c++ -- works
[2.323s] -- Detecting CXX compiler ABI info
[2.913s] -- Detecting CXX compiler ABI info - done
[3.003s] -- Detecting CXX compile features
[3.007s] -- Detecting CXX compile features - done
[3.022s] -- Found ament_cmake: 0.9.12 (/opt/ros/foxy/share/ament_cmake/cmake)
[3.158s] -- Found PythonInterp: /usr/bin/python3 (found suitable version "3.8.10", minimum required is "3") 
[3.159s] -- Using PYTHON_EXECUTABLE: /usr/bin/python3
[4.741s] -- Configuring done
[4.767s] -- Generating done
[4.785s] -- Build files have been written to: /home/coche/coche_ws/build/bringup
[4.809s] Invoked command in '/home/coche/coche_ws/build/bringup' returned '0': CMAKE_PREFIX_PATH=${CMAKE_PREFIX_PATH}:/home/coche/coche_ws/install/f1tenth_stack:/home/coche/coche_ws/install/joy_teleop:/home/coche/coche_ws/install/particle_filter:/home/coche/coche_ws/install/mouse_teleop:/home/coche/coche_ws/install/key_teleop:/opt/ros/foxy /usr/bin/cmake /home/coche/coche_ws/src/f1tenth_system/bringup -DCMAKE_INSTALL_PREFIX=/home/coche/coche_ws/install/bringup
[4.831s] Invoking command in '/home/coche/coche_ws/build/bringup': CMAKE_PREFIX_PATH=${CMAKE_PREFIX_PATH}:/home/coche/coche_ws/install/f1tenth_stack:/home/coche/coche_ws/install/joy_teleop:/home/coche/coche_ws/install/particle_filter:/home/coche/coche_ws/install/mouse_teleop:/home/coche/coche_ws/install/key_teleop:/opt/ros/foxy /usr/bin/cmake --build /home/coche/coche_ws/build/bringup -- -j4 -l4
[5.103s] Invoked command in '/home/coche/coche_ws/build/bringup' returned '0': CMAKE_PREFIX_PATH=${CMAKE_PREFIX_PATH}:/home/coche/coche_ws/install/f1tenth_stack:/home/coche/coche_ws/install/joy_teleop:/home/coche/coche_ws/install/particle_filter:/home/coche/coche_ws/install/mouse_teleop:/home/coche/coche_ws/install/key_teleop:/opt/ros/foxy /usr/bin/cmake --build /home/coche/coche_ws/build/bringup -- -j4 -l4
[5.117s] Invoking command in '/home/coche/coche_ws/build/bringup': CMAKE_PREFIX_PATH=${CMAKE_PREFIX_PATH}:/home/coche/coche_ws/install/f1tenth_stack:/home/coche/coche_ws/install/joy_teleop:/home/coche/coche_ws/install/particle_filter:/home/coche/coche_ws/install/mouse_teleop:/home/coche/coche_ws/install/key_teleop:/opt/ros/foxy /usr/bin/cmake --install /home/coche/coche_ws/build/bringup
[5.173s] -- Install configuration: ""
[5.175s] -- Installing: /home/coche/coche_ws/install/bringup/share/bringup/final_race_sim_launch.py
[5.176s] -- Installing: /home/coche/coche_ws/install/bringup/share/bringup/final_race_real_launch.py
[5.178s] -- Installing: /home/coche/coche_ws/install/bringup/share/bringup/levine_sim_launch.py
[5.179s] -- Installing: /home/coche/coche_ws/install/bringup/share/bringup/levine_real_launch.py
[5.181s] -- Installing: /home/coche/coche_ws/install/bringup/share/ament_index/resource_index/package_run_dependencies/bringup
[5.182s] -- Installing: /home/coche/coche_ws/install/bringup/share/ament_index/resource_index/parent_prefix_path/bringup
[5.183s] -- Installing: /home/coche/coche_ws/install/bringup/share/bringup/environment/ament_prefix_path.sh
[5.185s] -- Installing: /home/coche/coche_ws/install/bringup/share/bringup/environment/ament_prefix_path.dsv
[5.186s] -- Installing: /home/coche/coche_ws/install/bringup/share/bringup/environment/path.sh
[5.189s] -- Installing: /home/coche/coche_ws/install/bringup/share/bringup/environment/path.dsv
[5.191s] -- Installing: /home/coche/coche_ws/install/bringup/share/bringup/local_setup.bash
[5.193s] -- Installing: /home/coche/coche_ws/install/bringup/share/bringup/local_setup.sh
[5.194s] -- Installing: /home/coche/coche_ws/install/bringup/share/bringup/local_setup.zsh
[5.196s] -- Installing: /home/coche/coche_ws/install/bringup/share/bringup/local_setup.dsv
[5.198s] -- Installing: /home/coche/coche_ws/install/bringup/share/bringup/package.dsv
[5.201s] -- Installing: /home/coche/coche_ws/install/bringup/share/ament_index/resource_index/packages/bringup
[5.202s] -- Installing: /home/coche/coche_ws/install/bringup/share/bringup/cmake/bringupConfig.cmake
[5.203s] -- Installing: /home/coche/coche_ws/install/bringup/share/bringup/cmake/bringupConfig-version.cmake
[5.206s] -- Installing: /home/coche/coche_ws/install/bringup/share/bringup/package.xml
[5.218s] Invoked command in '/home/coche/coche_ws/build/bringup' returned '0': CMAKE_PREFIX_PATH=${CMAKE_PREFIX_PATH}:/home/coche/coche_ws/install/f1tenth_stack:/home/coche/coche_ws/install/joy_teleop:/home/coche/coche_ws/install/particle_filter:/home/coche/coche_ws/install/mouse_teleop:/home/coche/coche_ws/install/key_teleop:/opt/ros/foxy /usr/bin/cmake --install /home/coche/coche_ws/build/bringup
