[0.198s] Invoking command in '/home/coche/coche_ws/build/ackermann_mux': CMAKE_PREFIX_PATH=${CMAKE_PREFIX_PATH}:/home/coche/coche_ws/install/f1tenth_stack:/home/coche/coche_ws/install/joy_teleop:/home/coche/coche_ws/install/mouse_teleop:/home/coche/coche_ws/install/key_teleop:/opt/ros/foxy /usr/bin/cmake --build /home/coche/coche_ws/build/ackermann_mux -- -j4 -l4
[1.998s] [100%] Built target ackermann_mux
[2.003s] Invoked command in '/home/coche/coche_ws/build/ackermann_mux' returned '0': CMAKE_PREFIX_PATH=${CMAKE_PREFIX_PATH}:/home/coche/coche_ws/install/f1tenth_stack:/home/coche/coche_ws/install/joy_teleop:/home/coche/coche_ws/install/mouse_teleop:/home/coche/coche_ws/install/key_teleop:/opt/ros/foxy /usr/bin/cmake --build /home/coche/coche_ws/build/ackermann_mux -- -j4 -l4
[2.294s] Invoking command in '/home/coche/coche_ws/build/ackermann_mux': CMAKE_PREFIX_PATH=${CMAKE_PREFIX_PATH}:/home/coche/coche_ws/install/f1tenth_stack:/home/coche/coche_ws/install/joy_teleop:/home/coche/coche_ws/install/mouse_teleop:/home/coche/coche_ws/install/key_teleop:/opt/ros/foxy /usr/bin/cmake --install /home/coche/coche_ws/build/ackermann_mux
[2.373s] -- Install configuration: ""
[2.378s] -- Up-to-date: /home/coche/coche_ws/install/ackermann_mux/lib/ackermann_mux/ackermann_mux
[2.383s] -- Up-to-date: /home/coche/coche_ws/install/ackermann_mux/share/ackermann_mux/launch
[2.385s] -- Up-to-date: /home/coche/coche_ws/install/ackermann_mux/share/ackermann_mux/launch/ackermann_mux_launch.py
[2.387s] -- Up-to-date: /home/coche/coche_ws/install/ackermann_mux/share/ackermann_mux/config
[2.388s] -- Up-to-date: /home/coche/coche_ws/install/ackermann_mux/share/ackermann_mux/config/ackermann_mux_topics.yaml
[2.390s] -- Up-to-date: /home/coche/coche_ws/install/ackermann_mux/share/ackermann_mux/config/joystick.yaml
[2.390s] -- Up-to-date: /home/coche/coche_ws/install/ackermann_mux/share/ackermann_mux/config/ackermann_mux_locks.yaml
[2.392s] -- Up-to-date: /home/coche/coche_ws/install/ackermann_mux/include
[2.395s] -- Up-to-date: /home/coche/coche_ws/install/ackermann_mux/include/ackermann_mux
[2.396s] -- Up-to-date: /home/coche/coche_ws/install/ackermann_mux/include/ackermann_mux/ackermann_mux_diagnostics_status.hpp
[2.397s] -- Up-to-date: /home/coche/coche_ws/install/ackermann_mux/include/ackermann_mux/ackermann_mux.hpp
[2.398s] -- Up-to-date: /home/coche/coche_ws/install/ackermann_mux/include/ackermann_mux/topic_handle.hpp
[2.399s] -- Up-to-date: /home/coche/coche_ws/install/ackermann_mux/include/ackermann_mux/params_helpers.hpp
[2.400s] -- Up-to-date: /home/coche/coche_ws/install/ackermann_mux/include/ackermann_mux/ackermann_mux_diagnostics.hpp
[2.402s] -- Up-to-date: /home/coche/coche_ws/install/ackermann_mux/include/ackermann_mux/utils.hpp
[2.404s] -- Up-to-date: /home/coche/coche_ws/install/ackermann_mux/share/ament_index/resource_index/package_run_dependencies/ackermann_mux
[2.407s] -- Up-to-date: /home/coche/coche_ws/install/ackermann_mux/share/ament_index/resource_index/parent_prefix_path/ackermann_mux
[2.409s] -- Up-to-date: /home/coche/coche_ws/install/ackermann_mux/share/ackermann_mux/environment/ament_prefix_path.sh
[2.415s] -- Up-to-date: /home/coche/coche_ws/install/ackermann_mux/share/ackermann_mux/environment/ament_prefix_path.dsv
[2.420s] -- Up-to-date: /home/coche/coche_ws/install/ackermann_mux/share/ackermann_mux/environment/path.sh
[2.422s] -- Up-to-date: /home/coche/coche_ws/install/ackermann_mux/share/ackermann_mux/environment/path.dsv
[2.424s] -- Up-to-date: /home/coche/coche_ws/install/ackermann_mux/share/ackermann_mux/local_setup.bash
[2.425s] -- Up-to-date: /home/coche/coche_ws/install/ackermann_mux/share/ackermann_mux/local_setup.sh
[2.430s] -- Up-to-date: /home/coche/coche_ws/install/ackermann_mux/share/ackermann_mux/local_setup.zsh
[2.438s] -- Up-to-date: /home/coche/coche_ws/install/ackermann_mux/share/ackermann_mux/local_setup.dsv
[2.439s] -- Installing: /home/coche/coche_ws/install/ackermann_mux/share/ackermann_mux/package.dsv
[2.444s] -- Up-to-date: /home/coche/coche_ws/install/ackermann_mux/share/ament_index/resource_index/packages/ackermann_mux
[2.446s] -- Up-to-date: /home/coche/coche_ws/install/ackermann_mux/share/ackermann_mux/cmake/ament_cmake_export_include_directories-extras.cmake
[2.447s] -- Up-to-date: /home/coche/coche_ws/install/ackermann_mux/share/ackermann_mux/cmake/ament_cmake_export_dependencies-extras.cmake
[2.448s] -- Up-to-date: /home/coche/coche_ws/install/ackermann_mux/share/ackermann_mux/cmake/ackermann_muxConfig.cmake
[2.449s] -- Up-to-date: /home/coche/coche_ws/install/ackermann_mux/share/ackermann_mux/cmake/ackermann_muxConfig-version.cmake
[2.451s] -- Up-to-date: /home/coche/coche_ws/install/ackermann_mux/share/ackermann_mux/package.xml
[2.466s] Invoked command in '/home/coche/coche_ws/build/ackermann_mux' returned '0': CMAKE_PREFIX_PATH=${CMAKE_PREFIX_PATH}:/home/coche/coche_ws/install/f1tenth_stack:/home/coche/coche_ws/install/joy_teleop:/home/coche/coche_ws/install/mouse_teleop:/home/coche/coche_ws/install/key_teleop:/opt/ros/foxy /usr/bin/cmake --install /home/coche/coche_ws/build/ackermann_mux
