[5.388s] Invoking command in '/home/coche/coche_ws/src/f1tenth_system/particle filter': PYTHONPATH=/home/coche/coche_ws/build/particle_filter/prefix_override:/usr/lib/python3/dist-packages/colcon_core/task/python/colcon_distutils_commands:/home/coche/coche_ws/install/particle_filter/lib/python3.8/site-packages:${PYTHONPATH} /usr/bin/python3 -W ignore:setup.py install is deprecated -W ignore:easy_install command is deprecated setup.py egg_info --egg-base ../../../build/particle_filter build --build-base /home/coche/coche_ws/build/particle_filter/build install --record /home/coche/coche_ws/build/particle_filter/install.log --install-scripts $base/lib/particle_filter --single-version-externally-managed install_data
[6.957s] running egg_info
[6.960s] writing ../../../build/particle_filter/particle_filter.egg-info/PKG-INFO
[6.961s] writing dependency_links to ../../../build/particle_filter/particle_filter.egg-info/dependency_links.txt
[6.964s] writing entry points to ../../../build/particle_filter/particle_filter.egg-info/entry_points.txt
[6.964s] writing requirements to ../../../build/particle_filter/particle_filter.egg-info/requires.txt
[6.965s] writing top-level names to ../../../build/particle_filter/particle_filter.egg-info/top_level.txt
[7.133s] reading manifest file '../../../build/particle_filter/particle_filter.egg-info/SOURCES.txt'
[7.138s] writing manifest file '../../../build/particle_filter/particle_filter.egg-info/SOURCES.txt'
[7.139s] running build
[7.139s] running build_py
[7.143s] running install
[7.157s] running install_lib
[7.162s] running install_data
[7.169s] running install_egg_info
[7.177s] removing '/home/coche/coche_ws/install/particle_filter/lib/python3.8/site-packages/particle_filter-0.2.0-py3.8.egg-info' (and everything under it)
[7.178s] Copying ../../../build/particle_filter/particle_filter.egg-info to /home/coche/coche_ws/install/particle_filter/lib/python3.8/site-packages/particle_filter-0.2.0-py3.8.egg-info
[7.186s] running install_scripts
[7.273s] Installing particle_filter script to /home/coche/coche_ws/install/particle_filter/lib/particle_filter
[7.275s] writing list of installed files to '/home/coche/coche_ws/build/particle_filter/install.log'
[7.409s] Invoked command in '/home/coche/coche_ws/src/f1tenth_system/particle filter' returned '0': PYTHONPATH=/home/coche/coche_ws/build/particle_filter/prefix_override:/usr/lib/python3/dist-packages/colcon_core/task/python/colcon_distutils_commands:/home/coche/coche_ws/install/particle_filter/lib/python3.8/site-packages:${PYTHONPATH} /usr/bin/python3 -W ignore:setup.py install is deprecated -W ignore:easy_install command is deprecated setup.py egg_info --egg-base ../../../build/particle_filter build --build-base /home/coche/coche_ws/build/particle_filter/build install --record /home/coche/coche_ws/build/particle_filter/install.log --install-scripts $base/lib/particle_filter --single-version-externally-managed install_data
