[0.143s] Invoking command in '/home/coche/coche_ws/build/waypoint_generator': CMAKE_PREFIX_PATH=${CMAKE_PREFIX_PATH}:/home/coche/coche_ws/install/f1tenth_stack:/home/coche/coche_ws/install/ver_trayectoria:/home/coche/coche_ws/install/joy_teleop:/home/coche/coche_ws/install/stanley_avoidance:/home/coche/coche_ws/install/particle_filter:/home/coche/coche_ws/install/mouse_teleop:/home/coche/coche_ws/install/key_teleop:/opt/ros/foxy /usr/bin/cmake --build /home/coche/coche_ws/build/waypoint_generator -- -j4 -l4
[1.046s] [100%] Built target waypoint_generator
[1.223s] Invoked command in '/home/coche/coche_ws/build/waypoint_generator' returned '0': CMAKE_PREFIX_PATH=${CMAKE_PREFIX_PATH}:/home/coche/coche_ws/install/f1tenth_stack:/home/coche/coche_ws/install/ver_trayectoria:/home/coche/coche_ws/install/joy_teleop:/home/coche/coche_ws/install/stanley_avoidance:/home/coche/coche_ws/install/particle_filter:/home/coche/coche_ws/install/mouse_teleop:/home/coche/coche_ws/install/key_teleop:/opt/ros/foxy /usr/bin/cmake --build /home/coche/coche_ws/build/waypoint_generator -- -j4 -l4
[1.242s] Invoking command in '/home/coche/coche_ws/build/waypoint_generator': CMAKE_PREFIX_PATH=${CMAKE_PREFIX_PATH}:/home/coche/coche_ws/install/f1tenth_stack:/home/coche/coche_ws/install/ver_trayectoria:/home/coche/coche_ws/install/joy_teleop:/home/coche/coche_ws/install/stanley_avoidance:/home/coche/coche_ws/install/particle_filter:/home/coche/coche_ws/install/mouse_teleop:/home/coche/coche_ws/install/key_teleop:/opt/ros/foxy /usr/bin/cmake --install /home/coche/coche_ws/build/waypoint_generator
[1.342s] -- Install configuration: ""
[1.351s] -- Up-to-date: /home/coche/coche_ws/install/waypoint_generator/lib/waypoint_generator/waypoint_generator
[1.358s] -- Up-to-date: /home/coche/coche_ws/install/waypoint_generator/share/ament_index/resource_index/package_run_dependencies/waypoint_generator
[1.362s] -- Up-to-date: /home/coche/coche_ws/install/waypoint_generator/share/ament_index/resource_index/parent_prefix_path/waypoint_generator
[1.370s] -- Up-to-date: /home/coche/coche_ws/install/waypoint_generator/share/waypoint_generator/environment/ament_prefix_path.sh
[1.371s] -- Up-to-date: /home/coche/coche_ws/install/waypoint_generator/share/waypoint_generator/environment/ament_prefix_path.dsv
[1.371s] -- Up-to-date: /home/coche/coche_ws/install/waypoint_generator/share/waypoint_generator/environment/path.sh
[1.374s] -- Up-to-date: /home/coche/coche_ws/install/waypoint_generator/share/waypoint_generator/environment/path.dsv
[1.375s] -- Up-to-date: /home/coche/coche_ws/install/waypoint_generator/share/waypoint_generator/local_setup.bash
[1.376s] -- Up-to-date: /home/coche/coche_ws/install/waypoint_generator/share/waypoint_generator/local_setup.sh
[1.376s] -- Up-to-date: /home/coche/coche_ws/install/waypoint_generator/share/waypoint_generator/local_setup.zsh
[1.379s] -- Up-to-date: /home/coche/coche_ws/install/waypoint_generator/share/waypoint_generator/local_setup.dsv
[1.380s] -- Installing: /home/coche/coche_ws/install/waypoint_generator/share/waypoint_generator/package.dsv
[1.380s] -- Up-to-date: /home/coche/coche_ws/install/waypoint_generator/share/ament_index/resource_index/packages/waypoint_generator
[1.387s] -- Up-to-date: /home/coche/coche_ws/install/waypoint_generator/share/waypoint_generator/cmake/waypoint_generatorConfig.cmake
[1.400s] -- Up-to-date: /home/coche/coche_ws/install/waypoint_generator/share/waypoint_generator/cmake/waypoint_generatorConfig-version.cmake
[1.404s] -- Up-to-date: /home/coche/coche_ws/install/waypoint_generator/share/waypoint_generator/package.xml
[1.405s] Invoked command in '/home/coche/coche_ws/build/waypoint_generator' returned '0': CMAKE_PREFIX_PATH=${CMAKE_PREFIX_PATH}:/home/coche/coche_ws/install/f1tenth_stack:/home/coche/coche_ws/install/ver_trayectoria:/home/coche/coche_ws/install/joy_teleop:/home/coche/coche_ws/install/stanley_avoidance:/home/coche/coche_ws/install/particle_filter:/home/coche/coche_ws/install/mouse_teleop:/home/coche/coche_ws/install/key_teleop:/opt/ros/foxy /usr/bin/cmake --install /home/coche/coche_ws/build/waypoint_generator
