[0.091s] Invoking command in '/home/coche/coche_ws/build/gap_follow': CMAKE_PREFIX_PATH=${CMAKE_PREFIX_PATH}:/home/coche/coche_ws/install/f1tenth_stack:/home/coche/coche_ws/install/ver_trayectoria:/home/coche/coche_ws/install/joy_teleop:/home/coche/coche_ws/install/stanley_avoidance:/home/coche/coche_ws/install/particle_filter:/home/coche/coche_ws/install/mouse_teleop:/home/coche/coche_ws/install/key_teleop:/opt/ros/foxy /usr/bin/cmake --build /home/coche/coche_ws/build/gap_follow -- -j4 -l4
[0.393s] Invoked command in '/home/coche/coche_ws/build/gap_follow' returned '0': CMAKE_PREFIX_PATH=${CMAKE_PREFIX_PATH}:/home/coche/coche_ws/install/f1tenth_stack:/home/coche/coche_ws/install/ver_trayectoria:/home/coche/coche_ws/install/joy_teleop:/home/coche/coche_ws/install/stanley_avoidance:/home/coche/coche_ws/install/particle_filter:/home/coche/coche_ws/install/mouse_teleop:/home/coche/coche_ws/install/key_teleop:/opt/ros/foxy /usr/bin/cmake --build /home/coche/coche_ws/build/gap_follow -- -j4 -l4
[0.409s] Invoking command in '/home/coche/coche_ws/build/gap_follow': CMAKE_PREFIX_PATH=${CMAKE_PREFIX_PATH}:/home/coche/coche_ws/install/f1tenth_stack:/home/coche/coche_ws/install/ver_trayectoria:/home/coche/coche_ws/install/joy_teleop:/home/coche/coche_ws/install/stanley_avoidance:/home/coche/coche_ws/install/particle_filter:/home/coche/coche_ws/install/mouse_teleop:/home/coche/coche_ws/install/key_teleop:/opt/ros/foxy /usr/bin/cmake --install /home/coche/coche_ws/build/gap_follow
[0.472s] -- Install configuration: ""
[0.474s] -- Up-to-date: /home/coche/coche_ws/install/gap_follow/share/gap_follow/environment/pythonpath.sh
[0.475s] -- Up-to-date: /home/coche/coche_ws/install/gap_follow/share/gap_follow/environment/pythonpath.dsv
[0.476s] -- Up-to-date: /home/coche/coche_ws/install/gap_follow/lib/python3.8/site-packages/gap_follow
[0.478s] -- Up-to-date: /home/coche/coche_ws/install/gap_follow/lib/python3.8/site-packages/gap_follow/__init__.py
[0.722s] Listing '/home/coche/coche_ws/install/gap_follow/lib/python3.8/site-packages/gap_follow'...
[0.740s] -- Installing: /home/coche/coche_ws/install/gap_follow/lib/gap_follow/reactive_node.py
[0.740s] -- Up-to-date: /home/coche/coche_ws/install/gap_follow/lib/gap_follow/final_race_reactive_node.py
[0.741s] -- Up-to-date: /home/coche/coche_ws/install/gap_follow/share/ament_index/resource_index/package_run_dependencies/gap_follow
[0.742s] -- Up-to-date: /home/coche/coche_ws/install/gap_follow/share/ament_index/resource_index/parent_prefix_path/gap_follow
[0.743s] -- Up-to-date: /home/coche/coche_ws/install/gap_follow/share/gap_follow/environment/ament_prefix_path.sh
[0.743s] -- Up-to-date: /home/coche/coche_ws/install/gap_follow/share/gap_follow/environment/ament_prefix_path.dsv
[0.744s] -- Up-to-date: /home/coche/coche_ws/install/gap_follow/share/gap_follow/environment/path.sh
[0.744s] -- Up-to-date: /home/coche/coche_ws/install/gap_follow/share/gap_follow/environment/path.dsv
[0.745s] -- Up-to-date: /home/coche/coche_ws/install/gap_follow/share/gap_follow/local_setup.bash
[0.745s] -- Up-to-date: /home/coche/coche_ws/install/gap_follow/share/gap_follow/local_setup.sh
[0.746s] -- Up-to-date: /home/coche/coche_ws/install/gap_follow/share/gap_follow/local_setup.zsh
[0.746s] -- Up-to-date: /home/coche/coche_ws/install/gap_follow/share/gap_follow/local_setup.dsv
[0.747s] -- Installing: /home/coche/coche_ws/install/gap_follow/share/gap_follow/package.dsv
[0.747s] -- Up-to-date: /home/coche/coche_ws/install/gap_follow/share/ament_index/resource_index/packages/gap_follow
[0.747s] -- Up-to-date: /home/coche/coche_ws/install/gap_follow/share/gap_follow/cmake/gap_followConfig.cmake
[0.748s] -- Up-to-date: /home/coche/coche_ws/install/gap_follow/share/gap_follow/cmake/gap_followConfig-version.cmake
[0.748s] -- Up-to-date: /home/coche/coche_ws/install/gap_follow/share/gap_follow/package.xml
[0.760s] Invoked command in '/home/coche/coche_ws/build/gap_follow' returned '0': CMAKE_PREFIX_PATH=${CMAKE_PREFIX_PATH}:/home/coche/coche_ws/install/f1tenth_stack:/home/coche/coche_ws/install/ver_trayectoria:/home/coche/coche_ws/install/joy_teleop:/home/coche/coche_ws/install/stanley_avoidance:/home/coche/coche_ws/install/particle_filter:/home/coche/coche_ws/install/mouse_teleop:/home/coche/coche_ws/install/key_teleop:/opt/ros/foxy /usr/bin/cmake --install /home/coche/coche_ws/build/gap_follow
