-- Install configuration: ""
-- Up-to-date: /home/coche/coche_ws/install/lqr/share/lqr/environment/pythonpath.sh
-- Up-to-date: /home/coche/coche_ws/install/lqr/share/lqr/environment/pythonpath.dsv
-- Up-to-date: /home/coche/coche_ws/install/lqr/lib/python3.8/site-packages/lqr
-- Up-to-date: /home/coche/coche_ws/install/lqr/lib/python3.8/site-packages/lqr/__init__.py
Listing '/home/coche/coche_ws/install/lqr/lib/python3.8/site-packages/lqr'...
-- Up-to-date: /home/coche/coche_ws/install/lqr/lib/lqr/lqr_node.py
-- Up-to-date: /home/coche/coche_ws/install/lqr/lib/lqr/utils.py
-- Up-to-date: /home/coche/coche_ws/install/lqr/share/ament_index/resource_index/package_run_dependencies/lqr
-- Up-to-date: /home/coche/coche_ws/install/lqr/share/ament_index/resource_index/parent_prefix_path/lqr
-- Up-to-date: /home/coche/coche_ws/install/lqr/share/lqr/environment/ament_prefix_path.sh
-- Up-to-date: /home/coche/coche_ws/install/lqr/share/lqr/environment/ament_prefix_path.dsv
-- Up-to-date: /home/coche/coche_ws/install/lqr/share/lqr/environment/path.sh
-- Up-to-date: /home/coche/coche_ws/install/lqr/share/lqr/environment/path.dsv
-- Up-to-date: /home/coche/coche_ws/install/lqr/share/lqr/local_setup.bash
-- Up-to-date: /home/coche/coche_ws/install/lqr/share/lqr/local_setup.sh
-- Up-to-date: /home/coche/coche_ws/install/lqr/share/lqr/local_setup.zsh
-- Up-to-date: /home/coche/coche_ws/install/lqr/share/lqr/local_setup.dsv
-- Installing: /home/coche/coche_ws/install/lqr/share/lqr/package.dsv
-- Up-to-date: /home/coche/coche_ws/install/lqr/share/ament_index/resource_index/packages/lqr
-- Up-to-date: /home/coche/coche_ws/install/lqr/share/lqr/cmake/lqrConfig.cmake
-- Up-to-date: /home/coche/coche_ws/install/lqr/share/lqr/cmake/lqrConfig-version.cmake
-- Up-to-date: /home/coche/coche_ws/install/lqr/share/lqr/package.xml
