[0.244s] Invoking command in '/home/coche/coche_ws/build/gap_follow': CMAKE_PREFIX_PATH=${CMAKE_PREFIX_PATH}:/home/coche/coche_ws/install/f1tenth_stack:/home/coche/coche_ws/install/ver_trayectoria:/home/coche/coche_ws/install/joy_teleop:/home/coche/coche_ws/install/stanley_avoidance:/home/coche/coche_ws/install/particle_filter:/home/coche/coche_ws/install/mouse_teleop:/home/coche/coche_ws/install/key_teleop:/opt/ros/foxy /usr/bin/cmake --build /home/coche/coche_ws/build/gap_follow -- -j4 -l4
[1.683s] Invoked command in '/home/coche/coche_ws/build/gap_follow' returned '0': CMAKE_PREFIX_PATH=${CMAKE_PREFIX_PATH}:/home/coche/coche_ws/install/f1tenth_stack:/home/coche/coche_ws/install/ver_trayectoria:/home/coche/coche_ws/install/joy_teleop:/home/coche/coche_ws/install/stanley_avoidance:/home/coche/coche_ws/install/particle_filter:/home/coche/coche_ws/install/mouse_teleop:/home/coche/coche_ws/install/key_teleop:/opt/ros/foxy /usr/bin/cmake --build /home/coche/coche_ws/build/gap_follow -- -j4 -l4
[1.692s] Invoking command in '/home/coche/coche_ws/build/gap_follow': CMAKE_PREFIX_PATH=${CMAKE_PREFIX_PATH}:/home/coche/coche_ws/install/f1tenth_stack:/home/coche/coche_ws/install/ver_trayectoria:/home/coche/coche_ws/install/joy_teleop:/home/coche/coche_ws/install/stanley_avoidance:/home/coche/coche_ws/install/particle_filter:/home/coche/coche_ws/install/mouse_teleop:/home/coche/coche_ws/install/key_teleop:/opt/ros/foxy /usr/bin/cmake --install /home/coche/coche_ws/build/gap_follow
[1.824s] -- Install configuration: ""
[1.825s] -- Up-to-date: /home/coche/coche_ws/install/gap_follow/share/gap_follow/environment/pythonpath.sh
[1.826s] -- Up-to-date: /home/coche/coche_ws/install/gap_follow/share/gap_follow/environment/pythonpath.dsv
[1.826s] -- Up-to-date: /home/coche/coche_ws/install/gap_follow/lib/python3.8/site-packages/gap_follow
[1.827s] -- Up-to-date: /home/coche/coche_ws/install/gap_follow/lib/python3.8/site-packages/gap_follow/__init__.py
[1.941s] Listing '/home/coche/coche_ws/install/gap_follow/lib/python3.8/site-packages/gap_follow'...
[1.970s] -- Up-to-date: /home/coche/coche_ws/install/gap_follow/lib/gap_follow/reactive_node.py
[1.971s] -- Up-to-date: /home/coche/coche_ws/install/gap_follow/lib/gap_follow/final_race_reactive_node.py
[1.971s] -- Up-to-date: /home/coche/coche_ws/install/gap_follow/share/ament_index/resource_index/package_run_dependencies/gap_follow
[1.972s] -- Up-to-date: /home/coche/coche_ws/install/gap_follow/share/ament_index/resource_index/parent_prefix_path/gap_follow
[1.974s] -- Up-to-date: /home/coche/coche_ws/install/gap_follow/share/gap_follow/environment/ament_prefix_path.sh
[1.974s] -- Up-to-date: /home/coche/coche_ws/install/gap_follow/share/gap_follow/environment/ament_prefix_path.dsv
[1.975s] -- Up-to-date: /home/coche/coche_ws/install/gap_follow/share/gap_follow/environment/path.sh
[1.977s] -- Up-to-date: /home/coche/coche_ws/install/gap_follow/share/gap_follow/environment/path.dsv
[1.977s] -- Up-to-date: /home/coche/coche_ws/install/gap_follow/share/gap_follow/local_setup.bash
[1.978s] -- Up-to-date: /home/coche/coche_ws/install/gap_follow/share/gap_follow/local_setup.sh
[1.987s] -- Up-to-date: /home/coche/coche_ws/install/gap_follow/share/gap_follow/local_setup.zsh
[1.988s] -- Up-to-date: /home/coche/coche_ws/install/gap_follow/share/gap_follow/local_setup.dsv
[1.988s] -- Installing: /home/coche/coche_ws/install/gap_follow/share/gap_follow/package.dsv
[1.988s] -- Up-to-date: /home/coche/coche_ws/install/gap_follow/share/ament_index/resource_index/packages/gap_follow
[1.992s] -- Up-to-date: /home/coche/coche_ws/install/gap_follow/share/gap_follow/cmake/gap_followConfig.cmake
[1.992s] -- Up-to-date: /home/coche/coche_ws/install/gap_follow/share/gap_follow/cmake/gap_followConfig-version.cmake
[1.992s] -- Up-to-date: /home/coche/coche_ws/install/gap_follow/share/gap_follow/package.xml
[2.004s] Invoked command in '/home/coche/coche_ws/build/gap_follow' returned '0': CMAKE_PREFIX_PATH=${CMAKE_PREFIX_PATH}:/home/coche/coche_ws/install/f1tenth_stack:/home/coche/coche_ws/install/ver_trayectoria:/home/coche/coche_ws/install/joy_teleop:/home/coche/coche_ws/install/stanley_avoidance:/home/coche/coche_ws/install/particle_filter:/home/coche/coche_ws/install/mouse_teleop:/home/coche/coche_ws/install/key_teleop:/opt/ros/foxy /usr/bin/cmake --install /home/coche/coche_ws/build/gap_follow
