[0.102s] Invoking command in '/home/coche/coche_ws/build/wall_follow': CMAKE_PREFIX_PATH=${CMAKE_PREFIX_PATH}:/home/coche/coche_ws/install/f1tenth_stack:/home/coche/coche_ws/install/ver_trayectoria:/home/coche/coche_ws/install/joy_teleop:/home/coche/coche_ws/install/stanley_avoidance:/home/coche/coche_ws/install/particle_filter:/home/coche/coche_ws/install/mouse_teleop:/home/coche/coche_ws/install/key_teleop:/opt/ros/foxy /usr/bin/cmake --build /home/coche/coche_ws/build/wall_follow -- -j4 -l4
[0.350s] Invoked command in '/home/coche/coche_ws/build/wall_follow' returned '0': CMAKE_PREFIX_PATH=${CMAKE_PREFIX_PATH}:/home/coche/coche_ws/install/f1tenth_stack:/home/coche/coche_ws/install/ver_trayectoria:/home/coche/coche_ws/install/joy_teleop:/home/coche/coche_ws/install/stanley_avoidance:/home/coche/coche_ws/install/particle_filter:/home/coche/coche_ws/install/mouse_teleop:/home/coche/coche_ws/install/key_teleop:/opt/ros/foxy /usr/bin/cmake --build /home/coche/coche_ws/build/wall_follow -- -j4 -l4
[0.368s] Invoking command in '/home/coche/coche_ws/build/wall_follow': CMAKE_PREFIX_PATH=${CMAKE_PREFIX_PATH}:/home/coche/coche_ws/install/f1tenth_stack:/home/coche/coche_ws/install/ver_trayectoria:/home/coche/coche_ws/install/joy_teleop:/home/coche/coche_ws/install/stanley_avoidance:/home/coche/coche_ws/install/particle_filter:/home/coche/coche_ws/install/mouse_teleop:/home/coche/coche_ws/install/key_teleop:/opt/ros/foxy /usr/bin/cmake --install /home/coche/coche_ws/build/wall_follow
[0.420s] -- Install configuration: ""
[0.421s] -- Up-to-date: /home/coche/coche_ws/install/wall_follow/share/wall_follow/environment/pythonpath.sh
[0.421s] -- Up-to-date: /home/coche/coche_ws/install/wall_follow/share/wall_follow/environment/pythonpath.dsv
[0.422s] -- Up-to-date: /home/coche/coche_ws/install/wall_follow/lib/python3.8/site-packages/wall_follow
[0.422s] -- Up-to-date: /home/coche/coche_ws/install/wall_follow/lib/python3.8/site-packages/wall_follow/__init__.py
[0.602s] Listing '/home/coche/coche_ws/install/wall_follow/lib/python3.8/site-packages/wall_follow'...
[0.620s] -- Up-to-date: /home/coche/coche_ws/install/wall_follow/lib/wall_follow/wall_follow_node.py
[0.620s] -- Up-to-date: /home/coche/coche_ws/install/wall_follow/share/ament_index/resource_index/package_run_dependencies/wall_follow
[0.621s] -- Up-to-date: /home/coche/coche_ws/install/wall_follow/share/ament_index/resource_index/parent_prefix_path/wall_follow
[0.621s] -- Up-to-date: /home/coche/coche_ws/install/wall_follow/share/wall_follow/environment/ament_prefix_path.sh
[0.621s] -- Up-to-date: /home/coche/coche_ws/install/wall_follow/share/wall_follow/environment/ament_prefix_path.dsv
[0.622s] -- Up-to-date: /home/coche/coche_ws/install/wall_follow/share/wall_follow/environment/path.sh
[0.622s] -- Up-to-date: /home/coche/coche_ws/install/wall_follow/share/wall_follow/environment/path.dsv
[0.623s] -- Up-to-date: /home/coche/coche_ws/install/wall_follow/share/wall_follow/local_setup.bash
[0.623s] -- Up-to-date: /home/coche/coche_ws/install/wall_follow/share/wall_follow/local_setup.sh
[0.623s] -- Up-to-date: /home/coche/coche_ws/install/wall_follow/share/wall_follow/local_setup.zsh
[0.624s] -- Up-to-date: /home/coche/coche_ws/install/wall_follow/share/wall_follow/local_setup.dsv
[0.625s] -- Installing: /home/coche/coche_ws/install/wall_follow/share/wall_follow/package.dsv
[0.625s] -- Up-to-date: /home/coche/coche_ws/install/wall_follow/share/ament_index/resource_index/packages/wall_follow
[0.625s] -- Up-to-date: /home/coche/coche_ws/install/wall_follow/share/wall_follow/cmake/wall_followConfig.cmake
[0.626s] -- Up-to-date: /home/coche/coche_ws/install/wall_follow/share/wall_follow/cmake/wall_followConfig-version.cmake
[0.626s] -- Up-to-date: /home/coche/coche_ws/install/wall_follow/share/wall_follow/package.xml
[0.640s] Invoked command in '/home/coche/coche_ws/build/wall_follow' returned '0': CMAKE_PREFIX_PATH=${CMAKE_PREFIX_PATH}:/home/coche/coche_ws/install/f1tenth_stack:/home/coche/coche_ws/install/ver_trayectoria:/home/coche/coche_ws/install/joy_teleop:/home/coche/coche_ws/install/stanley_avoidance:/home/coche/coche_ws/install/particle_filter:/home/coche/coche_ws/install/mouse_teleop:/home/coche/coche_ws/install/key_teleop:/opt/ros/foxy /usr/bin/cmake --install /home/coche/coche_ws/build/wall_follow
