[4.624s] Invoking command in '/home/coche/coche_ws/src/f1tenth_system/particle filter': PYTHONPATH=/home/coche/coche_ws/build/particle_filter/prefix_override:/usr/lib/python3/dist-packages/colcon_core/task/python/colcon_distutils_commands:/home/coche/coche_ws/install/particle_filter/lib/python3.8/site-packages:${PYTHONPATH} /usr/bin/python3 -W ignore:setup.py install is deprecated setup.py egg_info --egg-base ../../../build/particle_filter build --build-base /home/coche/coche_ws/build/particle_filter/build install --record /home/coche/coche_ws/build/particle_filter/install.log --install-scripts $base/lib/particle_filter --single-version-externally-managed install_data
[5.839s] running egg_info
[5.842s] writing ../../../build/particle_filter/particle_filter.egg-info/PKG-INFO
[5.843s] writing dependency_links to ../../../build/particle_filter/particle_filter.egg-info/dependency_links.txt
[5.844s] writing entry points to ../../../build/particle_filter/particle_filter.egg-info/entry_points.txt
[5.845s] writing requirements to ../../../build/particle_filter/particle_filter.egg-info/requires.txt
[5.845s] writing top-level names to ../../../build/particle_filter/particle_filter.egg-info/top_level.txt
[5.985s] reading manifest file '../../../build/particle_filter/particle_filter.egg-info/SOURCES.txt'
[5.990s] writing manifest file '../../../build/particle_filter/particle_filter.egg-info/SOURCES.txt'
[5.990s] running build
[5.991s] running build_py
[5.993s] running install
[5.996s] running install_lib
[6.004s] running install_data
[6.006s] copying maps/prueba2.yaml -> /home/coche/coche_ws/install/particle_filter/share/particle_filter/maps
[6.007s] copying maps/prueba2.pgm -> /home/coche/coche_ws/install/particle_filter/share/particle_filter/maps
[6.010s] copying config/localize.yaml -> /home/coche/coche_ws/install/particle_filter/share/particle_filter/config
[6.011s] running install_egg_info
[6.018s] removing '/home/coche/coche_ws/install/particle_filter/lib/python3.8/site-packages/particle_filter-0.2.0-py3.8.egg-info' (and everything under it)
[6.020s] Copying ../../../build/particle_filter/particle_filter.egg-info to /home/coche/coche_ws/install/particle_filter/lib/python3.8/site-packages/particle_filter-0.2.0-py3.8.egg-info
[6.025s] running install_scripts
[6.092s] Installing particle_filter script to /home/coche/coche_ws/install/particle_filter/lib/particle_filter
[6.094s] writing list of installed files to '/home/coche/coche_ws/build/particle_filter/install.log'
[6.186s] Invoked command in '/home/coche/coche_ws/src/f1tenth_system/particle filter' returned '0': PYTHONPATH=/home/coche/coche_ws/build/particle_filter/prefix_override:/usr/lib/python3/dist-packages/colcon_core/task/python/colcon_distutils_commands:/home/coche/coche_ws/install/particle_filter/lib/python3.8/site-packages:${PYTHONPATH} /usr/bin/python3 -W ignore:setup.py install is deprecated setup.py egg_info --egg-base ../../../build/particle_filter build --build-base /home/coche/coche_ws/build/particle_filter/build install --record /home/coche/coche_ws/build/particle_filter/install.log --install-scripts $base/lib/particle_filter --single-version-externally-managed install_data
