[0.184s] Invoking command in '/home/coche/coche_ws/build/ackermann_mux': CMAKE_PREFIX_PATH=${CMAKE_PREFIX_PATH}:/home/coche/coche_ws/install/f1tenth_stack:/home/coche/coche_ws/install/joy_teleop:/home/coche/coche_ws/install/mouse_teleop:/home/coche/coche_ws/install/key_teleop:/opt/ros/foxy /usr/bin/cmake --build /home/coche/coche_ws/build/ackermann_mux -- -j4 -l4
[1.677s] [100%] Built target ackermann_mux
[1.679s] Invoked command in '/home/coche/coche_ws/build/ackermann_mux' returned '0': CMAKE_PREFIX_PATH=${CMAKE_PREFIX_PATH}:/home/coche/coche_ws/install/f1tenth_stack:/home/coche/coche_ws/install/joy_teleop:/home/coche/coche_ws/install/mouse_teleop:/home/coche/coche_ws/install/key_teleop:/opt/ros/foxy /usr/bin/cmake --build /home/coche/coche_ws/build/ackermann_mux -- -j4 -l4
[1.900s] Invoking command in '/home/coche/coche_ws/build/ackermann_mux': CMAKE_PREFIX_PATH=${CMAKE_PREFIX_PATH}:/home/coche/coche_ws/install/f1tenth_stack:/home/coche/coche_ws/install/joy_teleop:/home/coche/coche_ws/install/mouse_teleop:/home/coche/coche_ws/install/key_teleop:/opt/ros/foxy /usr/bin/cmake --install /home/coche/coche_ws/build/ackermann_mux
[1.944s] -- Install configuration: ""
[1.948s] -- Up-to-date: /home/coche/coche_ws/install/ackermann_mux/lib/ackermann_mux/ackermann_mux
[1.949s] -- Up-to-date: /home/coche/coche_ws/install/ackermann_mux/share/ackermann_mux/launch
[1.950s] -- Up-to-date: /home/coche/coche_ws/install/ackermann_mux/share/ackermann_mux/launch/ackermann_mux_launch.py
[1.950s] -- Up-to-date: /home/coche/coche_ws/install/ackermann_mux/share/ackermann_mux/config
[1.950s] -- Up-to-date: /home/coche/coche_ws/install/ackermann_mux/share/ackermann_mux/config/ackermann_mux_topics.yaml
[1.951s] -- Up-to-date: /home/coche/coche_ws/install/ackermann_mux/share/ackermann_mux/config/joystick.yaml
[1.951s] -- Up-to-date: /home/coche/coche_ws/install/ackermann_mux/share/ackermann_mux/config/ackermann_mux_locks.yaml
[1.951s] -- Up-to-date: /home/coche/coche_ws/install/ackermann_mux/include
[1.953s] -- Up-to-date: /home/coche/coche_ws/install/ackermann_mux/include/ackermann_mux
[1.953s] -- Up-to-date: /home/coche/coche_ws/install/ackermann_mux/include/ackermann_mux/ackermann_mux_diagnostics_status.hpp
[1.954s] -- Up-to-date: /home/coche/coche_ws/install/ackermann_mux/include/ackermann_mux/ackermann_mux.hpp
[1.955s] -- Up-to-date: /home/coche/coche_ws/install/ackermann_mux/include/ackermann_mux/topic_handle.hpp
[1.955s] -- Up-to-date: /home/coche/coche_ws/install/ackermann_mux/include/ackermann_mux/params_helpers.hpp
[1.956s] -- Up-to-date: /home/coche/coche_ws/install/ackermann_mux/include/ackermann_mux/ackermann_mux_diagnostics.hpp
[1.956s] -- Up-to-date: /home/coche/coche_ws/install/ackermann_mux/include/ackermann_mux/utils.hpp
[1.957s] -- Up-to-date: /home/coche/coche_ws/install/ackermann_mux/share/ament_index/resource_index/package_run_dependencies/ackermann_mux
[1.957s] -- Up-to-date: /home/coche/coche_ws/install/ackermann_mux/share/ament_index/resource_index/parent_prefix_path/ackermann_mux
[1.958s] -- Up-to-date: /home/coche/coche_ws/install/ackermann_mux/share/ackermann_mux/environment/ament_prefix_path.sh
[1.959s] -- Up-to-date: /home/coche/coche_ws/install/ackermann_mux/share/ackermann_mux/environment/ament_prefix_path.dsv
[1.960s] -- Up-to-date: /home/coche/coche_ws/install/ackermann_mux/share/ackermann_mux/environment/path.sh
[1.962s] -- Up-to-date: /home/coche/coche_ws/install/ackermann_mux/share/ackermann_mux/environment/path.dsv
[1.964s] -- Up-to-date: /home/coche/coche_ws/install/ackermann_mux/share/ackermann_mux/local_setup.bash
[1.965s] -- Up-to-date: /home/coche/coche_ws/install/ackermann_mux/share/ackermann_mux/local_setup.sh
[1.965s] -- Up-to-date: /home/coche/coche_ws/install/ackermann_mux/share/ackermann_mux/local_setup.zsh
[1.965s] -- Up-to-date: /home/coche/coche_ws/install/ackermann_mux/share/ackermann_mux/local_setup.dsv
[1.966s] -- Installing: /home/coche/coche_ws/install/ackermann_mux/share/ackermann_mux/package.dsv
[1.966s] -- Up-to-date: /home/coche/coche_ws/install/ackermann_mux/share/ament_index/resource_index/packages/ackermann_mux
[1.966s] -- Up-to-date: /home/coche/coche_ws/install/ackermann_mux/share/ackermann_mux/cmake/ament_cmake_export_include_directories-extras.cmake
[1.967s] -- Up-to-date: /home/coche/coche_ws/install/ackermann_mux/share/ackermann_mux/cmake/ament_cmake_export_dependencies-extras.cmake
[1.967s] -- Up-to-date: /home/coche/coche_ws/install/ackermann_mux/share/ackermann_mux/cmake/ackermann_muxConfig.cmake
[1.967s] -- Up-to-date: /home/coche/coche_ws/install/ackermann_mux/share/ackermann_mux/cmake/ackermann_muxConfig-version.cmake
[1.968s] -- Up-to-date: /home/coche/coche_ws/install/ackermann_mux/share/ackermann_mux/package.xml
[1.977s] Invoked command in '/home/coche/coche_ws/build/ackermann_mux' returned '0': CMAKE_PREFIX_PATH=${CMAKE_PREFIX_PATH}:/home/coche/coche_ws/install/f1tenth_stack:/home/coche/coche_ws/install/joy_teleop:/home/coche/coche_ws/install/mouse_teleop:/home/coche/coche_ws/install/key_teleop:/opt/ros/foxy /usr/bin/cmake --install /home/coche/coche_ws/build/ackermann_mux
