[5.166s] Invoking command in '/home/coche/coche_ws/src/f1tenth_system/stanley_avoidance': PYTHONPATH=/home/coche/coche_ws/build/stanley_avoidance/prefix_override:/usr/lib/python3/dist-packages/colcon_core/task/python/colcon_distutils_commands:/home/coche/coche_ws/install/stanley_avoidance/lib/python3.8/site-packages:${PYTHONPATH} /usr/bin/python3 -W ignore:setup.py install is deprecated -W ignore:easy_install command is deprecated setup.py egg_info --egg-base ../../../build/stanley_avoidance build --build-base /home/coche/coche_ws/build/stanley_avoidance/build install --record /home/coche/coche_ws/build/stanley_avoidance/install.log --install-scripts $base/lib/stanley_avoidance --single-version-externally-managed install_data
[6.166s] running egg_info
[6.169s] writing ../../../build/stanley_avoidance/stanley_avoidance.egg-info/PKG-INFO
[6.170s] writing dependency_links to ../../../build/stanley_avoidance/stanley_avoidance.egg-info/dependency_links.txt
[6.171s] writing entry points to ../../../build/stanley_avoidance/stanley_avoidance.egg-info/entry_points.txt
[6.171s] writing requirements to ../../../build/stanley_avoidance/stanley_avoidance.egg-info/requires.txt
[6.172s] writing top-level names to ../../../build/stanley_avoidance/stanley_avoidance.egg-info/top_level.txt
[6.321s] reading manifest file '../../../build/stanley_avoidance/stanley_avoidance.egg-info/SOURCES.txt'
[6.325s] writing manifest file '../../../build/stanley_avoidance/stanley_avoidance.egg-info/SOURCES.txt'
[6.326s] running build
[6.327s] running build_py
[6.328s] running install
[6.332s] running install_lib
[6.341s] running install_data
[6.342s] running install_egg_info
[6.349s] removing '/home/coche/coche_ws/install/stanley_avoidance/lib/python3.8/site-packages/stanley_avoidance-0.0.0-py3.8.egg-info' (and everything under it)
[6.352s] Copying ../../../build/stanley_avoidance/stanley_avoidance.egg-info to /home/coche/coche_ws/install/stanley_avoidance/lib/python3.8/site-packages/stanley_avoidance-0.0.0-py3.8.egg-info
[6.357s] running install_scripts
[6.428s] Installing stanley_avoidance script to /home/coche/coche_ws/install/stanley_avoidance/lib/stanley_avoidance
[6.429s] writing list of installed files to '/home/coche/coche_ws/build/stanley_avoidance/install.log'
[6.561s] Invoked command in '/home/coche/coche_ws/src/f1tenth_system/stanley_avoidance' returned '0': PYTHONPATH=/home/coche/coche_ws/build/stanley_avoidance/prefix_override:/usr/lib/python3/dist-packages/colcon_core/task/python/colcon_distutils_commands:/home/coche/coche_ws/install/stanley_avoidance/lib/python3.8/site-packages:${PYTHONPATH} /usr/bin/python3 -W ignore:setup.py install is deprecated -W ignore:easy_install command is deprecated setup.py egg_info --egg-base ../../../build/stanley_avoidance build --build-base /home/coche/coche_ws/build/stanley_avoidance/build install --record /home/coche/coche_ws/build/stanley_avoidance/install.log --install-scripts $base/lib/stanley_avoidance --single-version-externally-managed install_data
