-- The C compiler identification is GNU 9.4.0
-- The CXX compiler identification is GNU 9.4.0
-- Check for working C compiler: /usr/bin/cc
-- Check for working C compiler: /usr/bin/cc -- works
-- Detecting C compiler ABI info
-- Detecting C compiler ABI info - done
-- Detecting C compile features
-- Detecting C compile features - done
-- Check for working CXX compiler: /usr/bin/c++
-- Check for working CXX compiler: /usr/bin/c++ -- works
-- Detecting CXX compiler ABI info
-- Detecting CXX compiler ABI info - done
-- Detecting CXX compile features
-- Detecting CXX compile features - done
-- Found ament_cmake: 0.9.12 (/opt/ros/foxy/share/ament_cmake/cmake)
-- Found PythonInterp: /usr/bin/python3 (found suitable version "3.8.10", minimum required is "3") 
-- Using PYTHON_EXECUTABLE: /usr/bin/python3
-- Configuring done
-- Generating done
-- Build files have been written to: /home/coche/coche_ws/build/launchers
-- Install configuration: ""
-- Installing: /home/coche/coche_ws/install/launchers/share/launchers/launch
-- Installing: /home/coche/coche_ws/install/launchers/share/launchers/launch/reactive_mpc.launch.py
-- Installing: /home/coche/coche_ws/install/launchers/share/launchers/launch/reactive_pp.launch.py
-- Installing: /home/coche/coche_ws/install/launchers/share/launchers/launch/gap_follow.launch.py
-- Installing: /home/coche/coche_ws/install/launchers/share/launchers/launch/mpc.launch.py
-- Installing: /home/coche/coche_ws/install/launchers/share/launchers/launch/pp.launch.py
-- Installing: /home/coche/coche_ws/install/launchers/share/ament_index/resource_index/package_run_dependencies/launchers
-- Installing: /home/coche/coche_ws/install/launchers/share/ament_index/resource_index/parent_prefix_path/launchers
-- Installing: /home/coche/coche_ws/install/launchers/share/launchers/environment/ament_prefix_path.sh
-- Installing: /home/coche/coche_ws/install/launchers/share/launchers/environment/ament_prefix_path.dsv
-- Installing: /home/coche/coche_ws/install/launchers/share/launchers/environment/path.sh
-- Installing: /home/coche/coche_ws/install/launchers/share/launchers/environment/path.dsv
-- Installing: /home/coche/coche_ws/install/launchers/share/launchers/local_setup.bash
-- Installing: /home/coche/coche_ws/install/launchers/share/launchers/local_setup.sh
-- Installing: /home/coche/coche_ws/install/launchers/share/launchers/local_setup.zsh
-- Installing: /home/coche/coche_ws/install/launchers/share/launchers/local_setup.dsv
-- Installing: /home/coche/coche_ws/install/launchers/share/launchers/package.dsv
-- Installing: /home/coche/coche_ws/install/launchers/share/ament_index/resource_index/packages/launchers
-- Installing: /home/coche/coche_ws/install/launchers/share/launchers/cmake/launchersConfig.cmake
-- Installing: /home/coche/coche_ws/install/launchers/share/launchers/cmake/launchersConfig-version.cmake
-- Installing: /home/coche/coche_ws/install/launchers/share/launchers/package.xml
