[0.085s] Invoking command in '/home/coche/coche_ws/build/launchers': CMAKE_PREFIX_PATH=${CMAKE_PREFIX_PATH}:/home/coche/coche_ws/install/f1tenth_stack:/home/coche/coche_ws/install/ver_trayectoria:/home/coche/coche_ws/install/joy_teleop:/home/coche/coche_ws/install/stanley_avoidance:/home/coche/coche_ws/install/particle_filter:/home/coche/coche_ws/install/mouse_teleop:/home/coche/coche_ws/install/key_teleop:/opt/ros/foxy /usr/bin/cmake /home/coche/coche_ws/src/f1tenth_system/launchers -DCMAKE_INSTALL_PREFIX=/home/coche/coche_ws/install/launchers
[0.611s] -- The C compiler identification is GNU 9.4.0
[1.038s] -- The CXX compiler identification is GNU 9.4.0
[1.067s] -- Check for working C compiler: /usr/bin/cc
[1.525s] -- Check for working C compiler: /usr/bin/cc -- works
[1.534s] -- Detecting C compiler ABI info
[1.993s] -- Detecting C compiler ABI info - done
[2.057s] -- Detecting C compile features
[2.061s] -- Detecting C compile features - done
[2.077s] -- Check for working CXX compiler: /usr/bin/c++
[2.531s] -- Check for working CXX compiler: /usr/bin/c++ -- works
[2.536s] -- Detecting CXX compiler ABI info
[2.947s] -- Detecting CXX compiler ABI info - done
[3.017s] -- Detecting CXX compile features
[3.019s] -- Detecting CXX compile features - done
[3.044s] -- Found ament_cmake: 0.9.12 (/opt/ros/foxy/share/ament_cmake/cmake)
[3.197s] -- Found PythonInterp: /usr/bin/python3 (found suitable version "3.8.10", minimum required is "3") 
[3.198s] -- Using PYTHON_EXECUTABLE: /usr/bin/python3
[4.808s] -- Configuring done
[4.821s] -- Generating done
[4.832s] -- Build files have been written to: /home/coche/coche_ws/build/launchers
[4.888s] Invoked command in '/home/coche/coche_ws/build/launchers' returned '0': CMAKE_PREFIX_PATH=${CMAKE_PREFIX_PATH}:/home/coche/coche_ws/install/f1tenth_stack:/home/coche/coche_ws/install/ver_trayectoria:/home/coche/coche_ws/install/joy_teleop:/home/coche/coche_ws/install/stanley_avoidance:/home/coche/coche_ws/install/particle_filter:/home/coche/coche_ws/install/mouse_teleop:/home/coche/coche_ws/install/key_teleop:/opt/ros/foxy /usr/bin/cmake /home/coche/coche_ws/src/f1tenth_system/launchers -DCMAKE_INSTALL_PREFIX=/home/coche/coche_ws/install/launchers
[4.907s] Invoking command in '/home/coche/coche_ws/build/launchers': CMAKE_PREFIX_PATH=${CMAKE_PREFIX_PATH}:/home/coche/coche_ws/install/f1tenth_stack:/home/coche/coche_ws/install/ver_trayectoria:/home/coche/coche_ws/install/joy_teleop:/home/coche/coche_ws/install/stanley_avoidance:/home/coche/coche_ws/install/particle_filter:/home/coche/coche_ws/install/mouse_teleop:/home/coche/coche_ws/install/key_teleop:/opt/ros/foxy /usr/bin/cmake --build /home/coche/coche_ws/build/launchers -- -j4 -l4
[5.090s] Invoked command in '/home/coche/coche_ws/build/launchers' returned '0': CMAKE_PREFIX_PATH=${CMAKE_PREFIX_PATH}:/home/coche/coche_ws/install/f1tenth_stack:/home/coche/coche_ws/install/ver_trayectoria:/home/coche/coche_ws/install/joy_teleop:/home/coche/coche_ws/install/stanley_avoidance:/home/coche/coche_ws/install/particle_filter:/home/coche/coche_ws/install/mouse_teleop:/home/coche/coche_ws/install/key_teleop:/opt/ros/foxy /usr/bin/cmake --build /home/coche/coche_ws/build/launchers -- -j4 -l4
[5.104s] Invoking command in '/home/coche/coche_ws/build/launchers': CMAKE_PREFIX_PATH=${CMAKE_PREFIX_PATH}:/home/coche/coche_ws/install/f1tenth_stack:/home/coche/coche_ws/install/ver_trayectoria:/home/coche/coche_ws/install/joy_teleop:/home/coche/coche_ws/install/stanley_avoidance:/home/coche/coche_ws/install/particle_filter:/home/coche/coche_ws/install/mouse_teleop:/home/coche/coche_ws/install/key_teleop:/opt/ros/foxy /usr/bin/cmake --install /home/coche/coche_ws/build/launchers
[5.152s] -- Install configuration: ""
[5.153s] -- Installing: /home/coche/coche_ws/install/launchers/share/launchers/launch
[5.153s] -- Installing: /home/coche/coche_ws/install/launchers/share/launchers/launch/reactive_mpc.launch.py
[5.154s] -- Installing: /home/coche/coche_ws/install/launchers/share/launchers/launch/reactive_pp.launch.py
[5.154s] -- Installing: /home/coche/coche_ws/install/launchers/share/launchers/launch/gap_follow.launch.py
[5.155s] -- Installing: /home/coche/coche_ws/install/launchers/share/launchers/launch/mpc.launch.py
[5.156s] -- Installing: /home/coche/coche_ws/install/launchers/share/launchers/launch/pp.launch.py
[5.157s] -- Installing: /home/coche/coche_ws/install/launchers/share/ament_index/resource_index/package_run_dependencies/launchers
[5.158s] -- Installing: /home/coche/coche_ws/install/launchers/share/ament_index/resource_index/parent_prefix_path/launchers
[5.159s] -- Installing: /home/coche/coche_ws/install/launchers/share/launchers/environment/ament_prefix_path.sh
[5.160s] -- Installing: /home/coche/coche_ws/install/launchers/share/launchers/environment/ament_prefix_path.dsv
[5.161s] -- Installing: /home/coche/coche_ws/install/launchers/share/launchers/environment/path.sh
[5.162s] -- Installing: /home/coche/coche_ws/install/launchers/share/launchers/environment/path.dsv
[5.163s] -- Installing: /home/coche/coche_ws/install/launchers/share/launchers/local_setup.bash
[5.163s] -- Installing: /home/coche/coche_ws/install/launchers/share/launchers/local_setup.sh
[5.164s] -- Installing: /home/coche/coche_ws/install/launchers/share/launchers/local_setup.zsh
[5.165s] -- Installing: /home/coche/coche_ws/install/launchers/share/launchers/local_setup.dsv
[5.166s] -- Installing: /home/coche/coche_ws/install/launchers/share/launchers/package.dsv
[5.167s] -- Installing: /home/coche/coche_ws/install/launchers/share/ament_index/resource_index/packages/launchers
[5.168s] -- Installing: /home/coche/coche_ws/install/launchers/share/launchers/cmake/launchersConfig.cmake
[5.169s] -- Installing: /home/coche/coche_ws/install/launchers/share/launchers/cmake/launchersConfig-version.cmake
[5.170s] -- Installing: /home/coche/coche_ws/install/launchers/share/launchers/package.xml
[5.184s] Invoked command in '/home/coche/coche_ws/build/launchers' returned '0': CMAKE_PREFIX_PATH=${CMAKE_PREFIX_PATH}:/home/coche/coche_ws/install/f1tenth_stack:/home/coche/coche_ws/install/ver_trayectoria:/home/coche/coche_ws/install/joy_teleop:/home/coche/coche_ws/install/stanley_avoidance:/home/coche/coche_ws/install/particle_filter:/home/coche/coche_ws/install/mouse_teleop:/home/coche/coche_ws/install/key_teleop:/opt/ros/foxy /usr/bin/cmake --install /home/coche/coche_ws/build/launchers
