[0.164s] Invoking command in '/home/coche/coche_ws/build/vesc_msgs': CMAKE_PREFIX_PATH=${CMAKE_PREFIX_PATH}:/home/coche/coche_ws/install/f1tenth_stack:/home/coche/coche_ws/install/joy_teleop:/home/coche/coche_ws/install/mouse_teleop:/home/coche/coche_ws/install/key_teleop:/opt/ros/foxy /usr/bin/cmake --build /home/coche/coche_ws/build/vesc_msgs -- -j4 -l4
[1.574s] [  1%] Built target vesc_msgs__cpp
[1.575s] [ 12%] Built target vesc_msgs__rosidl_generator_c
[1.576s] [ 23%] Built target vesc_msgs__rosidl_typesupport_cpp
[1.576s] [ 34%] Built target vesc_msgs__rosidl_typesupport_introspection_cpp
[1.577s] [ 45%] Built target vesc_msgs__rosidl_typesupport_fastrtps_cpp
[1.577s] [ 56%] Built target vesc_msgs__rosidl_typesupport_c
[1.577s] [ 67%] Built target vesc_msgs__rosidl_typesupport_introspection_c
[1.580s] [ 78%] Built target vesc_msgs__rosidl_typesupport_fastrtps_c
[1.588s] [ 78%] Built target vesc_msgs
[1.589s] [ 80%] Built target vesc_msgs__py
[1.589s] [ 89%] Built target vesc_msgs__python
[1.590s] [ 92%] Built target vesc_msgs__rosidl_typesupport_c__pyext
[1.590s] [ 96%] Built target vesc_msgs__rosidl_typesupport_introspection_c__pyext
[1.590s] [100%] Built target vesc_msgs__rosidl_typesupport_fastrtps_c__pyext
[1.645s] Invoked command in '/home/coche/coche_ws/build/vesc_msgs' returned '0': CMAKE_PREFIX_PATH=${CMAKE_PREFIX_PATH}:/home/coche/coche_ws/install/f1tenth_stack:/home/coche/coche_ws/install/joy_teleop:/home/coche/coche_ws/install/mouse_teleop:/home/coche/coche_ws/install/key_teleop:/opt/ros/foxy /usr/bin/cmake --build /home/coche/coche_ws/build/vesc_msgs -- -j4 -l4
[2.207s] Invoking command in '/home/coche/coche_ws/build/vesc_msgs': CMAKE_PREFIX_PATH=${CMAKE_PREFIX_PATH}:/home/coche/coche_ws/install/f1tenth_stack:/home/coche/coche_ws/install/joy_teleop:/home/coche/coche_ws/install/mouse_teleop:/home/coche/coche_ws/install/key_teleop:/opt/ros/foxy /usr/bin/cmake --install /home/coche/coche_ws/build/vesc_msgs
[2.284s] -- Install configuration: ""
[2.287s] -- Up-to-date: /home/coche/coche_ws/install/vesc_msgs/share/ament_index/resource_index/rosidl_interfaces/vesc_msgs
[2.288s] -- Up-to-date: /home/coche/coche_ws/install/vesc_msgs/include/vesc_msgs
[2.288s] -- Up-to-date: /home/coche/coche_ws/install/vesc_msgs/include/vesc_msgs/msg
[2.288s] -- Up-to-date: /home/coche/coche_ws/install/vesc_msgs/include/vesc_msgs/msg/vesc_state_stamped.h
[2.292s] -- Up-to-date: /home/coche/coche_ws/install/vesc_msgs/include/vesc_msgs/msg/rosidl_generator_c__visibility_control.h
[2.294s] -- Up-to-date: /home/coche/coche_ws/install/vesc_msgs/include/vesc_msgs/msg/detail
[2.295s] -- Up-to-date: /home/coche/coche_ws/install/vesc_msgs/include/vesc_msgs/msg/detail/vesc_state__functions.c
[2.296s] -- Up-to-date: /home/coche/coche_ws/install/vesc_msgs/include/vesc_msgs/msg/detail/vesc_imu__struct.h
[2.297s] -- Up-to-date: /home/coche/coche_ws/install/vesc_msgs/include/vesc_msgs/msg/detail/vesc_state_stamped__type_support.h
[2.299s] -- Up-to-date: /home/coche/coche_ws/install/vesc_msgs/include/vesc_msgs/msg/detail/vesc_imu__functions.c
[2.300s] -- Up-to-date: /home/coche/coche_ws/install/vesc_msgs/include/vesc_msgs/msg/detail/vesc_state_stamped__struct.h
[2.301s] -- Up-to-date: /home/coche/coche_ws/install/vesc_msgs/include/vesc_msgs/msg/detail/vesc_imu_stamped__functions.c
[2.302s] -- Up-to-date: /home/coche/coche_ws/install/vesc_msgs/include/vesc_msgs/msg/detail/vesc_imu_stamped__struct.h
[2.303s] -- Up-to-date: /home/coche/coche_ws/install/vesc_msgs/include/vesc_msgs/msg/detail/vesc_state__struct.h
[2.304s] -- Up-to-date: /home/coche/coche_ws/install/vesc_msgs/include/vesc_msgs/msg/detail/vesc_state_stamped__functions.c
[2.305s] -- Up-to-date: /home/coche/coche_ws/install/vesc_msgs/include/vesc_msgs/msg/detail/vesc_imu__type_support.h
[2.306s] -- Up-to-date: /home/coche/coche_ws/install/vesc_msgs/include/vesc_msgs/msg/detail/vesc_state__type_support.h
[2.309s] -- Up-to-date: /home/coche/coche_ws/install/vesc_msgs/include/vesc_msgs/msg/detail/vesc_imu_stamped__functions.h
[2.312s] -- Up-to-date: /home/coche/coche_ws/install/vesc_msgs/include/vesc_msgs/msg/detail/vesc_imu_stamped__type_support.h
[2.313s] -- Up-to-date: /home/coche/coche_ws/install/vesc_msgs/include/vesc_msgs/msg/detail/vesc_state__functions.h
[2.314s] -- Up-to-date: /home/coche/coche_ws/install/vesc_msgs/include/vesc_msgs/msg/detail/vesc_imu__functions.h
[2.316s] -- Up-to-date: /home/coche/coche_ws/install/vesc_msgs/include/vesc_msgs/msg/detail/vesc_state_stamped__functions.h
[2.317s] -- Up-to-date: /home/coche/coche_ws/install/vesc_msgs/include/vesc_msgs/msg/vesc_imu.h
[2.317s] -- Up-to-date: /home/coche/coche_ws/install/vesc_msgs/include/vesc_msgs/msg/vesc_state.h
[2.321s] -- Up-to-date: /home/coche/coche_ws/install/vesc_msgs/include/vesc_msgs/msg/vesc_imu_stamped.h
[2.322s] -- Up-to-date: /home/coche/coche_ws/install/vesc_msgs/share/vesc_msgs/environment/library_path.sh
[2.323s] -- Up-to-date: /home/coche/coche_ws/install/vesc_msgs/share/vesc_msgs/environment/library_path.dsv
[2.323s] -- Up-to-date: /home/coche/coche_ws/install/vesc_msgs/lib/libvesc_msgs__rosidl_generator_c.so
[2.324s] -- Up-to-date: /home/coche/coche_ws/install/vesc_msgs/include/vesc_msgs
[2.324s] -- Up-to-date: /home/coche/coche_ws/install/vesc_msgs/include/vesc_msgs/msg
[2.325s] -- Up-to-date: /home/coche/coche_ws/install/vesc_msgs/include/vesc_msgs/msg/rosidl_typesupport_fastrtps_c__visibility_control.h
[2.326s] -- Up-to-date: /home/coche/coche_ws/install/vesc_msgs/include/vesc_msgs/msg/detail
[2.327s] -- Up-to-date: /home/coche/coche_ws/install/vesc_msgs/include/vesc_msgs/msg/detail/vesc_state_stamped__rosidl_typesupport_fastrtps_c.h
[2.327s] -- Up-to-date: /home/coche/coche_ws/install/vesc_msgs/include/vesc_msgs/msg/detail/vesc_imu__rosidl_typesupport_fastrtps_c.h
[2.328s] -- Up-to-date: /home/coche/coche_ws/install/vesc_msgs/include/vesc_msgs/msg/detail/vesc_state__rosidl_typesupport_fastrtps_c.h
[2.328s] -- Up-to-date: /home/coche/coche_ws/install/vesc_msgs/include/vesc_msgs/msg/detail/vesc_imu_stamped__rosidl_typesupport_fastrtps_c.h
[2.329s] -- Up-to-date: /home/coche/coche_ws/install/vesc_msgs/lib/libvesc_msgs__rosidl_typesupport_fastrtps_c.so
[2.329s] -- Up-to-date: /home/coche/coche_ws/install/vesc_msgs/include/vesc_msgs
[2.329s] -- Up-to-date: /home/coche/coche_ws/install/vesc_msgs/include/vesc_msgs/msg
[2.331s] -- Up-to-date: /home/coche/coche_ws/install/vesc_msgs/include/vesc_msgs/msg/detail
[2.331s] -- Up-to-date: /home/coche/coche_ws/install/vesc_msgs/include/vesc_msgs/msg/detail/vesc_state_stamped__rosidl_typesupport_fastrtps_cpp.hpp
[2.332s] -- Up-to-date: /home/coche/coche_ws/install/vesc_msgs/include/vesc_msgs/msg/detail/vesc_imu__rosidl_typesupport_fastrtps_cpp.hpp
[2.332s] -- Up-to-date: /home/coche/coche_ws/install/vesc_msgs/include/vesc_msgs/msg/detail/vesc_imu_stamped__rosidl_typesupport_fastrtps_cpp.hpp
[2.333s] -- Up-to-date: /home/coche/coche_ws/install/vesc_msgs/include/vesc_msgs/msg/detail/vesc_state__rosidl_typesupport_fastrtps_cpp.hpp
[2.334s] -- Up-to-date: /home/coche/coche_ws/install/vesc_msgs/include/vesc_msgs/msg/detail/dds_fastrtps
[2.335s] -- Up-to-date: /home/coche/coche_ws/install/vesc_msgs/include/vesc_msgs/msg/rosidl_typesupport_fastrtps_cpp__visibility_control.h
[2.335s] -- Up-to-date: /home/coche/coche_ws/install/vesc_msgs/lib/libvesc_msgs__rosidl_typesupport_fastrtps_cpp.so
[2.336s] -- Up-to-date: /home/coche/coche_ws/install/vesc_msgs/include/vesc_msgs
[2.337s] -- Up-to-date: /home/coche/coche_ws/install/vesc_msgs/include/vesc_msgs/msg
[2.337s] -- Up-to-date: /home/coche/coche_ws/install/vesc_msgs/include/vesc_msgs/msg/rosidl_typesupport_introspection_c__visibility_control.h
[2.338s] -- Up-to-date: /home/coche/coche_ws/install/vesc_msgs/include/vesc_msgs/msg/detail
[2.338s] -- Up-to-date: /home/coche/coche_ws/install/vesc_msgs/include/vesc_msgs/msg/detail/vesc_imu__type_support.c
[2.339s] -- Up-to-date: /home/coche/coche_ws/install/vesc_msgs/include/vesc_msgs/msg/detail/vesc_imu_stamped__rosidl_typesupport_introspection_c.h
[2.340s] -- Up-to-date: /home/coche/coche_ws/install/vesc_msgs/include/vesc_msgs/msg/detail/vesc_imu__rosidl_typesupport_introspection_c.h
[2.340s] -- Up-to-date: /home/coche/coche_ws/install/vesc_msgs/include/vesc_msgs/msg/detail/vesc_state_stamped__rosidl_typesupport_introspection_c.h
[2.341s] -- Up-to-date: /home/coche/coche_ws/install/vesc_msgs/include/vesc_msgs/msg/detail/vesc_imu_stamped__type_support.c
[2.343s] -- Up-to-date: /home/coche/coche_ws/install/vesc_msgs/include/vesc_msgs/msg/detail/vesc_state__rosidl_typesupport_introspection_c.h
[2.350s] -- Up-to-date: /home/coche/coche_ws/install/vesc_msgs/include/vesc_msgs/msg/detail/vesc_state__type_support.c
[2.353s] -- Up-to-date: /home/coche/coche_ws/install/vesc_msgs/include/vesc_msgs/msg/detail/vesc_state_stamped__type_support.c
[2.353s] -- Up-to-date: /home/coche/coche_ws/install/vesc_msgs/lib/libvesc_msgs__rosidl_typesupport_introspection_c.so
[2.353s] -- Up-to-date: /home/coche/coche_ws/install/vesc_msgs/lib/libvesc_msgs__rosidl_typesupport_c.so
[2.354s] -- Up-to-date: /home/coche/coche_ws/install/vesc_msgs/include/vesc_msgs
[2.354s] -- Up-to-date: /home/coche/coche_ws/install/vesc_msgs/include/vesc_msgs/msg
[2.354s] -- Up-to-date: /home/coche/coche_ws/install/vesc_msgs/include/vesc_msgs/msg/vesc_imu.hpp
[2.355s] -- Up-to-date: /home/coche/coche_ws/install/vesc_msgs/include/vesc_msgs/msg/detail
[2.355s] -- Up-to-date: /home/coche/coche_ws/install/vesc_msgs/include/vesc_msgs/msg/detail/vesc_imu_stamped__builder.hpp
[2.355s] -- Up-to-date: /home/coche/coche_ws/install/vesc_msgs/include/vesc_msgs/msg/detail/vesc_imu__type_support.hpp
[2.356s] -- Up-to-date: /home/coche/coche_ws/install/vesc_msgs/include/vesc_msgs/msg/detail/vesc_imu__struct.hpp
[2.356s] -- Up-to-date: /home/coche/coche_ws/install/vesc_msgs/include/vesc_msgs/msg/detail/vesc_imu_stamped__traits.hpp
[2.356s] -- Up-to-date: /home/coche/coche_ws/install/vesc_msgs/include/vesc_msgs/msg/detail/vesc_state_stamped__struct.hpp
[2.357s] -- Up-to-date: /home/coche/coche_ws/install/vesc_msgs/include/vesc_msgs/msg/detail/vesc_state__type_support.hpp
[2.357s] -- Up-to-date: /home/coche/coche_ws/install/vesc_msgs/include/vesc_msgs/msg/detail/vesc_state_stamped__builder.hpp
[2.357s] -- Up-to-date: /home/coche/coche_ws/install/vesc_msgs/include/vesc_msgs/msg/detail/vesc_state__traits.hpp
[2.358s] -- Up-to-date: /home/coche/coche_ws/install/vesc_msgs/include/vesc_msgs/msg/detail/vesc_state__builder.hpp
[2.358s] -- Up-to-date: /home/coche/coche_ws/install/vesc_msgs/include/vesc_msgs/msg/detail/vesc_state_stamped__type_support.hpp
[2.358s] -- Up-to-date: /home/coche/coche_ws/install/vesc_msgs/include/vesc_msgs/msg/detail/vesc_state_stamped__traits.hpp
[2.359s] -- Up-to-date: /home/coche/coche_ws/install/vesc_msgs/include/vesc_msgs/msg/detail/vesc_imu__traits.hpp
[2.359s] -- Up-to-date: /home/coche/coche_ws/install/vesc_msgs/include/vesc_msgs/msg/detail/vesc_imu_stamped__type_support.hpp
[2.359s] -- Up-to-date: /home/coche/coche_ws/install/vesc_msgs/include/vesc_msgs/msg/detail/vesc_imu_stamped__struct.hpp
[2.360s] -- Up-to-date: /home/coche/coche_ws/install/vesc_msgs/include/vesc_msgs/msg/detail/vesc_imu__builder.hpp
[2.360s] -- Up-to-date: /home/coche/coche_ws/install/vesc_msgs/include/vesc_msgs/msg/detail/vesc_state__struct.hpp
[2.360s] -- Up-to-date: /home/coche/coche_ws/install/vesc_msgs/include/vesc_msgs/msg/rosidl_generator_cpp__visibility_control.hpp
[2.360s] -- Up-to-date: /home/coche/coche_ws/install/vesc_msgs/include/vesc_msgs/msg/vesc_state.hpp
[2.361s] -- Up-to-date: /home/coche/coche_ws/install/vesc_msgs/include/vesc_msgs/msg/vesc_state_stamped.hpp
[2.361s] -- Up-to-date: /home/coche/coche_ws/install/vesc_msgs/include/vesc_msgs/msg/vesc_imu_stamped.hpp
[2.361s] -- Up-to-date: /home/coche/coche_ws/install/vesc_msgs/include/vesc_msgs
[2.362s] -- Up-to-date: /home/coche/coche_ws/install/vesc_msgs/include/vesc_msgs/msg
[2.362s] -- Up-to-date: /home/coche/coche_ws/install/vesc_msgs/include/vesc_msgs/msg/detail
[2.364s] -- Up-to-date: /home/coche/coche_ws/install/vesc_msgs/include/vesc_msgs/msg/detail/vesc_state__type_support.cpp
[2.365s] -- Up-to-date: /home/coche/coche_ws/install/vesc_msgs/include/vesc_msgs/msg/detail/vesc_imu__rosidl_typesupport_introspection_cpp.hpp
[2.365s] -- Up-to-date: /home/coche/coche_ws/install/vesc_msgs/include/vesc_msgs/msg/detail/vesc_imu__type_support.cpp
[2.366s] -- Up-to-date: /home/coche/coche_ws/install/vesc_msgs/include/vesc_msgs/msg/detail/vesc_state_stamped__rosidl_typesupport_introspection_cpp.hpp
[2.366s] -- Up-to-date: /home/coche/coche_ws/install/vesc_msgs/include/vesc_msgs/msg/detail/vesc_state__rosidl_typesupport_introspection_cpp.hpp
[2.366s] -- Up-to-date: /home/coche/coche_ws/install/vesc_msgs/include/vesc_msgs/msg/detail/vesc_imu_stamped__type_support.cpp
[2.367s] -- Up-to-date: /home/coche/coche_ws/install/vesc_msgs/include/vesc_msgs/msg/detail/vesc_state_stamped__type_support.cpp
[2.367s] -- Up-to-date: /home/coche/coche_ws/install/vesc_msgs/include/vesc_msgs/msg/detail/vesc_imu_stamped__rosidl_typesupport_introspection_cpp.hpp
[2.367s] -- Up-to-date: /home/coche/coche_ws/install/vesc_msgs/lib/libvesc_msgs__rosidl_typesupport_introspection_cpp.so
[2.368s] -- Up-to-date: /home/coche/coche_ws/install/vesc_msgs/lib/libvesc_msgs__rosidl_typesupport_cpp.so
[2.368s] -- Up-to-date: /home/coche/coche_ws/install/vesc_msgs/share/vesc_msgs/environment/pythonpath.sh
[2.368s] -- Up-to-date: /home/coche/coche_ws/install/vesc_msgs/share/vesc_msgs/environment/pythonpath.dsv
[2.369s] -- Up-to-date: /home/coche/coche_ws/install/vesc_msgs/lib/python3.8/site-packages/vesc_msgs/__init__.py
[2.486s] -- Up-to-date: /home/coche/coche_ws/install/vesc_msgs/lib/python3.8/site-packages/vesc_msgs/msg
[2.488s] -- Up-to-date: /home/coche/coche_ws/install/vesc_msgs/lib/python3.8/site-packages/vesc_msgs/msg/_vesc_state_stamped_s.c
[2.488s] -- Up-to-date: /home/coche/coche_ws/install/vesc_msgs/lib/python3.8/site-packages/vesc_msgs/msg/_vesc_imu_stamped_s.c
[2.489s] -- Up-to-date: /home/coche/coche_ws/install/vesc_msgs/lib/python3.8/site-packages/vesc_msgs/msg/_vesc_imu.py
[2.489s] -- Up-to-date: /home/coche/coche_ws/install/vesc_msgs/lib/python3.8/site-packages/vesc_msgs/msg/_vesc_state_stamped.py
[2.489s] -- Up-to-date: /home/coche/coche_ws/install/vesc_msgs/lib/python3.8/site-packages/vesc_msgs/msg/__init__.py
[2.490s] -- Up-to-date: /home/coche/coche_ws/install/vesc_msgs/lib/python3.8/site-packages/vesc_msgs/msg/_vesc_imu_stamped.py
[2.490s] -- Up-to-date: /home/coche/coche_ws/install/vesc_msgs/lib/python3.8/site-packages/vesc_msgs/msg/_vesc_imu_s.c
[2.491s] -- Up-to-date: /home/coche/coche_ws/install/vesc_msgs/lib/python3.8/site-packages/vesc_msgs/msg/_vesc_state_s.c
[2.491s] -- Up-to-date: /home/coche/coche_ws/install/vesc_msgs/lib/python3.8/site-packages/vesc_msgs/msg/_vesc_state.py
[2.492s] -- Up-to-date: /home/coche/coche_ws/install/vesc_msgs/lib/python3.8/site-packages/vesc_msgs/vesc_msgs_s__rosidl_typesupport_fastrtps_c.cpython-38-aarch64-linux-gnu.so
[2.492s] -- Up-to-date: /home/coche/coche_ws/install/vesc_msgs/lib/python3.8/site-packages/vesc_msgs/vesc_msgs_s__rosidl_typesupport_introspection_c.cpython-38-aarch64-linux-gnu.so
[2.493s] -- Up-to-date: /home/coche/coche_ws/install/vesc_msgs/lib/python3.8/site-packages/vesc_msgs/vesc_msgs_s__rosidl_typesupport_c.cpython-38-aarch64-linux-gnu.so
[2.496s] -- Up-to-date: /home/coche/coche_ws/install/vesc_msgs/lib/libvesc_msgs__python.so
[2.498s] -- Up-to-date: /home/coche/coche_ws/install/vesc_msgs/share/vesc_msgs/msg/VescState.idl
[2.499s] -- Up-to-date: /home/coche/coche_ws/install/vesc_msgs/share/vesc_msgs/msg/VescStateStamped.idl
[2.499s] -- Up-to-date: /home/coche/coche_ws/install/vesc_msgs/share/vesc_msgs/msg/VescImu.idl
[2.500s] -- Up-to-date: /home/coche/coche_ws/install/vesc_msgs/share/vesc_msgs/msg/VescImuStamped.idl
[2.500s] -- Up-to-date: /home/coche/coche_ws/install/vesc_msgs/share/vesc_msgs/msg/VescState.msg
[2.501s] -- Up-to-date: /home/coche/coche_ws/install/vesc_msgs/share/vesc_msgs/msg/VescStateStamped.msg
[2.502s] -- Up-to-date: /home/coche/coche_ws/install/vesc_msgs/share/vesc_msgs/msg/VescImu.msg
[2.503s] -- Up-to-date: /home/coche/coche_ws/install/vesc_msgs/share/vesc_msgs/msg/VescImuStamped.msg
[2.503s] -- Up-to-date: /home/coche/coche_ws/install/vesc_msgs/share/ament_index/resource_index/package_run_dependencies/vesc_msgs
[2.504s] -- Up-to-date: /home/coche/coche_ws/install/vesc_msgs/share/ament_index/resource_index/parent_prefix_path/vesc_msgs
[2.505s] -- Up-to-date: /home/coche/coche_ws/install/vesc_msgs/share/vesc_msgs/environment/ament_prefix_path.sh
[2.509s] -- Up-to-date: /home/coche/coche_ws/install/vesc_msgs/share/vesc_msgs/environment/ament_prefix_path.dsv
[2.509s] -- Up-to-date: /home/coche/coche_ws/install/vesc_msgs/share/vesc_msgs/environment/path.sh
[2.510s] -- Up-to-date: /home/coche/coche_ws/install/vesc_msgs/share/vesc_msgs/environment/path.dsv
[2.510s] -- Up-to-date: /home/coche/coche_ws/install/vesc_msgs/share/vesc_msgs/local_setup.bash
[2.512s] -- Up-to-date: /home/coche/coche_ws/install/vesc_msgs/share/vesc_msgs/local_setup.sh
[2.514s] -- Up-to-date: /home/coche/coche_ws/install/vesc_msgs/share/vesc_msgs/local_setup.zsh
[2.517s] -- Up-to-date: /home/coche/coche_ws/install/vesc_msgs/share/vesc_msgs/local_setup.dsv
[2.517s] -- Installing: /home/coche/coche_ws/install/vesc_msgs/share/vesc_msgs/package.dsv
[2.518s] -- Up-to-date: /home/coche/coche_ws/install/vesc_msgs/share/ament_index/resource_index/packages/vesc_msgs
[2.518s] -- Up-to-date: /home/coche/coche_ws/install/vesc_msgs/share/vesc_msgs/cmake/vesc_msgs__rosidl_generator_cExport.cmake
[2.520s] -- Up-to-date: /home/coche/coche_ws/install/vesc_msgs/share/vesc_msgs/cmake/vesc_msgs__rosidl_generator_cExport-noconfig.cmake
[2.520s] -- Up-to-date: /home/coche/coche_ws/install/vesc_msgs/share/vesc_msgs/cmake/vesc_msgs__rosidl_typesupport_introspection_cExport.cmake
[2.520s] -- Up-to-date: /home/coche/coche_ws/install/vesc_msgs/share/vesc_msgs/cmake/vesc_msgs__rosidl_typesupport_introspection_cExport-noconfig.cmake
[2.523s] -- Up-to-date: /home/coche/coche_ws/install/vesc_msgs/share/vesc_msgs/cmake/vesc_msgs__rosidl_typesupport_cExport.cmake
[2.524s] -- Up-to-date: /home/coche/coche_ws/install/vesc_msgs/share/vesc_msgs/cmake/vesc_msgs__rosidl_typesupport_cExport-noconfig.cmake
[2.524s] -- Up-to-date: /home/coche/coche_ws/install/vesc_msgs/share/vesc_msgs/cmake/vesc_msgs__rosidl_generator_cppExport.cmake
[2.525s] -- Up-to-date: /home/coche/coche_ws/install/vesc_msgs/share/vesc_msgs/cmake/vesc_msgs__rosidl_typesupport_introspection_cppExport.cmake
[2.525s] -- Up-to-date: /home/coche/coche_ws/install/vesc_msgs/share/vesc_msgs/cmake/vesc_msgs__rosidl_typesupport_introspection_cppExport-noconfig.cmake
[2.525s] -- Up-to-date: /home/coche/coche_ws/install/vesc_msgs/share/vesc_msgs/cmake/vesc_msgs__rosidl_typesupport_cppExport.cmake
[2.526s] -- Up-to-date: /home/coche/coche_ws/install/vesc_msgs/share/vesc_msgs/cmake/vesc_msgs__rosidl_typesupport_cppExport-noconfig.cmake
[2.526s] -- Up-to-date: /home/coche/coche_ws/install/vesc_msgs/share/vesc_msgs/cmake/rosidl_cmake-extras.cmake
[2.526s] -- Up-to-date: /home/coche/coche_ws/install/vesc_msgs/share/vesc_msgs/cmake/ament_cmake_export_dependencies-extras.cmake
[2.527s] -- Up-to-date: /home/coche/coche_ws/install/vesc_msgs/share/vesc_msgs/cmake/ament_cmake_export_libraries-extras.cmake
[2.527s] -- Up-to-date: /home/coche/coche_ws/install/vesc_msgs/share/vesc_msgs/cmake/ament_cmake_export_targets-extras.cmake
[2.528s] -- Up-to-date: /home/coche/coche_ws/install/vesc_msgs/share/vesc_msgs/cmake/ament_cmake_export_include_directories-extras.cmake
[2.528s] -- Up-to-date: /home/coche/coche_ws/install/vesc_msgs/share/vesc_msgs/cmake/rosidl_cmake_export_typesupport_libraries-extras.cmake
[2.528s] -- Up-to-date: /home/coche/coche_ws/install/vesc_msgs/share/vesc_msgs/cmake/rosidl_cmake_export_typesupport_targets-extras.cmake
[2.529s] -- Up-to-date: /home/coche/coche_ws/install/vesc_msgs/share/vesc_msgs/cmake/vesc_msgsConfig.cmake
[2.529s] -- Up-to-date: /home/coche/coche_ws/install/vesc_msgs/share/vesc_msgs/cmake/vesc_msgsConfig-version.cmake
[2.529s] -- Up-to-date: /home/coche/coche_ws/install/vesc_msgs/share/vesc_msgs/package.xml
[3.476s] Invoked command in '/home/coche/coche_ws/build/vesc_msgs' returned '0': CMAKE_PREFIX_PATH=${CMAKE_PREFIX_PATH}:/home/coche/coche_ws/install/f1tenth_stack:/home/coche/coche_ws/install/joy_teleop:/home/coche/coche_ws/install/mouse_teleop:/home/coche/coche_ws/install/key_teleop:/opt/ros/foxy /usr/bin/cmake --install /home/coche/coche_ws/build/vesc_msgs
