[0.105s] Invoking command in '/home/coche/coche_ws/build/gap_follow': CMAKE_PREFIX_PATH=${CMAKE_PREFIX_PATH}:/home/coche/coche_ws/install/f1tenth_stack:/home/coche/coche_ws/install/ver_trayectoria:/home/coche/coche_ws/install/joy_teleop:/home/coche/coche_ws/install/stanley_avoidance:/home/coche/coche_ws/install/particle_filter:/home/coche/coche_ws/install/mouse_teleop:/home/coche/coche_ws/install/key_teleop:/opt/ros/foxy /usr/bin/cmake --build /home/coche/coche_ws/build/gap_follow -- -j4 -l4
[0.552s] Invoked command in '/home/coche/coche_ws/build/gap_follow' returned '0': CMAKE_PREFIX_PATH=${CMAKE_PREFIX_PATH}:/home/coche/coche_ws/install/f1tenth_stack:/home/coche/coche_ws/install/ver_trayectoria:/home/coche/coche_ws/install/joy_teleop:/home/coche/coche_ws/install/stanley_avoidance:/home/coche/coche_ws/install/particle_filter:/home/coche/coche_ws/install/mouse_teleop:/home/coche/coche_ws/install/key_teleop:/opt/ros/foxy /usr/bin/cmake --build /home/coche/coche_ws/build/gap_follow -- -j4 -l4
[0.567s] Invoking command in '/home/coche/coche_ws/build/gap_follow': CMAKE_PREFIX_PATH=${CMAKE_PREFIX_PATH}:/home/coche/coche_ws/install/f1tenth_stack:/home/coche/coche_ws/install/ver_trayectoria:/home/coche/coche_ws/install/joy_teleop:/home/coche/coche_ws/install/stanley_avoidance:/home/coche/coche_ws/install/particle_filter:/home/coche/coche_ws/install/mouse_teleop:/home/coche/coche_ws/install/key_teleop:/opt/ros/foxy /usr/bin/cmake --install /home/coche/coche_ws/build/gap_follow
[0.703s] -- Install configuration: ""
[0.704s] -- Up-to-date: /home/coche/coche_ws/install/gap_follow/share/gap_follow/environment/pythonpath.sh
[0.704s] -- Up-to-date: /home/coche/coche_ws/install/gap_follow/share/gap_follow/environment/pythonpath.dsv
[0.705s] -- Up-to-date: /home/coche/coche_ws/install/gap_follow/lib/python3.8/site-packages/gap_follow
[0.705s] -- Up-to-date: /home/coche/coche_ws/install/gap_follow/lib/python3.8/site-packages/gap_follow/__init__.py
[0.910s] Listing '/home/coche/coche_ws/install/gap_follow/lib/python3.8/site-packages/gap_follow'...
[0.935s] -- Installing: /home/coche/coche_ws/install/gap_follow/lib/gap_follow/reactive_node.py
[0.936s] -- Up-to-date: /home/coche/coche_ws/install/gap_follow/lib/gap_follow/final_race_reactive_node.py
[0.936s] -- Up-to-date: /home/coche/coche_ws/install/gap_follow/share/ament_index/resource_index/package_run_dependencies/gap_follow
[0.936s] -- Up-to-date: /home/coche/coche_ws/install/gap_follow/share/ament_index/resource_index/parent_prefix_path/gap_follow
[0.937s] -- Up-to-date: /home/coche/coche_ws/install/gap_follow/share/gap_follow/environment/ament_prefix_path.sh
[0.938s] -- Up-to-date: /home/coche/coche_ws/install/gap_follow/share/gap_follow/environment/ament_prefix_path.dsv
[0.938s] -- Up-to-date: /home/coche/coche_ws/install/gap_follow/share/gap_follow/environment/path.sh
[0.939s] -- Up-to-date: /home/coche/coche_ws/install/gap_follow/share/gap_follow/environment/path.dsv
[0.940s] -- Up-to-date: /home/coche/coche_ws/install/gap_follow/share/gap_follow/local_setup.bash
[0.941s] -- Up-to-date: /home/coche/coche_ws/install/gap_follow/share/gap_follow/local_setup.sh
[0.941s] -- Up-to-date: /home/coche/coche_ws/install/gap_follow/share/gap_follow/local_setup.zsh
[0.942s] -- Up-to-date: /home/coche/coche_ws/install/gap_follow/share/gap_follow/local_setup.dsv
[0.942s] -- Installing: /home/coche/coche_ws/install/gap_follow/share/gap_follow/package.dsv
[0.943s] -- Up-to-date: /home/coche/coche_ws/install/gap_follow/share/ament_index/resource_index/packages/gap_follow
[0.946s] -- Up-to-date: /home/coche/coche_ws/install/gap_follow/share/gap_follow/cmake/gap_followConfig.cmake
[0.947s] -- Up-to-date: /home/coche/coche_ws/install/gap_follow/share/gap_follow/cmake/gap_followConfig-version.cmake
[0.947s] -- Up-to-date: /home/coche/coche_ws/install/gap_follow/share/gap_follow/package.xml
[0.963s] Invoked command in '/home/coche/coche_ws/build/gap_follow' returned '0': CMAKE_PREFIX_PATH=${CMAKE_PREFIX_PATH}:/home/coche/coche_ws/install/f1tenth_stack:/home/coche/coche_ws/install/ver_trayectoria:/home/coche/coche_ws/install/joy_teleop:/home/coche/coche_ws/install/stanley_avoidance:/home/coche/coche_ws/install/particle_filter:/home/coche/coche_ws/install/mouse_teleop:/home/coche/coche_ws/install/key_teleop:/opt/ros/foxy /usr/bin/cmake --install /home/coche/coche_ws/build/gap_follow
