[3.953s] Invoking command in '/home/coche/coche_ws/src/f1tenth_system/particle filter': PYTHONPATH=/home/coche/coche_ws/build/particle_filter/prefix_override:/usr/lib/python3/dist-packages/colcon_core/task/python/colcon_distutils_commands:/home/coche/coche_ws/install/particle_filter/lib/python3.8/site-packages:${PYTHONPATH} /usr/bin/python3 -W ignore:setup.py install is deprecated setup.py egg_info --egg-base ../../../build/particle_filter build --build-base /home/coche/coche_ws/build/particle_filter/build install --record /home/coche/coche_ws/build/particle_filter/install.log --install-scripts $base/lib/particle_filter --single-version-externally-managed install_data
[4.931s] running egg_info
[4.934s] creating ../../../build/particle_filter/particle_filter.egg-info
[4.935s] writing ../../../build/particle_filter/particle_filter.egg-info/PKG-INFO
[4.936s] writing dependency_links to ../../../build/particle_filter/particle_filter.egg-info/dependency_links.txt
[4.937s] writing entry points to ../../../build/particle_filter/particle_filter.egg-info/entry_points.txt
[4.937s] writing requirements to ../../../build/particle_filter/particle_filter.egg-info/requires.txt
[4.938s] writing top-level names to ../../../build/particle_filter/particle_filter.egg-info/top_level.txt
[4.943s] writing manifest file '../../../build/particle_filter/particle_filter.egg-info/SOURCES.txt'
[5.079s] reading manifest file '../../../build/particle_filter/particle_filter.egg-info/SOURCES.txt'
[5.082s] writing manifest file '../../../build/particle_filter/particle_filter.egg-info/SOURCES.txt'
[5.083s] running build
[5.085s] running build_py
[5.086s] creating /home/coche/coche_ws/build/particle_filter/build
[5.087s] creating /home/coche/coche_ws/build/particle_filter/build/lib
[5.087s] creating /home/coche/coche_ws/build/particle_filter/build/lib/particle_filter
[5.087s] copying particle_filter/particle_filter.py -> /home/coche/coche_ws/build/particle_filter/build/lib/particle_filter
[5.088s] copying particle_filter/__init__.py -> /home/coche/coche_ws/build/particle_filter/build/lib/particle_filter
[5.089s] copying particle_filter/utils.py -> /home/coche/coche_ws/build/particle_filter/build/lib/particle_filter
[5.090s] running install
[5.091s] running install_lib
[5.096s] creating /home/coche/coche_ws/install/particle_filter/lib/python3.8/site-packages/particle_filter
[5.097s] copying /home/coche/coche_ws/build/particle_filter/build/lib/particle_filter/particle_filter.py -> /home/coche/coche_ws/install/particle_filter/lib/python3.8/site-packages/particle_filter
[5.097s] copying /home/coche/coche_ws/build/particle_filter/build/lib/particle_filter/__init__.py -> /home/coche/coche_ws/install/particle_filter/lib/python3.8/site-packages/particle_filter
[5.097s] copying /home/coche/coche_ws/build/particle_filter/build/lib/particle_filter/utils.py -> /home/coche/coche_ws/install/particle_filter/lib/python3.8/site-packages/particle_filter
[5.102s] byte-compiling /home/coche/coche_ws/install/particle_filter/lib/python3.8/site-packages/particle_filter/particle_filter.py to particle_filter.cpython-38.pyc
[5.124s] byte-compiling /home/coche/coche_ws/install/particle_filter/lib/python3.8/site-packages/particle_filter/__init__.py to __init__.cpython-38.pyc
[5.125s] byte-compiling /home/coche/coche_ws/install/particle_filter/lib/python3.8/site-packages/particle_filter/utils.py to utils.cpython-38.pyc
[5.130s] running install_data
[5.131s] creating /home/coche/coche_ws/install/particle_filter/share/ament_index
[5.132s] creating /home/coche/coche_ws/install/particle_filter/share/ament_index/resource_index
[5.132s] creating /home/coche/coche_ws/install/particle_filter/share/ament_index/resource_index/packages
[5.133s] copying resource/particle_filter -> /home/coche/coche_ws/install/particle_filter/share/ament_index/resource_index/packages
[5.133s] copying package.xml -> /home/coche/coche_ws/install/particle_filter/share/particle_filter
[5.134s] creating /home/coche/coche_ws/install/particle_filter/share/particle_filter/maps
[5.134s] copying maps/e7_floor3_merged.png -> /home/coche/coche_ws/install/particle_filter/share/particle_filter/maps
[5.137s] copying maps/Silverstone_map.png -> /home/coche/coche_ws/install/particle_filter/share/particle_filter/maps
[5.138s] copying maps/e7_floor5_biggest_RAW.pgm -> /home/coche/coche_ws/install/particle_filter/share/particle_filter/maps
[5.148s] copying maps/Hockenheim_map.yaml -> /home/coche/coche_ws/install/particle_filter/share/particle_filter/maps
[5.149s] copying maps/cps_2023.pgm -> /home/coche/coche_ws/install/particle_filter/share/particle_filter/maps
[5.149s] copying maps/Silverstone_map.yaml -> /home/coche/coche_ws/install/particle_filter/share/particle_filter/maps
[5.150s] copying maps/cps_2023_old.yaml -> /home/coche/coche_ws/install/particle_filter/share/particle_filter/maps
[5.151s] copying maps/cps_2023.yaml -> /home/coche/coche_ws/install/particle_filter/share/particle_filter/maps
[5.151s] copying maps/e7_floor5.pgm -> /home/coche/coche_ws/install/particle_filter/share/particle_filter/maps
[5.154s] copying maps/e7_floor5_bigger.pgm -> /home/coche/coche_ws/install/particle_filter/share/particle_filter/maps
[5.185s] copying maps/e7_floor5_bigger.yaml -> /home/coche/coche_ws/install/particle_filter/share/particle_filter/maps
[5.186s] copying maps/e7_floor3_merged.yaml -> /home/coche/coche_ws/install/particle_filter/share/particle_filter/maps
[5.187s] copying maps/e7_floor5_biggest.pgm -> /home/coche/coche_ws/install/particle_filter/share/particle_filter/maps
[5.198s] copying maps/cps_2023_old.pgm -> /home/coche/coche_ws/install/particle_filter/share/particle_filter/maps
[5.199s] copying maps/e7_floor5.yaml -> /home/coche/coche_ws/install/particle_filter/share/particle_filter/maps
[5.199s] copying maps/e7_floor5_biggest.yaml -> /home/coche/coche_ws/install/particle_filter/share/particle_filter/maps
[5.200s] copying maps/Hockenheim_map.png -> /home/coche/coche_ws/install/particle_filter/share/particle_filter/maps
[5.200s] creating /home/coche/coche_ws/install/particle_filter/share/particle_filter/launch
[5.203s] copying launch/localize_launch.py -> /home/coche/coche_ws/install/particle_filter/share/particle_filter/launch
[5.203s] creating /home/coche/coche_ws/install/particle_filter/share/particle_filter/config
[5.204s] copying config/localize.yaml -> /home/coche/coche_ws/install/particle_filter/share/particle_filter/config
[5.204s] running install_egg_info
[5.209s] Copying ../../../build/particle_filter/particle_filter.egg-info to /home/coche/coche_ws/install/particle_filter/lib/python3.8/site-packages/particle_filter-0.2.0-py3.8.egg-info
[5.215s] running install_scripts
[5.281s] Installing particle_filter script to /home/coche/coche_ws/install/particle_filter/lib/particle_filter
[5.283s] writing list of installed files to '/home/coche/coche_ws/build/particle_filter/install.log'
[5.371s] Invoked command in '/home/coche/coche_ws/src/f1tenth_system/particle filter' returned '0': PYTHONPATH=/home/coche/coche_ws/build/particle_filter/prefix_override:/usr/lib/python3/dist-packages/colcon_core/task/python/colcon_distutils_commands:/home/coche/coche_ws/install/particle_filter/lib/python3.8/site-packages:${PYTHONPATH} /usr/bin/python3 -W ignore:setup.py install is deprecated setup.py egg_info --egg-base ../../../build/particle_filter build --build-base /home/coche/coche_ws/build/particle_filter/build install --record /home/coche/coche_ws/build/particle_filter/install.log --install-scripts $base/lib/particle_filter --single-version-externally-managed install_data
