[1.136s] Invoking command in '/home/coche/coche_ws/build/wall_follow': CMAKE_PREFIX_PATH=${CMAKE_PREFIX_PATH}:/home/coche/coche_ws/install/f1tenth_stack:/home/coche/coche_ws/install/ver_trayectoria:/home/coche/coche_ws/install/joy_teleop:/home/coche/coche_ws/install/stanley_avoidance:/home/coche/coche_ws/install/particle_filter:/home/coche/coche_ws/install/mouse_teleop:/home/coche/coche_ws/install/key_teleop:/opt/ros/foxy /usr/bin/cmake --build /home/coche/coche_ws/build/wall_follow -- -j4 -l4
[1.405s] Invoked command in '/home/coche/coche_ws/build/wall_follow' returned '0': CMAKE_PREFIX_PATH=${CMAKE_PREFIX_PATH}:/home/coche/coche_ws/install/f1tenth_stack:/home/coche/coche_ws/install/ver_trayectoria:/home/coche/coche_ws/install/joy_teleop:/home/coche/coche_ws/install/stanley_avoidance:/home/coche/coche_ws/install/particle_filter:/home/coche/coche_ws/install/mouse_teleop:/home/coche/coche_ws/install/key_teleop:/opt/ros/foxy /usr/bin/cmake --build /home/coche/coche_ws/build/wall_follow -- -j4 -l4
[1.428s] Invoking command in '/home/coche/coche_ws/build/wall_follow': CMAKE_PREFIX_PATH=${CMAKE_PREFIX_PATH}:/home/coche/coche_ws/install/f1tenth_stack:/home/coche/coche_ws/install/ver_trayectoria:/home/coche/coche_ws/install/joy_teleop:/home/coche/coche_ws/install/stanley_avoidance:/home/coche/coche_ws/install/particle_filter:/home/coche/coche_ws/install/mouse_teleop:/home/coche/coche_ws/install/key_teleop:/opt/ros/foxy /usr/bin/cmake --install /home/coche/coche_ws/build/wall_follow
[1.468s] -- Install configuration: ""
[1.468s] -- Up-to-date: /home/coche/coche_ws/install/wall_follow/share/wall_follow/environment/pythonpath.sh
[1.469s] -- Up-to-date: /home/coche/coche_ws/install/wall_follow/share/wall_follow/environment/pythonpath.dsv
[1.469s] -- Up-to-date: /home/coche/coche_ws/install/wall_follow/lib/python3.8/site-packages/wall_follow
[1.470s] -- Up-to-date: /home/coche/coche_ws/install/wall_follow/lib/python3.8/site-packages/wall_follow/__init__.py
[1.639s] Listing '/home/coche/coche_ws/install/wall_follow/lib/python3.8/site-packages/wall_follow'...
[1.656s] -- Up-to-date: /home/coche/coche_ws/install/wall_follow/lib/wall_follow/wall_follow_node.py
[1.657s] -- Up-to-date: /home/coche/coche_ws/install/wall_follow/share/ament_index/resource_index/package_run_dependencies/wall_follow
[1.658s] -- Up-to-date: /home/coche/coche_ws/install/wall_follow/share/ament_index/resource_index/parent_prefix_path/wall_follow
[1.658s] -- Up-to-date: /home/coche/coche_ws/install/wall_follow/share/wall_follow/environment/ament_prefix_path.sh
[1.658s] -- Up-to-date: /home/coche/coche_ws/install/wall_follow/share/wall_follow/environment/ament_prefix_path.dsv
[1.660s] -- Up-to-date: /home/coche/coche_ws/install/wall_follow/share/wall_follow/environment/path.sh
[1.660s] -- Up-to-date: /home/coche/coche_ws/install/wall_follow/share/wall_follow/environment/path.dsv
[1.661s] -- Up-to-date: /home/coche/coche_ws/install/wall_follow/share/wall_follow/local_setup.bash
[1.661s] -- Up-to-date: /home/coche/coche_ws/install/wall_follow/share/wall_follow/local_setup.sh
[1.661s] -- Up-to-date: /home/coche/coche_ws/install/wall_follow/share/wall_follow/local_setup.zsh
[1.662s] -- Up-to-date: /home/coche/coche_ws/install/wall_follow/share/wall_follow/local_setup.dsv
[1.662s] -- Installing: /home/coche/coche_ws/install/wall_follow/share/wall_follow/package.dsv
[1.663s] -- Up-to-date: /home/coche/coche_ws/install/wall_follow/share/ament_index/resource_index/packages/wall_follow
[1.664s] -- Up-to-date: /home/coche/coche_ws/install/wall_follow/share/wall_follow/cmake/wall_followConfig.cmake
[1.664s] -- Up-to-date: /home/coche/coche_ws/install/wall_follow/share/wall_follow/cmake/wall_followConfig-version.cmake
[1.665s] -- Up-to-date: /home/coche/coche_ws/install/wall_follow/share/wall_follow/package.xml
[1.677s] Invoked command in '/home/coche/coche_ws/build/wall_follow' returned '0': CMAKE_PREFIX_PATH=${CMAKE_PREFIX_PATH}:/home/coche/coche_ws/install/f1tenth_stack:/home/coche/coche_ws/install/ver_trayectoria:/home/coche/coche_ws/install/joy_teleop:/home/coche/coche_ws/install/stanley_avoidance:/home/coche/coche_ws/install/particle_filter:/home/coche/coche_ws/install/mouse_teleop:/home/coche/coche_ws/install/key_teleop:/opt/ros/foxy /usr/bin/cmake --install /home/coche/coche_ws/build/wall_follow
