[6.197s] Invoking command in '/home/coche/coche_ws/src/f1tenth_system/particle filter': PYTHONPATH=/home/coche/coche_ws/build/particle_filter/prefix_override:/usr/lib/python3/dist-packages/colcon_core/task/python/colcon_distutils_commands:/home/coche/coche_ws/install/particle_filter/lib/python3.8/site-packages:${PYTHONPATH} /usr/bin/python3 -W ignore:setup.py install is deprecated -W ignore:easy_install command is deprecated setup.py egg_info --egg-base ../../../build/particle_filter build --build-base /home/coche/coche_ws/build/particle_filter/build install --record /home/coche/coche_ws/build/particle_filter/install.log --install-scripts $base/lib/particle_filter --single-version-externally-managed install_data
[7.960s] running egg_info
[7.963s] writing ../../../build/particle_filter/particle_filter.egg-info/PKG-INFO
[7.965s] writing dependency_links to ../../../build/particle_filter/particle_filter.egg-info/dependency_links.txt
[7.966s] writing entry points to ../../../build/particle_filter/particle_filter.egg-info/entry_points.txt
[7.967s] writing requirements to ../../../build/particle_filter/particle_filter.egg-info/requires.txt
[7.968s] writing top-level names to ../../../build/particle_filter/particle_filter.egg-info/top_level.txt
[8.170s] reading manifest file '../../../build/particle_filter/particle_filter.egg-info/SOURCES.txt'
[8.178s] writing manifest file '../../../build/particle_filter/particle_filter.egg-info/SOURCES.txt'
[8.183s] running build
[8.183s] running build_py
[8.196s] running install
[8.210s] running install_lib
[8.228s] running install_data
[8.249s] running install_egg_info
[8.272s] removing '/home/coche/coche_ws/install/particle_filter/lib/python3.8/site-packages/particle_filter-0.2.0-py3.8.egg-info' (and everything under it)
[8.273s] Copying ../../../build/particle_filter/particle_filter.egg-info to /home/coche/coche_ws/install/particle_filter/lib/python3.8/site-packages/particle_filter-0.2.0-py3.8.egg-info
[8.273s] running install_scripts
[8.359s] Installing particle_filter script to /home/coche/coche_ws/install/particle_filter/lib/particle_filter
[8.362s] writing list of installed files to '/home/coche/coche_ws/build/particle_filter/install.log'
[8.607s] Invoked command in '/home/coche/coche_ws/src/f1tenth_system/particle filter' returned '0': PYTHONPATH=/home/coche/coche_ws/build/particle_filter/prefix_override:/usr/lib/python3/dist-packages/colcon_core/task/python/colcon_distutils_commands:/home/coche/coche_ws/install/particle_filter/lib/python3.8/site-packages:${PYTHONPATH} /usr/bin/python3 -W ignore:setup.py install is deprecated -W ignore:easy_install command is deprecated setup.py egg_info --egg-base ../../../build/particle_filter build --build-base /home/coche/coche_ws/build/particle_filter/build install --record /home/coche/coche_ws/build/particle_filter/install.log --install-scripts $base/lib/particle_filter --single-version-externally-managed install_data
