[5.982s] Invoking command in '/home/coche/coche_ws/src/f1tenth_system/ver_trayectoria': PYTHONPATH=/home/coche/coche_ws/build/ver_trayectoria/prefix_override:/usr/lib/python3/dist-packages/colcon_core/task/python/colcon_distutils_commands:/home/coche/coche_ws/install/ver_trayectoria/lib/python3.8/site-packages:${PYTHONPATH} /usr/bin/python3 -W ignore:setup.py install is deprecated -W ignore:easy_install command is deprecated setup.py egg_info --egg-base ../../../build/ver_trayectoria build --build-base /home/coche/coche_ws/build/ver_trayectoria/build install --record /home/coche/coche_ws/build/ver_trayectoria/install.log --install-scripts $base/lib/ver_trayectoria --single-version-externally-managed install_data
[7.166s] running egg_info
[7.169s] writing ../../../build/ver_trayectoria/ver_trayectoria.egg-info/PKG-INFO
[7.237s] writing dependency_links to ../../../build/ver_trayectoria/ver_trayectoria.egg-info/dependency_links.txt
[7.238s] writing entry points to ../../../build/ver_trayectoria/ver_trayectoria.egg-info/entry_points.txt
[7.239s] writing requirements to ../../../build/ver_trayectoria/ver_trayectoria.egg-info/requires.txt
[7.240s] writing top-level names to ../../../build/ver_trayectoria/ver_trayectoria.egg-info/top_level.txt
[7.437s] reading manifest file '../../../build/ver_trayectoria/ver_trayectoria.egg-info/SOURCES.txt'
[7.441s] writing manifest file '../../../build/ver_trayectoria/ver_trayectoria.egg-info/SOURCES.txt'
[7.443s] running build
[7.444s] running build_py
[7.445s] running install
[7.450s] running install_lib
[7.458s] running install_data
[7.461s] running install_egg_info
[7.469s] removing '/home/coche/coche_ws/install/ver_trayectoria/lib/python3.8/site-packages/ver_trayectoria-0.0.0-py3.8.egg-info' (and everything under it)
[7.471s] Copying ../../../build/ver_trayectoria/ver_trayectoria.egg-info to /home/coche/coche_ws/install/ver_trayectoria/lib/python3.8/site-packages/ver_trayectoria-0.0.0-py3.8.egg-info
[7.478s] running install_scripts
[7.571s] Installing ver_trayectoria script to /home/coche/coche_ws/install/ver_trayectoria/lib/ver_trayectoria
[7.575s] writing list of installed files to '/home/coche/coche_ws/build/ver_trayectoria/install.log'
[7.694s] Invoked command in '/home/coche/coche_ws/src/f1tenth_system/ver_trayectoria' returned '0': PYTHONPATH=/home/coche/coche_ws/build/ver_trayectoria/prefix_override:/usr/lib/python3/dist-packages/colcon_core/task/python/colcon_distutils_commands:/home/coche/coche_ws/install/ver_trayectoria/lib/python3.8/site-packages:${PYTHONPATH} /usr/bin/python3 -W ignore:setup.py install is deprecated -W ignore:easy_install command is deprecated setup.py egg_info --egg-base ../../../build/ver_trayectoria build --build-base /home/coche/coche_ws/build/ver_trayectoria/build install --record /home/coche/coche_ws/build/ver_trayectoria/install.log --install-scripts $base/lib/ver_trayectoria --single-version-externally-managed install_data
