[3.325s] Invoking command in '/home/coche/coche_ws/src/f1tenth_system/stanley_avoidance': PYTHONPATH=/home/coche/coche_ws/build/stanley_avoidance/prefix_override:/usr/lib/python3/dist-packages/colcon_core/task/python/colcon_distutils_commands:/home/coche/coche_ws/install/stanley_avoidance/lib/python3.8/site-packages:${PYTHONPATH} /usr/bin/python3 -W ignore:setup.py install is deprecated -W ignore:easy_install command is deprecated setup.py egg_info --egg-base ../../../build/stanley_avoidance build --build-base /home/coche/coche_ws/build/stanley_avoidance/build install --record /home/coche/coche_ws/build/stanley_avoidance/install.log --install-scripts $base/lib/stanley_avoidance --single-version-externally-managed install_data
[4.413s] running egg_info
[4.415s] writing ../../../build/stanley_avoidance/stanley_avoidance.egg-info/PKG-INFO
[4.417s] writing dependency_links to ../../../build/stanley_avoidance/stanley_avoidance.egg-info/dependency_links.txt
[4.417s] writing entry points to ../../../build/stanley_avoidance/stanley_avoidance.egg-info/entry_points.txt
[4.418s] writing requirements to ../../../build/stanley_avoidance/stanley_avoidance.egg-info/requires.txt
[4.418s] writing top-level names to ../../../build/stanley_avoidance/stanley_avoidance.egg-info/top_level.txt
[4.568s] reading manifest file '../../../build/stanley_avoidance/stanley_avoidance.egg-info/SOURCES.txt'
[4.576s] writing manifest file '../../../build/stanley_avoidance/stanley_avoidance.egg-info/SOURCES.txt'
[4.577s] running build
[4.577s] running build_py
[4.588s] running install
[4.592s] running install_lib
[4.606s] running install_data
[4.614s] running install_egg_info
[4.622s] removing '/home/coche/coche_ws/install/stanley_avoidance/lib/python3.8/site-packages/stanley_avoidance-0.0.0-py3.8.egg-info' (and everything under it)
[4.625s] Copying ../../../build/stanley_avoidance/stanley_avoidance.egg-info to /home/coche/coche_ws/install/stanley_avoidance/lib/python3.8/site-packages/stanley_avoidance-0.0.0-py3.8.egg-info
[4.631s] running install_scripts
[4.706s] Installing stanley_avoidance script to /home/coche/coche_ws/install/stanley_avoidance/lib/stanley_avoidance
[4.713s] writing list of installed files to '/home/coche/coche_ws/build/stanley_avoidance/install.log'
[5.362s] Invoked command in '/home/coche/coche_ws/src/f1tenth_system/stanley_avoidance' returned '0': PYTHONPATH=/home/coche/coche_ws/build/stanley_avoidance/prefix_override:/usr/lib/python3/dist-packages/colcon_core/task/python/colcon_distutils_commands:/home/coche/coche_ws/install/stanley_avoidance/lib/python3.8/site-packages:${PYTHONPATH} /usr/bin/python3 -W ignore:setup.py install is deprecated -W ignore:easy_install command is deprecated setup.py egg_info --egg-base ../../../build/stanley_avoidance build --build-base /home/coche/coche_ws/build/stanley_avoidance/build install --record /home/coche/coche_ws/build/stanley_avoidance/install.log --install-scripts $base/lib/stanley_avoidance --single-version-externally-managed install_data
