[0.139s] Invoking command in '/home/coche/coche_ws/build/pure_pursuit': CMAKE_PREFIX_PATH=${CMAKE_PREFIX_PATH}:/home/coche/coche_ws/install/f1tenth_stack:/home/coche/coche_ws/install/ver_trayectoria:/home/coche/coche_ws/install/joy_teleop:/home/coche/coche_ws/install/stanley_avoidance:/home/coche/coche_ws/install/particle_filter:/home/coche/coche_ws/install/mouse_teleop:/home/coche/coche_ws/install/key_teleop:/opt/ros/foxy /usr/bin/cmake --build /home/coche/coche_ws/build/pure_pursuit -- -j4 -l4
[1.427s] Invoked command in '/home/coche/coche_ws/build/pure_pursuit' returned '0': CMAKE_PREFIX_PATH=${CMAKE_PREFIX_PATH}:/home/coche/coche_ws/install/f1tenth_stack:/home/coche/coche_ws/install/ver_trayectoria:/home/coche/coche_ws/install/joy_teleop:/home/coche/coche_ws/install/stanley_avoidance:/home/coche/coche_ws/install/particle_filter:/home/coche/coche_ws/install/mouse_teleop:/home/coche/coche_ws/install/key_teleop:/opt/ros/foxy /usr/bin/cmake --build /home/coche/coche_ws/build/pure_pursuit -- -j4 -l4
[1.442s] Invoking command in '/home/coche/coche_ws/build/pure_pursuit': CMAKE_PREFIX_PATH=${CMAKE_PREFIX_PATH}:/home/coche/coche_ws/install/f1tenth_stack:/home/coche/coche_ws/install/ver_trayectoria:/home/coche/coche_ws/install/joy_teleop:/home/coche/coche_ws/install/stanley_avoidance:/home/coche/coche_ws/install/particle_filter:/home/coche/coche_ws/install/mouse_teleop:/home/coche/coche_ws/install/key_teleop:/opt/ros/foxy /usr/bin/cmake --install /home/coche/coche_ws/build/pure_pursuit
[1.484s] -- Install configuration: ""
[1.485s] -- Up-to-date: /home/coche/coche_ws/install/pure_pursuit/share/pure_pursuit/environment/pythonpath.sh
[1.486s] -- Up-to-date: /home/coche/coche_ws/install/pure_pursuit/share/pure_pursuit/environment/pythonpath.dsv
[1.486s] -- Up-to-date: /home/coche/coche_ws/install/pure_pursuit/lib/python3.8/site-packages/pure_pursuit
[1.487s] -- Up-to-date: /home/coche/coche_ws/install/pure_pursuit/lib/python3.8/site-packages/pure_pursuit/__init__.py
[1.665s] Listing '/home/coche/coche_ws/install/pure_pursuit/lib/python3.8/site-packages/pure_pursuit'...
[1.682s] -- Up-to-date: /home/coche/coche_ws/install/pure_pursuit/lib/pure_pursuit/pure_pursuit_node.py
[1.682s] -- Up-to-date: /home/coche/coche_ws/install/pure_pursuit/lib/pure_pursuit/final_race_pure_pursuit_node.py
[1.682s] -- Up-to-date: /home/coche/coche_ws/install/pure_pursuit/share/ament_index/resource_index/package_run_dependencies/pure_pursuit
[1.683s] -- Up-to-date: /home/coche/coche_ws/install/pure_pursuit/share/ament_index/resource_index/parent_prefix_path/pure_pursuit
[1.683s] -- Up-to-date: /home/coche/coche_ws/install/pure_pursuit/share/pure_pursuit/environment/ament_prefix_path.sh
[1.684s] -- Up-to-date: /home/coche/coche_ws/install/pure_pursuit/share/pure_pursuit/environment/ament_prefix_path.dsv
[1.684s] -- Up-to-date: /home/coche/coche_ws/install/pure_pursuit/share/pure_pursuit/environment/path.sh
[1.684s] -- Up-to-date: /home/coche/coche_ws/install/pure_pursuit/share/pure_pursuit/environment/path.dsv
[1.685s] -- Up-to-date: /home/coche/coche_ws/install/pure_pursuit/share/pure_pursuit/local_setup.bash
[1.685s] -- Up-to-date: /home/coche/coche_ws/install/pure_pursuit/share/pure_pursuit/local_setup.sh
[1.686s] -- Up-to-date: /home/coche/coche_ws/install/pure_pursuit/share/pure_pursuit/local_setup.zsh
[1.688s] -- Up-to-date: /home/coche/coche_ws/install/pure_pursuit/share/pure_pursuit/local_setup.dsv
[1.688s] -- Installing: /home/coche/coche_ws/install/pure_pursuit/share/pure_pursuit/package.dsv
[1.689s] -- Up-to-date: /home/coche/coche_ws/install/pure_pursuit/share/ament_index/resource_index/packages/pure_pursuit
[1.689s] -- Up-to-date: /home/coche/coche_ws/install/pure_pursuit/share/pure_pursuit/cmake/pure_pursuitConfig.cmake
[1.690s] -- Up-to-date: /home/coche/coche_ws/install/pure_pursuit/share/pure_pursuit/cmake/pure_pursuitConfig-version.cmake
[1.690s] -- Up-to-date: /home/coche/coche_ws/install/pure_pursuit/share/pure_pursuit/package.xml
[1.720s] Invoked command in '/home/coche/coche_ws/build/pure_pursuit' returned '0': CMAKE_PREFIX_PATH=${CMAKE_PREFIX_PATH}:/home/coche/coche_ws/install/f1tenth_stack:/home/coche/coche_ws/install/ver_trayectoria:/home/coche/coche_ws/install/joy_teleop:/home/coche/coche_ws/install/stanley_avoidance:/home/coche/coche_ws/install/particle_filter:/home/coche/coche_ws/install/mouse_teleop:/home/coche/coche_ws/install/key_teleop:/opt/ros/foxy /usr/bin/cmake --install /home/coche/coche_ws/build/pure_pursuit
