[0.196s] Invoking command in '/home/coche/coche_ws/build/ackermann_mux': CMAKE_PREFIX_PATH=${CMAKE_PREFIX_PATH}:/home/coche/coche_ws/install/f1tenth_stack:/home/coche/coche_ws/install/joy_teleop:/home/coche/coche_ws/install/mouse_teleop:/home/coche/coche_ws/install/key_teleop:/opt/ros/foxy /usr/bin/cmake /home/coche/coche_ws/src/f1tenth_system/ackermann_mux -DCMAKE_INSTALL_PREFIX=/home/coche/coche_ws/install/ackermann_mux
[0.703s] -- The C compiler identification is GNU 9.4.0
[1.122s] -- The CXX compiler identification is GNU 9.4.0
[1.150s] -- Check for working C compiler: /usr/bin/cc
[1.577s] -- Check for working C compiler: /usr/bin/cc -- works
[1.583s] -- Detecting C compiler ABI info
[2.152s] -- Detecting C compiler ABI info - done
[2.230s] -- Detecting C compile features
[2.232s] -- Detecting C compile features - done
[2.248s] -- Check for working CXX compiler: /usr/bin/c++
[2.919s] -- Check for working CXX compiler: /usr/bin/c++ -- works
[2.925s] -- Detecting CXX compiler ABI info
[3.418s] -- Detecting CXX compiler ABI info - done
[3.508s] -- Detecting CXX compile features
[3.511s] -- Detecting CXX compile features - done
[3.526s] -- Found ament_cmake: 0.9.12 (/opt/ros/foxy/share/ament_cmake/cmake)
[3.744s] -- Found PythonInterp: /usr/bin/python3 (found suitable version "3.8.10", minimum required is "3") 
[3.744s] -- Using PYTHON_EXECUTABLE: /usr/bin/python3
[4.789s] -- Found rclcpp: 2.4.3 (/opt/ros/foxy/share/rclcpp/cmake)
[5.038s] -- Using all available rosidl_typesupport_c: rosidl_typesupport_fastrtps_c;rosidl_typesupport_introspection_c
[5.075s] -- Found rosidl_adapter: 1.3.1 (/opt/ros/foxy/share/rosidl_adapter/cmake)
[5.560s] -- Found OpenSSL: /usr/lib/aarch64-linux-gnu/libcrypto.so (found version "1.1.1f")  
[5.758s] -- Found FastRTPS: /opt/ros/foxy/include  
[6.221s] -- Using all available rosidl_typesupport_cpp: rosidl_typesupport_fastrtps_cpp;rosidl_typesupport_introspection_cpp
[6.624s] -- Found rmw_implementation_cmake: 1.0.4 (/opt/ros/foxy/share/rmw_implementation_cmake/cmake)
[6.640s] -- Using RMW implementation 'rmw_fastrtps_cpp' as default
[6.647s] -- Looking for pthread.h
[7.085s] -- Looking for pthread.h - found
[7.087s] -- Performing Test CMAKE_HAVE_LIBC_PTHREAD
[7.536s] -- Performing Test CMAKE_HAVE_LIBC_PTHREAD - Failed
[7.538s] -- Looking for pthread_create in pthreads
[7.847s] -- Looking for pthread_create in pthreads - not found
[7.848s] -- Looking for pthread_create in pthread
[8.217s] -- Looking for pthread_create in pthread - found
[8.225s] -- Found Threads: TRUE  
[9.173s] -- Found ackermann_msgs: 2.0.2 (/opt/ros/foxy/share/ackermann_msgs/cmake)
[9.388s] -- Found diagnostic_updater: 3.1.2 (/opt/ros/foxy/share/diagnostic_updater/cmake)
[9.759s] -- Found ament_lint_auto: 0.9.8 (/opt/ros/foxy/share/ament_lint_auto/cmake)
[10.267s] -- Found python_cmake_module: 0.8.1 (/opt/ros/foxy/share/python_cmake_module/cmake)
[10.508s] -- Found PythonInterp: /usr/bin/python3 (found suitable version "3.8.10", minimum required is "3.5") 
[10.558s] -- Found PythonLibs: /usr/lib/aarch64-linux-gnu/libpython3.8.so (found suitable version "3.8.10", minimum required is "3.5") 
[10.560s] -- Using PYTHON_EXECUTABLE: /usr/bin/python3
[10.561s] -- Using PYTHON_INCLUDE_DIRS: /usr/include/python3.8
[10.561s] -- Using PYTHON_LIBRARIES: /usr/lib/aarch64-linux-gnu/libpython3.8.so
[10.677s] -- Found PythonExtra: .so  
[10.752s] -- Added test 'xmllint' to check XML markup files
[10.756s] -- Added test 'copyright' to check source files copyright and LICENSE
[10.770s] -- Added test 'cppcheck' to perform static code analysis on C / C++ code
[10.771s] -- Configured cppcheck include dirs: /home/coche/coche_ws/src/f1tenth_system/ackermann_mux/include
[10.772s] -- Configured cppcheck exclude dirs and/or files: 
[10.785s] -- Added test 'cpplint' to check C / C++ code against the Google style
[10.785s] -- Configured cpplint exclude dirs and/or files: 
[10.789s] -- Added test 'flake8' to check Python code syntax and style conventions
[10.796s] -- Added test 'lint_cmake' to check CMake code style
[10.801s] -- Added test 'pep257' to check Python code against some of the style conventions in PEP 257
[10.813s] -- Added test 'uncrustify' to check C / C++ code style
[10.813s] -- Configured uncrustify additional arguments: 
[10.847s] -- Configuring done
[10.898s] -- Generating done
[10.907s] -- Build files have been written to: /home/coche/coche_ws/build/ackermann_mux
[10.966s] Invoked command in '/home/coche/coche_ws/build/ackermann_mux' returned '0': CMAKE_PREFIX_PATH=${CMAKE_PREFIX_PATH}:/home/coche/coche_ws/install/f1tenth_stack:/home/coche/coche_ws/install/joy_teleop:/home/coche/coche_ws/install/mouse_teleop:/home/coche/coche_ws/install/key_teleop:/opt/ros/foxy /usr/bin/cmake /home/coche/coche_ws/src/f1tenth_system/ackermann_mux -DCMAKE_INSTALL_PREFIX=/home/coche/coche_ws/install/ackermann_mux
[10.970s] Invoking command in '/home/coche/coche_ws/build/ackermann_mux': CMAKE_PREFIX_PATH=${CMAKE_PREFIX_PATH}:/home/coche/coche_ws/install/f1tenth_stack:/home/coche/coche_ws/install/joy_teleop:/home/coche/coche_ws/install/mouse_teleop:/home/coche/coche_ws/install/key_teleop:/opt/ros/foxy /usr/bin/cmake --build /home/coche/coche_ws/build/ackermann_mux -- -j4 -l4
[11.161s] [35m[1mScanning dependencies of target ackermann_mux[0m
[11.597s] [ 25%] [32mBuilding CXX object CMakeFiles/ackermann_mux.dir/src/ackermann_mux.cpp.o[0m
[11.625s] [ 50%] [32mBuilding CXX object CMakeFiles/ackermann_mux.dir/src/ackermann_mux_node.cpp.o[0m
[11.631s] [ 75%] [32mBuilding CXX object CMakeFiles/ackermann_mux.dir/src/ackermann_mux_diagnostics.cpp.o[0m
[60.026s] [100%] [32m[1mLinking CXX executable ackermann_mux[0m
[61.960s] [100%] Built target ackermann_mux
[62.013s] Invoked command in '/home/coche/coche_ws/build/ackermann_mux' returned '0': CMAKE_PREFIX_PATH=${CMAKE_PREFIX_PATH}:/home/coche/coche_ws/install/f1tenth_stack:/home/coche/coche_ws/install/joy_teleop:/home/coche/coche_ws/install/mouse_teleop:/home/coche/coche_ws/install/key_teleop:/opt/ros/foxy /usr/bin/cmake --build /home/coche/coche_ws/build/ackermann_mux -- -j4 -l4
[62.168s] Invoking command in '/home/coche/coche_ws/build/ackermann_mux': CMAKE_PREFIX_PATH=${CMAKE_PREFIX_PATH}:/home/coche/coche_ws/install/f1tenth_stack:/home/coche/coche_ws/install/joy_teleop:/home/coche/coche_ws/install/mouse_teleop:/home/coche/coche_ws/install/key_teleop:/opt/ros/foxy /usr/bin/cmake --install /home/coche/coche_ws/build/ackermann_mux
[62.204s] -- Install configuration: ""
[62.206s] -- Installing: /home/coche/coche_ws/install/ackermann_mux/lib/ackermann_mux/ackermann_mux
[62.236s] -- Set runtime path of "/home/coche/coche_ws/install/ackermann_mux/lib/ackermann_mux/ackermann_mux" to ""
[62.237s] -- Installing: /home/coche/coche_ws/install/ackermann_mux/share/ackermann_mux/launch
[62.237s] -- Installing: /home/coche/coche_ws/install/ackermann_mux/share/ackermann_mux/launch/ackermann_mux_launch.py
[62.238s] -- Installing: /home/coche/coche_ws/install/ackermann_mux/share/ackermann_mux/config
[62.238s] -- Installing: /home/coche/coche_ws/install/ackermann_mux/share/ackermann_mux/config/ackermann_mux_topics.yaml
[62.239s] -- Installing: /home/coche/coche_ws/install/ackermann_mux/share/ackermann_mux/config/joystick.yaml
[62.241s] -- Installing: /home/coche/coche_ws/install/ackermann_mux/share/ackermann_mux/config/ackermann_mux_locks.yaml
[62.242s] -- Installing: /home/coche/coche_ws/install/ackermann_mux/include
[62.243s] -- Installing: /home/coche/coche_ws/install/ackermann_mux/include/ackermann_mux
[62.244s] -- Installing: /home/coche/coche_ws/install/ackermann_mux/include/ackermann_mux/ackermann_mux_diagnostics_status.hpp
[62.245s] -- Installing: /home/coche/coche_ws/install/ackermann_mux/include/ackermann_mux/ackermann_mux.hpp
[62.246s] -- Installing: /home/coche/coche_ws/install/ackermann_mux/include/ackermann_mux/topic_handle.hpp
[62.249s] -- Installing: /home/coche/coche_ws/install/ackermann_mux/include/ackermann_mux/params_helpers.hpp
[62.249s] -- Installing: /home/coche/coche_ws/install/ackermann_mux/include/ackermann_mux/ackermann_mux_diagnostics.hpp
[62.250s] -- Installing: /home/coche/coche_ws/install/ackermann_mux/include/ackermann_mux/utils.hpp
[62.251s] -- Installing: /home/coche/coche_ws/install/ackermann_mux/share/ament_index/resource_index/package_run_dependencies/ackermann_mux
[62.252s] -- Installing: /home/coche/coche_ws/install/ackermann_mux/share/ament_index/resource_index/parent_prefix_path/ackermann_mux
[62.253s] -- Installing: /home/coche/coche_ws/install/ackermann_mux/share/ackermann_mux/environment/ament_prefix_path.sh
[62.255s] -- Installing: /home/coche/coche_ws/install/ackermann_mux/share/ackermann_mux/environment/ament_prefix_path.dsv
[62.256s] -- Installing: /home/coche/coche_ws/install/ackermann_mux/share/ackermann_mux/environment/path.sh
[62.257s] -- Installing: /home/coche/coche_ws/install/ackermann_mux/share/ackermann_mux/environment/path.dsv
[62.258s] -- Installing: /home/coche/coche_ws/install/ackermann_mux/share/ackermann_mux/local_setup.bash
[62.259s] -- Installing: /home/coche/coche_ws/install/ackermann_mux/share/ackermann_mux/local_setup.sh
[62.259s] -- Installing: /home/coche/coche_ws/install/ackermann_mux/share/ackermann_mux/local_setup.zsh
[62.261s] -- Installing: /home/coche/coche_ws/install/ackermann_mux/share/ackermann_mux/local_setup.dsv
[62.264s] -- Installing: /home/coche/coche_ws/install/ackermann_mux/share/ackermann_mux/package.dsv
[62.265s] -- Installing: /home/coche/coche_ws/install/ackermann_mux/share/ament_index/resource_index/packages/ackermann_mux
[62.265s] -- Installing: /home/coche/coche_ws/install/ackermann_mux/share/ackermann_mux/cmake/ament_cmake_export_include_directories-extras.cmake
[62.266s] -- Installing: /home/coche/coche_ws/install/ackermann_mux/share/ackermann_mux/cmake/ament_cmake_export_dependencies-extras.cmake
[62.266s] -- Installing: /home/coche/coche_ws/install/ackermann_mux/share/ackermann_mux/cmake/ackermann_muxConfig.cmake
[62.266s] -- Installing: /home/coche/coche_ws/install/ackermann_mux/share/ackermann_mux/cmake/ackermann_muxConfig-version.cmake
[62.267s] -- Installing: /home/coche/coche_ws/install/ackermann_mux/share/ackermann_mux/package.xml
[62.285s] Invoked command in '/home/coche/coche_ws/build/ackermann_mux' returned '0': CMAKE_PREFIX_PATH=${CMAKE_PREFIX_PATH}:/home/coche/coche_ws/install/f1tenth_stack:/home/coche/coche_ws/install/joy_teleop:/home/coche/coche_ws/install/mouse_teleop:/home/coche/coche_ws/install/key_teleop:/opt/ros/foxy /usr/bin/cmake --install /home/coche/coche_ws/build/ackermann_mux
