/home/coche/coche_ws/install/particle_filter/lib/python3.8/site-packages/particle_filter/particle_filter.py
/home/coche/coche_ws/install/particle_filter/lib/python3.8/site-packages/particle_filter/__init__.py
/home/coche/coche_ws/install/particle_filter/lib/python3.8/site-packages/particle_filter/utils.py
/home/coche/coche_ws/install/particle_filter/lib/python3.8/site-packages/particle_filter/__pycache__/particle_filter.cpython-38.pyc
/home/coche/coche_ws/install/particle_filter/lib/python3.8/site-packages/particle_filter/__pycache__/__init__.cpython-38.pyc
/home/coche/coche_ws/install/particle_filter/lib/python3.8/site-packages/particle_filter/__pycache__/utils.cpython-38.pyc
/home/coche/coche_ws/install/particle_filter/share/ament_index/resource_index/packages/particle_filter
/home/coche/coche_ws/install/particle_filter/share/particle_filter/package.xml
/home/coche/coche_ws/install/particle_filter/share/particle_filter/maps/e7_floor3_merged.png
/home/coche/coche_ws/install/particle_filter/share/particle_filter/maps/prueba2.yaml
/home/coche/coche_ws/install/particle_filter/share/particle_filter/maps/pruebas2.yaml
/home/coche/coche_ws/install/particle_filter/share/particle_filter/maps/Silverstone_map.png
/home/coche/coche_ws/install/particle_filter/share/particle_filter/maps/MAPAPADRE.pgm
/home/coche/coche_ws/install/particle_filter/share/particle_filter/maps/chill.yaml
/home/coche/coche_ws/install/particle_filter/share/particle_filter/maps/PRUEBACASA.pgm
/home/coche/coche_ws/install/particle_filter/share/particle_filter/maps/PRUEBACASA.yaml
/home/coche/coche_ws/install/particle_filter/share/particle_filter/maps/e7_floor5_biggest_RAW.pgm
/home/coche/coche_ws/install/particle_filter/share/particle_filter/maps/Hockenheim_map.yaml
/home/coche/coche_ws/install/particle_filter/share/particle_filter/maps/cps_2023.pgm
/home/coche/coche_ws/install/particle_filter/share/particle_filter/maps/Silverstone_map.yaml
/home/coche/coche_ws/install/particle_filter/share/particle_filter/maps/cps_2023_old.yaml
/home/coche/coche_ws/install/particle_filter/share/particle_filter/maps/chill2.pgm
/home/coche/coche_ws/install/particle_filter/share/particle_filter/maps/cps_2023.yaml
/home/coche/coche_ws/install/particle_filter/share/particle_filter/maps/prueba2.pgm
/home/coche/coche_ws/install/particle_filter/share/particle_filter/maps/pruebas2.pgm
/home/coche/coche_ws/install/particle_filter/share/particle_filter/maps/e7_floor5.pgm
/home/coche/coche_ws/install/particle_filter/share/particle_filter/maps/chill2.yaml
/home/coche/coche_ws/install/particle_filter/share/particle_filter/maps/e7_floor5_bigger.pgm
/home/coche/coche_ws/install/particle_filter/share/particle_filter/maps/e7_floor5_bigger.yaml
/home/coche/coche_ws/install/particle_filter/share/particle_filter/maps/e7_floor3_merged.yaml
/home/coche/coche_ws/install/particle_filter/share/particle_filter/maps/ofi.pgm
/home/coche/coche_ws/install/particle_filter/share/particle_filter/maps/e7_floor5_biggest.pgm
/home/coche/coche_ws/install/particle_filter/share/particle_filter/maps/ofi.yaml
/home/coche/coche_ws/install/particle_filter/share/particle_filter/maps/chill.pgm
/home/coche/coche_ws/install/particle_filter/share/particle_filter/maps/cps_2023_old.pgm
/home/coche/coche_ws/install/particle_filter/share/particle_filter/maps/MAPAPADRE.yaml
/home/coche/coche_ws/install/particle_filter/share/particle_filter/maps/e7_floor5.yaml
/home/coche/coche_ws/install/particle_filter/share/particle_filter/maps/e7_floor5_biggest.yaml
/home/coche/coche_ws/install/particle_filter/share/particle_filter/maps/Hockenheim_map.png
/home/coche/coche_ws/install/particle_filter/share/particle_filter/launch/localize_launch.py
/home/coche/coche_ws/install/particle_filter/share/particle_filter/config/localize.yaml
/home/coche/coche_ws/install/particle_filter/lib/python3.8/site-packages/particle_filter-0.2.0-py3.8.egg-info/entry_points.txt
/home/coche/coche_ws/install/particle_filter/lib/python3.8/site-packages/particle_filter-0.2.0-py3.8.egg-info/SOURCES.txt
/home/coche/coche_ws/install/particle_filter/lib/python3.8/site-packages/particle_filter-0.2.0-py3.8.egg-info/requires.txt
/home/coche/coche_ws/install/particle_filter/lib/python3.8/site-packages/particle_filter-0.2.0-py3.8.egg-info/PKG-INFO
/home/coche/coche_ws/install/particle_filter/lib/python3.8/site-packages/particle_filter-0.2.0-py3.8.egg-info/top_level.txt
/home/coche/coche_ws/install/particle_filter/lib/python3.8/site-packages/particle_filter-0.2.0-py3.8.egg-info/dependency_links.txt
/home/coche/coche_ws/install/particle_filter/lib/python3.8/site-packages/particle_filter-0.2.0-py3.8.egg-info/zip-safe
/home/coche/coche_ws/install/particle_filter/lib/particle_filter/particle_filter
