[0.209s] Invoking command in '/home/coche/coche_ws/build/teleop_tools_msgs': CMAKE_PREFIX_PATH=${CMAKE_PREFIX_PATH}:/home/coche/coche_ws/install/f1tenth_stack:/home/coche/coche_ws/install/joy_teleop:/home/coche/coche_ws/install/mouse_teleop:/home/coche/coche_ws/install/key_teleop:/opt/ros/foxy /usr/bin/cmake /home/coche/coche_ws/src/f1tenth_system/teleop_tools/teleop_tools_msgs -DCMAKE_INSTALL_PREFIX=/home/coche/coche_ws/install/teleop_tools_msgs
[0.749s] -- The C compiler identification is GNU 9.4.0
[1.156s] -- The CXX compiler identification is GNU 9.4.0
[1.191s] -- Check for working C compiler: /usr/bin/cc
[1.717s] -- Check for working C compiler: /usr/bin/cc -- works
[1.719s] -- Detecting C compiler ABI info
[2.189s] -- Detecting C compiler ABI info - done
[2.250s] -- Detecting C compile features
[2.252s] -- Detecting C compile features - done
[2.270s] -- Check for working CXX compiler: /usr/bin/c++
[2.895s] -- Check for working CXX compiler: /usr/bin/c++ -- works
[2.900s] -- Detecting CXX compiler ABI info
[3.380s] -- Detecting CXX compiler ABI info - done
[3.493s] -- Detecting CXX compile features
[3.499s] -- Detecting CXX compile features - done
[3.514s] -- Found ament_cmake: 0.9.12 (/opt/ros/foxy/share/ament_cmake/cmake)
[3.659s] -- Found PythonInterp: /usr/bin/python3 (found suitable version "3.8.10", minimum required is "3") 
[3.660s] -- Using PYTHON_EXECUTABLE: /usr/bin/python3
[4.715s] -- Found rosidl_default_generators: 1.0.1 (/opt/ros/foxy/share/rosidl_default_generators/cmake)
[4.747s] -- Using all available rosidl_typesupport_c: rosidl_typesupport_fastrtps_c;rosidl_typesupport_introspection_c
[4.788s] -- Found rosidl_adapter: 1.3.1 (/opt/ros/foxy/share/rosidl_adapter/cmake)
[5.449s] -- Found OpenSSL: /usr/lib/aarch64-linux-gnu/libcrypto.so (found version "1.1.1f")  
[5.615s] -- Found FastRTPS: /opt/ros/foxy/include  
[6.108s] -- Using all available rosidl_typesupport_cpp: rosidl_typesupport_fastrtps_cpp;rosidl_typesupport_introspection_cpp
[6.298s] -- Found ament_lint_auto: 0.9.8 (/opt/ros/foxy/share/ament_lint_auto/cmake)
[6.800s] -- Found PythonInterp: /usr/bin/python3 (found version "3.8.10") 
[7.615s] -- Found ament_cmake_ros: 0.9.2 (/opt/ros/foxy/share/ament_cmake_ros/cmake)
[8.426s] -- Using all available rosidl_typesupport_c: rosidl_typesupport_fastrtps_c;rosidl_typesupport_introspection_c
[8.646s] -- Using all available rosidl_typesupport_cpp: rosidl_typesupport_fastrtps_cpp;rosidl_typesupport_introspection_cpp
[8.810s] -- Found PythonInterp: /usr/bin/python3 (found suitable version "3.8.10", minimum required is "3.5") 
[8.818s] -- Found python_cmake_module: 0.8.1 (/opt/ros/foxy/share/python_cmake_module/cmake)
[8.963s] -- Found PythonLibs: /usr/lib/aarch64-linux-gnu/libpython3.8.so (found suitable version "3.8.10", minimum required is "3.5") 
[8.966s] -- Using PYTHON_EXECUTABLE: /usr/bin/python3
[8.967s] -- Using PYTHON_INCLUDE_DIRS: /usr/include/python3.8
[8.967s] -- Using PYTHON_LIBRARIES: /usr/lib/aarch64-linux-gnu/libpython3.8.so
[9.069s] -- Found PythonExtra: .so  
[9.411s] -- Added test 'copyright' to check source files copyright and LICENSE
[9.426s] -- Added test 'lint_cmake' to check CMake code style
[9.434s] -- Added test 'xmllint' to check XML markup files
[9.503s] -- Configuring done
[9.829s] -- Generating done
[9.851s] -- Build files have been written to: /home/coche/coche_ws/build/teleop_tools_msgs
[9.907s] Invoked command in '/home/coche/coche_ws/build/teleop_tools_msgs' returned '0': CMAKE_PREFIX_PATH=${CMAKE_PREFIX_PATH}:/home/coche/coche_ws/install/f1tenth_stack:/home/coche/coche_ws/install/joy_teleop:/home/coche/coche_ws/install/mouse_teleop:/home/coche/coche_ws/install/key_teleop:/opt/ros/foxy /usr/bin/cmake /home/coche/coche_ws/src/f1tenth_system/teleop_tools/teleop_tools_msgs -DCMAKE_INSTALL_PREFIX=/home/coche/coche_ws/install/teleop_tools_msgs
[9.910s] Invoking command in '/home/coche/coche_ws/build/teleop_tools_msgs': CMAKE_PREFIX_PATH=${CMAKE_PREFIX_PATH}:/home/coche/coche_ws/install/f1tenth_stack:/home/coche/coche_ws/install/joy_teleop:/home/coche/coche_ws/install/mouse_teleop:/home/coche/coche_ws/install/key_teleop:/opt/ros/foxy /usr/bin/cmake --build /home/coche/coche_ws/build/teleop_tools_msgs -- -j4 -l4
[10.149s] [35m[1mScanning dependencies of target teleop_tools_msgs__cpp[0m
[10.209s] [  3%] [34m[1mGenerating C code for ROS interfaces[0m
[10.259s] [  6%] [34m[1mGenerating C++ code for ROS interfaces[0m
[12.092s] [35m[1mScanning dependencies of target teleop_tools_msgs__rosidl_generator_c[0m
[12.178s] [  9%] [32mBuilding C object CMakeFiles/teleop_tools_msgs__rosidl_generator_c.dir/rosidl_generator_c/teleop_tools_msgs/action/detail/increment__functions.c.o[0m
[12.368s] [  9%] Built target teleop_tools_msgs__cpp
[12.449s] [ 12%] [34m[1mGenerating C++ type support for eProsima Fast-RTPS[0m
[12.460s] [ 16%] [34m[1mGenerating C++ type support dispatch for ROS interfaces[0m
[12.515s] [ 19%] [34m[1mGenerating C++ introspection for ROS interfaces[0m
[13.757s] [ 22%] [32m[1mLinking C shared library libteleop_tools_msgs__rosidl_generator_c.so[0m
[14.373s] [ 22%] Built target teleop_tools_msgs__rosidl_generator_c
[14.561s] [ 25%] [34m[1mGenerating C introspection for ROS interfaces[0m
[15.219s] [35m[1mScanning dependencies of target teleop_tools_msgs__rosidl_typesupport_cpp[0m
[15.471s] [ 29%] [32mBuilding CXX object CMakeFiles/teleop_tools_msgs__rosidl_typesupport_cpp.dir/rosidl_typesupport_cpp/teleop_tools_msgs/action/increment__type_support.cpp.o[0m
[15.487s] [35m[1mScanning dependencies of target teleop_tools_msgs__rosidl_typesupport_introspection_cpp[0m
[15.697s] [ 32%] [32mBuilding CXX object CMakeFiles/teleop_tools_msgs__rosidl_typesupport_introspection_cpp.dir/rosidl_typesupport_introspection_cpp/teleop_tools_msgs/action/detail/increment__type_support.cpp.o[0m
[15.825s] [35m[1mScanning dependencies of target teleop_tools_msgs__rosidl_typesupport_fastrtps_cpp[0m
[16.085s] [ 35%] [32mBuilding CXX object CMakeFiles/teleop_tools_msgs__rosidl_typesupport_fastrtps_cpp.dir/rosidl_typesupport_fastrtps_cpp/teleop_tools_msgs/action/detail/dds_fastrtps/increment__type_support.cpp.o[0m
[17.866s] [35m[1mScanning dependencies of target teleop_tools_msgs__rosidl_typesupport_introspection_c[0m
[18.071s] [ 38%] [32mBuilding C object CMakeFiles/teleop_tools_msgs__rosidl_typesupport_introspection_c.dir/rosidl_typesupport_introspection_c/teleop_tools_msgs/action/detail/increment__type_support.c.o[0m
[18.881s] [ 41%] [32m[1mLinking C shared library libteleop_tools_msgs__rosidl_typesupport_introspection_c.so[0m
[19.419s] [ 41%] Built target teleop_tools_msgs__rosidl_typesupport_introspection_c
[19.508s] [ 45%] [32m[1mLinking CXX shared library libteleop_tools_msgs__rosidl_typesupport_cpp.so[0m
[19.613s] [ 48%] [34m[1mGenerating C type support dispatch for ROS interfaces[0m
[20.159s] [ 48%] Built target teleop_tools_msgs__rosidl_typesupport_cpp
[20.734s] [ 51%] [32m[1mLinking CXX shared library libteleop_tools_msgs__rosidl_typesupport_introspection_cpp.so[0m
[21.623s] [ 51%] Built target teleop_tools_msgs__rosidl_typesupport_introspection_cpp
[22.445s] [35m[1mScanning dependencies of target teleop_tools_msgs__rosidl_typesupport_c[0m
[22.684s] [ 54%] [32mBuilding CXX object CMakeFiles/teleop_tools_msgs__rosidl_typesupport_c.dir/rosidl_typesupport_c/teleop_tools_msgs/action/increment__type_support.cpp.o[0m
[22.801s] [ 58%] [32m[1mLinking CXX shared library libteleop_tools_msgs__rosidl_typesupport_fastrtps_cpp.so[0m
[23.380s] [ 61%] [32m[1mLinking CXX shared library libteleop_tools_msgs__rosidl_typesupport_c.so[0m
[23.699s] [ 61%] Built target teleop_tools_msgs__rosidl_typesupport_fastrtps_cpp
[23.808s] [ 64%] [34m[1mGenerating C type support for eProsima Fast-RTPS[0m
[23.895s] [ 64%] Built target teleop_tools_msgs__rosidl_typesupport_c
[27.160s] [35m[1mScanning dependencies of target teleop_tools_msgs__rosidl_typesupport_fastrtps_c[0m
[27.441s] [ 67%] [32mBuilding CXX object CMakeFiles/teleop_tools_msgs__rosidl_typesupport_fastrtps_c.dir/rosidl_typesupport_fastrtps_c/teleop_tools_msgs/action/detail/increment__type_support_c.cpp.o[0m
[31.289s] [ 70%] [32m[1mLinking CXX shared library libteleop_tools_msgs__rosidl_typesupport_fastrtps_c.so[0m
[32.196s] [ 70%] Built target teleop_tools_msgs__rosidl_typesupport_fastrtps_c
[32.310s] [35m[1mScanning dependencies of target teleop_tools_msgs[0m
[32.452s] [ 70%] Built target teleop_tools_msgs
[32.579s] [35m[1mScanning dependencies of target teleop_tools_msgs__py[0m
[32.702s] [ 74%] [34m[1mGenerating Python code for ROS interfaces[0m
[37.658s] [ 74%] Built target teleop_tools_msgs__py
[37.712s] [35m[1mScanning dependencies of target teleop_tools_msgs__python[0m
[37.898s] [ 77%] [32mBuilding C object CMakeFiles/teleop_tools_msgs__python.dir/rosidl_generator_py/teleop_tools_msgs/action/_increment_s.c.o[0m
[38.825s] [ 80%] [32m[1mLinking C shared library rosidl_generator_py/teleop_tools_msgs/libteleop_tools_msgs__python.so[0m
[39.100s] [ 80%] Built target teleop_tools_msgs__python
[39.151s] [35m[1mScanning dependencies of target teleop_tools_msgs__rosidl_typesupport_c__pyext[0m
[39.272s] [ 83%] [32mBuilding C object CMakeFiles/teleop_tools_msgs__rosidl_typesupport_c__pyext.dir/rosidl_generator_py/teleop_tools_msgs/_teleop_tools_msgs_s.ep.rosidl_typesupport_c.c.o[0m
[40.360s] [ 87%] [32m[1mLinking C shared library rosidl_generator_py/teleop_tools_msgs/teleop_tools_msgs_s__rosidl_typesupport_c.cpython-38-aarch64-linux-gnu.so[0m
[40.841s] [ 87%] Built target teleop_tools_msgs__rosidl_typesupport_c__pyext
[40.936s] [35m[1mScanning dependencies of target teleop_tools_msgs__rosidl_typesupport_fastrtps_c__pyext[0m
[41.160s] [ 90%] [32mBuilding C object CMakeFiles/teleop_tools_msgs__rosidl_typesupport_fastrtps_c__pyext.dir/rosidl_generator_py/teleop_tools_msgs/_teleop_tools_msgs_s.ep.rosidl_typesupport_fastrtps_c.c.o[0m
[41.840s] [ 93%] [32m[1mLinking CXX shared library rosidl_generator_py/teleop_tools_msgs/teleop_tools_msgs_s__rosidl_typesupport_fastrtps_c.cpython-38-aarch64-linux-gnu.so[0m
[42.202s] [ 93%] Built target teleop_tools_msgs__rosidl_typesupport_fastrtps_c__pyext
[42.255s] [35m[1mScanning dependencies of target teleop_tools_msgs__rosidl_typesupport_introspection_c__pyext[0m
[42.382s] [ 96%] [32mBuilding C object CMakeFiles/teleop_tools_msgs__rosidl_typesupport_introspection_c__pyext.dir/rosidl_generator_py/teleop_tools_msgs/_teleop_tools_msgs_s.ep.rosidl_typesupport_introspection_c.c.o[0m
[43.024s] [100%] [32m[1mLinking C shared library rosidl_generator_py/teleop_tools_msgs/teleop_tools_msgs_s__rosidl_typesupport_introspection_c.cpython-38-aarch64-linux-gnu.so[0m
[43.346s] [100%] Built target teleop_tools_msgs__rosidl_typesupport_introspection_c__pyext
[43.447s] Invoked command in '/home/coche/coche_ws/build/teleop_tools_msgs' returned '0': CMAKE_PREFIX_PATH=${CMAKE_PREFIX_PATH}:/home/coche/coche_ws/install/f1tenth_stack:/home/coche/coche_ws/install/joy_teleop:/home/coche/coche_ws/install/mouse_teleop:/home/coche/coche_ws/install/key_teleop:/opt/ros/foxy /usr/bin/cmake --build /home/coche/coche_ws/build/teleop_tools_msgs -- -j4 -l4
[43.931s] Invoking command in '/home/coche/coche_ws/build/teleop_tools_msgs': CMAKE_PREFIX_PATH=${CMAKE_PREFIX_PATH}:/home/coche/coche_ws/install/f1tenth_stack:/home/coche/coche_ws/install/joy_teleop:/home/coche/coche_ws/install/mouse_teleop:/home/coche/coche_ws/install/key_teleop:/opt/ros/foxy /usr/bin/cmake --install /home/coche/coche_ws/build/teleop_tools_msgs
[43.992s] -- Install configuration: ""
[43.993s] -- Installing: /home/coche/coche_ws/install/teleop_tools_msgs/share/ament_index/resource_index/rosidl_interfaces/teleop_tools_msgs
[43.994s] -- Installing: /home/coche/coche_ws/install/teleop_tools_msgs/include/teleop_tools_msgs
[43.995s] -- Installing: /home/coche/coche_ws/install/teleop_tools_msgs/include/teleop_tools_msgs/action
[43.995s] -- Installing: /home/coche/coche_ws/install/teleop_tools_msgs/include/teleop_tools_msgs/action/detail
[43.996s] -- Installing: /home/coche/coche_ws/install/teleop_tools_msgs/include/teleop_tools_msgs/action/detail/increment__type_support.h
[43.996s] -- Installing: /home/coche/coche_ws/install/teleop_tools_msgs/include/teleop_tools_msgs/action/detail/increment__functions.c
[43.998s] -- Installing: /home/coche/coche_ws/install/teleop_tools_msgs/include/teleop_tools_msgs/action/detail/increment__functions.h
[43.999s] -- Installing: /home/coche/coche_ws/install/teleop_tools_msgs/include/teleop_tools_msgs/action/detail/increment__struct.h
[43.999s] -- Installing: /home/coche/coche_ws/install/teleop_tools_msgs/include/teleop_tools_msgs/action/increment.h
[44.000s] -- Installing: /home/coche/coche_ws/install/teleop_tools_msgs/include/teleop_tools_msgs/msg
[44.000s] -- Installing: /home/coche/coche_ws/install/teleop_tools_msgs/include/teleop_tools_msgs/msg/rosidl_generator_c__visibility_control.h
[44.001s] -- Installing: /home/coche/coche_ws/install/teleop_tools_msgs/share/teleop_tools_msgs/environment/library_path.sh
[44.002s] -- Installing: /home/coche/coche_ws/install/teleop_tools_msgs/share/teleop_tools_msgs/environment/library_path.dsv
[44.004s] -- Installing: /home/coche/coche_ws/install/teleop_tools_msgs/lib/libteleop_tools_msgs__rosidl_generator_c.so
[44.008s] -- Set runtime path of "/home/coche/coche_ws/install/teleop_tools_msgs/lib/libteleop_tools_msgs__rosidl_generator_c.so" to ""
[44.009s] -- Up-to-date: /home/coche/coche_ws/install/teleop_tools_msgs/include/teleop_tools_msgs
[44.009s] -- Up-to-date: /home/coche/coche_ws/install/teleop_tools_msgs/include/teleop_tools_msgs/action
[44.010s] -- Up-to-date: /home/coche/coche_ws/install/teleop_tools_msgs/include/teleop_tools_msgs/action/detail
[44.010s] -- Installing: /home/coche/coche_ws/install/teleop_tools_msgs/include/teleop_tools_msgs/action/detail/increment__rosidl_typesupport_fastrtps_c.h
[44.010s] -- Up-to-date: /home/coche/coche_ws/install/teleop_tools_msgs/include/teleop_tools_msgs/msg
[44.011s] -- Installing: /home/coche/coche_ws/install/teleop_tools_msgs/include/teleop_tools_msgs/msg/rosidl_typesupport_fastrtps_c__visibility_control.h
[44.011s] -- Installing: /home/coche/coche_ws/install/teleop_tools_msgs/lib/libteleop_tools_msgs__rosidl_typesupport_fastrtps_c.so
[44.015s] -- Set runtime path of "/home/coche/coche_ws/install/teleop_tools_msgs/lib/libteleop_tools_msgs__rosidl_typesupport_fastrtps_c.so" to ""
[44.016s] -- Up-to-date: /home/coche/coche_ws/install/teleop_tools_msgs/include/teleop_tools_msgs
[44.017s] -- Up-to-date: /home/coche/coche_ws/install/teleop_tools_msgs/include/teleop_tools_msgs/action
[44.017s] -- Up-to-date: /home/coche/coche_ws/install/teleop_tools_msgs/include/teleop_tools_msgs/action/detail
[44.018s] -- Installing: /home/coche/coche_ws/install/teleop_tools_msgs/include/teleop_tools_msgs/action/detail/dds_fastrtps
[44.018s] -- Installing: /home/coche/coche_ws/install/teleop_tools_msgs/include/teleop_tools_msgs/action/detail/increment__rosidl_typesupport_fastrtps_cpp.hpp
[44.019s] -- Up-to-date: /home/coche/coche_ws/install/teleop_tools_msgs/include/teleop_tools_msgs/msg
[44.019s] -- Installing: /home/coche/coche_ws/install/teleop_tools_msgs/include/teleop_tools_msgs/msg/rosidl_typesupport_fastrtps_cpp__visibility_control.h
[44.019s] -- Installing: /home/coche/coche_ws/install/teleop_tools_msgs/lib/libteleop_tools_msgs__rosidl_typesupport_fastrtps_cpp.so
[44.024s] -- Set runtime path of "/home/coche/coche_ws/install/teleop_tools_msgs/lib/libteleop_tools_msgs__rosidl_typesupport_fastrtps_cpp.so" to ""
[44.026s] -- Up-to-date: /home/coche/coche_ws/install/teleop_tools_msgs/include/teleop_tools_msgs
[44.026s] -- Up-to-date: /home/coche/coche_ws/install/teleop_tools_msgs/include/teleop_tools_msgs/action
[44.027s] -- Up-to-date: /home/coche/coche_ws/install/teleop_tools_msgs/include/teleop_tools_msgs/action/detail
[44.027s] -- Installing: /home/coche/coche_ws/install/teleop_tools_msgs/include/teleop_tools_msgs/action/detail/increment__rosidl_typesupport_introspection_c.h
[44.027s] -- Installing: /home/coche/coche_ws/install/teleop_tools_msgs/include/teleop_tools_msgs/action/detail/increment__type_support.c
[44.033s] -- Up-to-date: /home/coche/coche_ws/install/teleop_tools_msgs/include/teleop_tools_msgs/msg
[44.034s] -- Installing: /home/coche/coche_ws/install/teleop_tools_msgs/include/teleop_tools_msgs/msg/rosidl_typesupport_introspection_c__visibility_control.h
[44.034s] -- Installing: /home/coche/coche_ws/install/teleop_tools_msgs/lib/libteleop_tools_msgs__rosidl_typesupport_introspection_c.so
[44.035s] -- Set runtime path of "/home/coche/coche_ws/install/teleop_tools_msgs/lib/libteleop_tools_msgs__rosidl_typesupport_introspection_c.so" to ""
[44.035s] -- Installing: /home/coche/coche_ws/install/teleop_tools_msgs/lib/libteleop_tools_msgs__rosidl_typesupport_c.so
[44.036s] -- Set runtime path of "/home/coche/coche_ws/install/teleop_tools_msgs/lib/libteleop_tools_msgs__rosidl_typesupport_c.so" to ""
[44.036s] -- Up-to-date: /home/coche/coche_ws/install/teleop_tools_msgs/include/teleop_tools_msgs
[44.037s] -- Up-to-date: /home/coche/coche_ws/install/teleop_tools_msgs/include/teleop_tools_msgs/action
[44.037s] -- Up-to-date: /home/coche/coche_ws/install/teleop_tools_msgs/include/teleop_tools_msgs/action/detail
[44.037s] -- Installing: /home/coche/coche_ws/install/teleop_tools_msgs/include/teleop_tools_msgs/action/detail/increment__traits.hpp
[44.038s] -- Installing: /home/coche/coche_ws/install/teleop_tools_msgs/include/teleop_tools_msgs/action/detail/increment__type_support.hpp
[44.039s] -- Installing: /home/coche/coche_ws/install/teleop_tools_msgs/include/teleop_tools_msgs/action/detail/increment__struct.hpp
[44.045s] -- Installing: /home/coche/coche_ws/install/teleop_tools_msgs/include/teleop_tools_msgs/action/detail/increment__builder.hpp
[44.046s] -- Installing: /home/coche/coche_ws/install/teleop_tools_msgs/include/teleop_tools_msgs/action/increment.hpp
[44.046s] -- Up-to-date: /home/coche/coche_ws/install/teleop_tools_msgs/include/teleop_tools_msgs/msg
[44.046s] -- Installing: /home/coche/coche_ws/install/teleop_tools_msgs/include/teleop_tools_msgs/msg/rosidl_generator_cpp__visibility_control.hpp
[44.047s] -- Up-to-date: /home/coche/coche_ws/install/teleop_tools_msgs/include/teleop_tools_msgs
[44.047s] -- Up-to-date: /home/coche/coche_ws/install/teleop_tools_msgs/include/teleop_tools_msgs/action
[44.047s] -- Up-to-date: /home/coche/coche_ws/install/teleop_tools_msgs/include/teleop_tools_msgs/action/detail
[44.048s] -- Installing: /home/coche/coche_ws/install/teleop_tools_msgs/include/teleop_tools_msgs/action/detail/increment__rosidl_typesupport_introspection_cpp.hpp
[44.048s] -- Installing: /home/coche/coche_ws/install/teleop_tools_msgs/include/teleop_tools_msgs/action/detail/increment__type_support.cpp
[44.048s] -- Installing: /home/coche/coche_ws/install/teleop_tools_msgs/lib/libteleop_tools_msgs__rosidl_typesupport_introspection_cpp.so
[44.049s] -- Set runtime path of "/home/coche/coche_ws/install/teleop_tools_msgs/lib/libteleop_tools_msgs__rosidl_typesupport_introspection_cpp.so" to ""
[44.050s] -- Installing: /home/coche/coche_ws/install/teleop_tools_msgs/lib/libteleop_tools_msgs__rosidl_typesupport_cpp.so
[44.052s] -- Set runtime path of "/home/coche/coche_ws/install/teleop_tools_msgs/lib/libteleop_tools_msgs__rosidl_typesupport_cpp.so" to ""
[44.053s] -- Installing: /home/coche/coche_ws/install/teleop_tools_msgs/share/teleop_tools_msgs/environment/pythonpath.sh
[44.054s] -- Installing: /home/coche/coche_ws/install/teleop_tools_msgs/share/teleop_tools_msgs/environment/pythonpath.dsv
[44.056s] -- Installing: /home/coche/coche_ws/install/teleop_tools_msgs/lib/python3.8/site-packages/teleop_tools_msgs/__init__.py
[44.234s] Compiling '/home/coche/coche_ws/install/teleop_tools_msgs/lib/python3.8/site-packages/teleop_tools_msgs/__init__.py'...
[44.259s] -- Installing: /home/coche/coche_ws/install/teleop_tools_msgs/lib/python3.8/site-packages/teleop_tools_msgs/action
[44.260s] -- Installing: /home/coche/coche_ws/install/teleop_tools_msgs/lib/python3.8/site-packages/teleop_tools_msgs/action/_increment.py
[44.261s] -- Installing: /home/coche/coche_ws/install/teleop_tools_msgs/lib/python3.8/site-packages/teleop_tools_msgs/action/__init__.py
[44.262s] -- Installing: /home/coche/coche_ws/install/teleop_tools_msgs/lib/python3.8/site-packages/teleop_tools_msgs/action/_increment_s.c
[44.264s] -- Installing: /home/coche/coche_ws/install/teleop_tools_msgs/lib/python3.8/site-packages/teleop_tools_msgs/teleop_tools_msgs_s__rosidl_typesupport_fastrtps_c.cpython-38-aarch64-linux-gnu.so
[44.268s] -- Set runtime path of "/home/coche/coche_ws/install/teleop_tools_msgs/lib/python3.8/site-packages/teleop_tools_msgs/teleop_tools_msgs_s__rosidl_typesupport_fastrtps_c.cpython-38-aarch64-linux-gnu.so" to ""
[44.269s] -- Installing: /home/coche/coche_ws/install/teleop_tools_msgs/lib/python3.8/site-packages/teleop_tools_msgs/teleop_tools_msgs_s__rosidl_typesupport_introspection_c.cpython-38-aarch64-linux-gnu.so
[44.274s] -- Set runtime path of "/home/coche/coche_ws/install/teleop_tools_msgs/lib/python3.8/site-packages/teleop_tools_msgs/teleop_tools_msgs_s__rosidl_typesupport_introspection_c.cpython-38-aarch64-linux-gnu.so" to ""
[44.274s] -- Installing: /home/coche/coche_ws/install/teleop_tools_msgs/lib/python3.8/site-packages/teleop_tools_msgs/teleop_tools_msgs_s__rosidl_typesupport_c.cpython-38-aarch64-linux-gnu.so
[44.278s] -- Set runtime path of "/home/coche/coche_ws/install/teleop_tools_msgs/lib/python3.8/site-packages/teleop_tools_msgs/teleop_tools_msgs_s__rosidl_typesupport_c.cpython-38-aarch64-linux-gnu.so" to ""
[44.279s] -- Installing: /home/coche/coche_ws/install/teleop_tools_msgs/lib/libteleop_tools_msgs__python.so
[44.282s] -- Set runtime path of "/home/coche/coche_ws/install/teleop_tools_msgs/lib/libteleop_tools_msgs__python.so" to ""
[44.282s] -- Installing: /home/coche/coche_ws/install/teleop_tools_msgs/share/teleop_tools_msgs/action/Increment.idl
[44.284s] -- Installing: /home/coche/coche_ws/install/teleop_tools_msgs/share/teleop_tools_msgs/action/Increment.action
[44.286s] -- Installing: /home/coche/coche_ws/install/teleop_tools_msgs/share/ament_index/resource_index/package_run_dependencies/teleop_tools_msgs
[44.287s] -- Installing: /home/coche/coche_ws/install/teleop_tools_msgs/share/ament_index/resource_index/parent_prefix_path/teleop_tools_msgs
[44.289s] -- Installing: /home/coche/coche_ws/install/teleop_tools_msgs/share/teleop_tools_msgs/environment/ament_prefix_path.sh
[44.290s] -- Installing: /home/coche/coche_ws/install/teleop_tools_msgs/share/teleop_tools_msgs/environment/ament_prefix_path.dsv
[44.291s] -- Installing: /home/coche/coche_ws/install/teleop_tools_msgs/share/teleop_tools_msgs/environment/path.sh
[44.291s] -- Installing: /home/coche/coche_ws/install/teleop_tools_msgs/share/teleop_tools_msgs/environment/path.dsv
[44.292s] -- Installing: /home/coche/coche_ws/install/teleop_tools_msgs/share/teleop_tools_msgs/local_setup.bash
[44.293s] -- Installing: /home/coche/coche_ws/install/teleop_tools_msgs/share/teleop_tools_msgs/local_setup.sh
[44.294s] -- Installing: /home/coche/coche_ws/install/teleop_tools_msgs/share/teleop_tools_msgs/local_setup.zsh
[44.295s] -- Installing: /home/coche/coche_ws/install/teleop_tools_msgs/share/teleop_tools_msgs/local_setup.dsv
[44.296s] -- Installing: /home/coche/coche_ws/install/teleop_tools_msgs/share/teleop_tools_msgs/package.dsv
[44.298s] -- Installing: /home/coche/coche_ws/install/teleop_tools_msgs/share/ament_index/resource_index/packages/teleop_tools_msgs
[44.299s] -- Installing: /home/coche/coche_ws/install/teleop_tools_msgs/share/teleop_tools_msgs/cmake/teleop_tools_msgs__rosidl_generator_cExport.cmake
[44.300s] -- Installing: /home/coche/coche_ws/install/teleop_tools_msgs/share/teleop_tools_msgs/cmake/teleop_tools_msgs__rosidl_generator_cExport-noconfig.cmake
[44.301s] -- Installing: /home/coche/coche_ws/install/teleop_tools_msgs/share/teleop_tools_msgs/cmake/teleop_tools_msgs__rosidl_typesupport_introspection_cExport.cmake
[44.302s] -- Installing: /home/coche/coche_ws/install/teleop_tools_msgs/share/teleop_tools_msgs/cmake/teleop_tools_msgs__rosidl_typesupport_introspection_cExport-noconfig.cmake
[44.305s] -- Installing: /home/coche/coche_ws/install/teleop_tools_msgs/share/teleop_tools_msgs/cmake/teleop_tools_msgs__rosidl_typesupport_cExport.cmake
[44.306s] -- Installing: /home/coche/coche_ws/install/teleop_tools_msgs/share/teleop_tools_msgs/cmake/teleop_tools_msgs__rosidl_typesupport_cExport-noconfig.cmake
[44.307s] -- Installing: /home/coche/coche_ws/install/teleop_tools_msgs/share/teleop_tools_msgs/cmake/teleop_tools_msgs__rosidl_generator_cppExport.cmake
[44.309s] -- Installing: /home/coche/coche_ws/install/teleop_tools_msgs/share/teleop_tools_msgs/cmake/teleop_tools_msgs__rosidl_typesupport_introspection_cppExport.cmake
[44.310s] -- Installing: /home/coche/coche_ws/install/teleop_tools_msgs/share/teleop_tools_msgs/cmake/teleop_tools_msgs__rosidl_typesupport_introspection_cppExport-noconfig.cmake
[44.311s] -- Installing: /home/coche/coche_ws/install/teleop_tools_msgs/share/teleop_tools_msgs/cmake/teleop_tools_msgs__rosidl_typesupport_cppExport.cmake
[44.311s] -- Installing: /home/coche/coche_ws/install/teleop_tools_msgs/share/teleop_tools_msgs/cmake/teleop_tools_msgs__rosidl_typesupport_cppExport-noconfig.cmake
[44.313s] -- Installing: /home/coche/coche_ws/install/teleop_tools_msgs/share/teleop_tools_msgs/cmake/rosidl_cmake-extras.cmake
[44.313s] -- Installing: /home/coche/coche_ws/install/teleop_tools_msgs/share/teleop_tools_msgs/cmake/ament_cmake_export_dependencies-extras.cmake
[44.314s] -- Installing: /home/coche/coche_ws/install/teleop_tools_msgs/share/teleop_tools_msgs/cmake/ament_cmake_export_libraries-extras.cmake
[44.315s] -- Installing: /home/coche/coche_ws/install/teleop_tools_msgs/share/teleop_tools_msgs/cmake/ament_cmake_export_targets-extras.cmake
[44.316s] -- Installing: /home/coche/coche_ws/install/teleop_tools_msgs/share/teleop_tools_msgs/cmake/ament_cmake_export_include_directories-extras.cmake
[44.317s] -- Installing: /home/coche/coche_ws/install/teleop_tools_msgs/share/teleop_tools_msgs/cmake/rosidl_cmake_export_typesupport_libraries-extras.cmake
[44.318s] -- Installing: /home/coche/coche_ws/install/teleop_tools_msgs/share/teleop_tools_msgs/cmake/rosidl_cmake_export_typesupport_targets-extras.cmake
[44.320s] -- Installing: /home/coche/coche_ws/install/teleop_tools_msgs/share/teleop_tools_msgs/cmake/teleop_tools_msgsConfig.cmake
[44.321s] -- Installing: /home/coche/coche_ws/install/teleop_tools_msgs/share/teleop_tools_msgs/cmake/teleop_tools_msgsConfig-version.cmake
[44.323s] -- Installing: /home/coche/coche_ws/install/teleop_tools_msgs/share/teleop_tools_msgs/package.xml
[44.353s] Invoked command in '/home/coche/coche_ws/build/teleop_tools_msgs' returned '0': CMAKE_PREFIX_PATH=${CMAKE_PREFIX_PATH}:/home/coche/coche_ws/install/f1tenth_stack:/home/coche/coche_ws/install/joy_teleop:/home/coche/coche_ws/install/mouse_teleop:/home/coche/coche_ws/install/key_teleop:/opt/ros/foxy /usr/bin/cmake --install /home/coche/coche_ws/build/teleop_tools_msgs
