[0.161s] Invoking command in '/home/coche/coche_ws/build/waypoint_generator': CMAKE_PREFIX_PATH=${CMAKE_PREFIX_PATH}:/home/coche/coche_ws/install/f1tenth_stack:/home/coche/coche_ws/install/ver_trayectoria:/home/coche/coche_ws/install/joy_teleop:/home/coche/coche_ws/install/stanley_avoidance:/home/coche/coche_ws/install/particle_filter:/home/coche/coche_ws/install/mouse_teleop:/home/coche/coche_ws/install/key_teleop:/opt/ros/foxy /usr/bin/cmake --build /home/coche/coche_ws/build/waypoint_generator -- -j4 -l4
[0.658s] [100%] Built target waypoint_generator
[0.840s] Invoked command in '/home/coche/coche_ws/build/waypoint_generator' returned '0': CMAKE_PREFIX_PATH=${CMAKE_PREFIX_PATH}:/home/coche/coche_ws/install/f1tenth_stack:/home/coche/coche_ws/install/ver_trayectoria:/home/coche/coche_ws/install/joy_teleop:/home/coche/coche_ws/install/stanley_avoidance:/home/coche/coche_ws/install/particle_filter:/home/coche/coche_ws/install/mouse_teleop:/home/coche/coche_ws/install/key_teleop:/opt/ros/foxy /usr/bin/cmake --build /home/coche/coche_ws/build/waypoint_generator -- -j4 -l4
[0.869s] Invoking command in '/home/coche/coche_ws/build/waypoint_generator': CMAKE_PREFIX_PATH=${CMAKE_PREFIX_PATH}:/home/coche/coche_ws/install/f1tenth_stack:/home/coche/coche_ws/install/ver_trayectoria:/home/coche/coche_ws/install/joy_teleop:/home/coche/coche_ws/install/stanley_avoidance:/home/coche/coche_ws/install/particle_filter:/home/coche/coche_ws/install/mouse_teleop:/home/coche/coche_ws/install/key_teleop:/opt/ros/foxy /usr/bin/cmake --install /home/coche/coche_ws/build/waypoint_generator
[0.939s] -- Install configuration: ""
[0.952s] -- Up-to-date: /home/coche/coche_ws/install/waypoint_generator/lib/waypoint_generator/waypoint_generator
[0.955s] -- Up-to-date: /home/coche/coche_ws/install/waypoint_generator/share/ament_index/resource_index/package_run_dependencies/waypoint_generator
[0.958s] -- Up-to-date: /home/coche/coche_ws/install/waypoint_generator/share/ament_index/resource_index/parent_prefix_path/waypoint_generator
[0.959s] -- Up-to-date: /home/coche/coche_ws/install/waypoint_generator/share/waypoint_generator/environment/ament_prefix_path.sh
[0.960s] -- Up-to-date: /home/coche/coche_ws/install/waypoint_generator/share/waypoint_generator/environment/ament_prefix_path.dsv
[0.960s] -- Up-to-date: /home/coche/coche_ws/install/waypoint_generator/share/waypoint_generator/environment/path.sh
[0.961s] -- Up-to-date: /home/coche/coche_ws/install/waypoint_generator/share/waypoint_generator/environment/path.dsv
[0.962s] -- Up-to-date: /home/coche/coche_ws/install/waypoint_generator/share/waypoint_generator/local_setup.bash
[0.963s] -- Up-to-date: /home/coche/coche_ws/install/waypoint_generator/share/waypoint_generator/local_setup.sh
[0.963s] -- Up-to-date: /home/coche/coche_ws/install/waypoint_generator/share/waypoint_generator/local_setup.zsh
[0.964s] -- Up-to-date: /home/coche/coche_ws/install/waypoint_generator/share/waypoint_generator/local_setup.dsv
[0.965s] -- Installing: /home/coche/coche_ws/install/waypoint_generator/share/waypoint_generator/package.dsv
[0.973s] -- Up-to-date: /home/coche/coche_ws/install/waypoint_generator/share/ament_index/resource_index/packages/waypoint_generator
[0.978s] -- Up-to-date: /home/coche/coche_ws/install/waypoint_generator/share/waypoint_generator/cmake/waypoint_generatorConfig.cmake
[0.978s] -- Up-to-date: /home/coche/coche_ws/install/waypoint_generator/share/waypoint_generator/cmake/waypoint_generatorConfig-version.cmake
[0.980s] -- Up-to-date: /home/coche/coche_ws/install/waypoint_generator/share/waypoint_generator/package.xml
[1.002s] Invoked command in '/home/coche/coche_ws/build/waypoint_generator' returned '0': CMAKE_PREFIX_PATH=${CMAKE_PREFIX_PATH}:/home/coche/coche_ws/install/f1tenth_stack:/home/coche/coche_ws/install/ver_trayectoria:/home/coche/coche_ws/install/joy_teleop:/home/coche/coche_ws/install/stanley_avoidance:/home/coche/coche_ws/install/particle_filter:/home/coche/coche_ws/install/mouse_teleop:/home/coche/coche_ws/install/key_teleop:/opt/ros/foxy /usr/bin/cmake --install /home/coche/coche_ws/build/waypoint_generator
