[4.899s] Invoking command in '/home/coche/coche_ws/src/f1tenth_system/teleop_tools/key_teleop': PYTHONPATH=/home/coche/coche_ws/build/key_teleop/prefix_override:/usr/lib/python3/dist-packages/colcon_core/task/python/colcon_distutils_commands:/home/coche/coche_ws/install/key_teleop/lib/python3.8/site-packages:${PYTHONPATH} /usr/bin/python3 -W ignore:setup.py install is deprecated -W ignore:easy_install command is deprecated setup.py egg_info --egg-base ../../../../build/key_teleop build --build-base /home/coche/coche_ws/build/key_teleop/build install --record /home/coche/coche_ws/build/key_teleop/install.log --install-scripts $base/lib/key_teleop --single-version-externally-managed install_data
[6.266s] running egg_info
[6.268s] writing ../../../../build/key_teleop/key_teleop.egg-info/PKG-INFO
[6.270s] writing dependency_links to ../../../../build/key_teleop/key_teleop.egg-info/dependency_links.txt
[6.273s] writing entry points to ../../../../build/key_teleop/key_teleop.egg-info/entry_points.txt
[6.274s] writing requirements to ../../../../build/key_teleop/key_teleop.egg-info/requires.txt
[6.274s] writing top-level names to ../../../../build/key_teleop/key_teleop.egg-info/top_level.txt
[6.438s] reading manifest file '../../../../build/key_teleop/key_teleop.egg-info/SOURCES.txt'
[6.443s] writing manifest file '../../../../build/key_teleop/key_teleop.egg-info/SOURCES.txt'
[6.443s] running build
[6.443s] running build_py
[6.444s] running install
[6.444s] running install_lib
[6.450s] running install_data
[6.454s] running install_egg_info
[6.463s] removing '/home/coche/coche_ws/install/key_teleop/lib/python3.8/site-packages/key_teleop-0.3.0-py3.8.egg-info' (and everything under it)
[6.466s] Copying ../../../../build/key_teleop/key_teleop.egg-info to /home/coche/coche_ws/install/key_teleop/lib/python3.8/site-packages/key_teleop-0.3.0-py3.8.egg-info
[6.467s] running install_scripts
[6.546s] Installing key_teleop script to /home/coche/coche_ws/install/key_teleop/lib/key_teleop
[6.547s] writing list of installed files to '/home/coche/coche_ws/build/key_teleop/install.log'
[7.706s] Invoked command in '/home/coche/coche_ws/src/f1tenth_system/teleop_tools/key_teleop' returned '0': PYTHONPATH=/home/coche/coche_ws/build/key_teleop/prefix_override:/usr/lib/python3/dist-packages/colcon_core/task/python/colcon_distutils_commands:/home/coche/coche_ws/install/key_teleop/lib/python3.8/site-packages:${PYTHONPATH} /usr/bin/python3 -W ignore:setup.py install is deprecated -W ignore:easy_install command is deprecated setup.py egg_info --egg-base ../../../../build/key_teleop build --build-base /home/coche/coche_ws/build/key_teleop/build install --record /home/coche/coche_ws/build/key_teleop/install.log --install-scripts $base/lib/key_teleop --single-version-externally-managed install_data
