[0.241s] Invoking command in '/home/coche/coche_ws/build/lqr': CMAKE_PREFIX_PATH=${CMAKE_PREFIX_PATH}:/home/coche/coche_ws/install/f1tenth_stack:/home/coche/coche_ws/install/ver_trayectoria:/home/coche/coche_ws/install/joy_teleop:/home/coche/coche_ws/install/stanley_avoidance:/home/coche/coche_ws/install/particle_filter:/home/coche/coche_ws/install/mouse_teleop:/home/coche/coche_ws/install/key_teleop:/opt/ros/foxy /usr/bin/cmake --build /home/coche/coche_ws/build/lqr -- -j4 -l4
[0.498s] Invoked command in '/home/coche/coche_ws/build/lqr' returned '0': CMAKE_PREFIX_PATH=${CMAKE_PREFIX_PATH}:/home/coche/coche_ws/install/f1tenth_stack:/home/coche/coche_ws/install/ver_trayectoria:/home/coche/coche_ws/install/joy_teleop:/home/coche/coche_ws/install/stanley_avoidance:/home/coche/coche_ws/install/particle_filter:/home/coche/coche_ws/install/mouse_teleop:/home/coche/coche_ws/install/key_teleop:/opt/ros/foxy /usr/bin/cmake --build /home/coche/coche_ws/build/lqr -- -j4 -l4
[0.503s] Invoking command in '/home/coche/coche_ws/build/lqr': CMAKE_PREFIX_PATH=${CMAKE_PREFIX_PATH}:/home/coche/coche_ws/install/f1tenth_stack:/home/coche/coche_ws/install/ver_trayectoria:/home/coche/coche_ws/install/joy_teleop:/home/coche/coche_ws/install/stanley_avoidance:/home/coche/coche_ws/install/particle_filter:/home/coche/coche_ws/install/mouse_teleop:/home/coche/coche_ws/install/key_teleop:/opt/ros/foxy /usr/bin/cmake --install /home/coche/coche_ws/build/lqr
[0.588s] -- Install configuration: ""
[0.597s] -- Up-to-date: /home/coche/coche_ws/install/lqr/share/lqr/environment/pythonpath.sh
[0.598s] -- Up-to-date: /home/coche/coche_ws/install/lqr/share/lqr/environment/pythonpath.dsv
[0.600s] -- Up-to-date: /home/coche/coche_ws/install/lqr/lib/python3.8/site-packages/lqr
[0.601s] -- Up-to-date: /home/coche/coche_ws/install/lqr/lib/python3.8/site-packages/lqr/__init__.py
[0.857s] Listing '/home/coche/coche_ws/install/lqr/lib/python3.8/site-packages/lqr'...
[0.883s] -- Up-to-date: /home/coche/coche_ws/install/lqr/lib/lqr/lqr_node.py
[0.883s] -- Up-to-date: /home/coche/coche_ws/install/lqr/lib/lqr/utils.py
[0.884s] -- Up-to-date: /home/coche/coche_ws/install/lqr/share/ament_index/resource_index/package_run_dependencies/lqr
[0.884s] -- Up-to-date: /home/coche/coche_ws/install/lqr/share/ament_index/resource_index/parent_prefix_path/lqr
[0.884s] -- Up-to-date: /home/coche/coche_ws/install/lqr/share/lqr/environment/ament_prefix_path.sh
[0.885s] -- Up-to-date: /home/coche/coche_ws/install/lqr/share/lqr/environment/ament_prefix_path.dsv
[0.885s] -- Up-to-date: /home/coche/coche_ws/install/lqr/share/lqr/environment/path.sh
[0.885s] -- Up-to-date: /home/coche/coche_ws/install/lqr/share/lqr/environment/path.dsv
[0.892s] -- Up-to-date: /home/coche/coche_ws/install/lqr/share/lqr/local_setup.bash
[0.892s] -- Up-to-date: /home/coche/coche_ws/install/lqr/share/lqr/local_setup.sh
[0.892s] -- Up-to-date: /home/coche/coche_ws/install/lqr/share/lqr/local_setup.zsh
[0.893s] -- Up-to-date: /home/coche/coche_ws/install/lqr/share/lqr/local_setup.dsv
[0.893s] -- Installing: /home/coche/coche_ws/install/lqr/share/lqr/package.dsv
[0.893s] -- Up-to-date: /home/coche/coche_ws/install/lqr/share/ament_index/resource_index/packages/lqr
[0.897s] -- Up-to-date: /home/coche/coche_ws/install/lqr/share/lqr/cmake/lqrConfig.cmake
[0.899s] -- Up-to-date: /home/coche/coche_ws/install/lqr/share/lqr/cmake/lqrConfig-version.cmake
[0.900s] -- Up-to-date: /home/coche/coche_ws/install/lqr/share/lqr/package.xml
[0.934s] Invoked command in '/home/coche/coche_ws/build/lqr' returned '0': CMAKE_PREFIX_PATH=${CMAKE_PREFIX_PATH}:/home/coche/coche_ws/install/f1tenth_stack:/home/coche/coche_ws/install/ver_trayectoria:/home/coche/coche_ws/install/joy_teleop:/home/coche/coche_ws/install/stanley_avoidance:/home/coche/coche_ws/install/particle_filter:/home/coche/coche_ws/install/mouse_teleop:/home/coche/coche_ws/install/key_teleop:/opt/ros/foxy /usr/bin/cmake --install /home/coche/coche_ws/build/lqr
