[4.247s] Invoking command in '/home/coche/coche_ws/src/f1tenth_system/teleop_tools/key_teleop': PYTHONPATH=/home/coche/coche_ws/build/key_teleop/prefix_override:/usr/lib/python3/dist-packages/colcon_core/task/python/colcon_distutils_commands:/home/coche/coche_ws/install/key_teleop/lib/python3.8/site-packages:${PYTHONPATH} /usr/bin/python3 -W ignore:setup.py install is deprecated -W ignore:easy_install command is deprecated setup.py egg_info --egg-base ../../../../build/key_teleop build --build-base /home/coche/coche_ws/build/key_teleop/build install --record /home/coche/coche_ws/build/key_teleop/install.log --install-scripts $base/lib/key_teleop --single-version-externally-managed install_data
[5.448s] running egg_info
[5.451s] writing ../../../../build/key_teleop/key_teleop.egg-info/PKG-INFO
[5.457s] writing dependency_links to ../../../../build/key_teleop/key_teleop.egg-info/dependency_links.txt
[5.458s] writing entry points to ../../../../build/key_teleop/key_teleop.egg-info/entry_points.txt
[5.458s] writing requirements to ../../../../build/key_teleop/key_teleop.egg-info/requires.txt
[5.458s] writing top-level names to ../../../../build/key_teleop/key_teleop.egg-info/top_level.txt
[5.615s] reading manifest file '../../../../build/key_teleop/key_teleop.egg-info/SOURCES.txt'
[5.618s] writing manifest file '../../../../build/key_teleop/key_teleop.egg-info/SOURCES.txt'
[5.619s] running build
[5.620s] running build_py
[5.621s] running install
[5.625s] running install_lib
[5.632s] running install_data
[5.634s] running install_egg_info
[5.642s] removing '/home/coche/coche_ws/install/key_teleop/lib/python3.8/site-packages/key_teleop-0.3.0-py3.8.egg-info' (and everything under it)
[5.644s] Copying ../../../../build/key_teleop/key_teleop.egg-info to /home/coche/coche_ws/install/key_teleop/lib/python3.8/site-packages/key_teleop-0.3.0-py3.8.egg-info
[5.649s] running install_scripts
[5.717s] Installing key_teleop script to /home/coche/coche_ws/install/key_teleop/lib/key_teleop
[5.721s] writing list of installed files to '/home/coche/coche_ws/build/key_teleop/install.log'
[6.566s] Invoked command in '/home/coche/coche_ws/src/f1tenth_system/teleop_tools/key_teleop' returned '0': PYTHONPATH=/home/coche/coche_ws/build/key_teleop/prefix_override:/usr/lib/python3/dist-packages/colcon_core/task/python/colcon_distutils_commands:/home/coche/coche_ws/install/key_teleop/lib/python3.8/site-packages:${PYTHONPATH} /usr/bin/python3 -W ignore:setup.py install is deprecated -W ignore:easy_install command is deprecated setup.py egg_info --egg-base ../../../../build/key_teleop build --build-base /home/coche/coche_ws/build/key_teleop/build install --record /home/coche/coche_ws/build/key_teleop/install.log --install-scripts $base/lib/key_teleop --single-version-externally-managed install_data
