[3.480s] Invoking command in '/home/coche/coche_ws/src/f1tenth_system/stanley_avoidance': PYTHONPATH=/home/coche/coche_ws/build/stanley_avoidance/prefix_override:/usr/lib/python3/dist-packages/colcon_core/task/python/colcon_distutils_commands:/home/coche/coche_ws/install/stanley_avoidance/lib/python3.8/site-packages:${PYTHONPATH} /usr/bin/python3 -W ignore:setup.py install is deprecated -W ignore:easy_install command is deprecated setup.py egg_info --egg-base ../../../build/stanley_avoidance build --build-base /home/coche/coche_ws/build/stanley_avoidance/build install --record /home/coche/coche_ws/build/stanley_avoidance/install.log --install-scripts $base/lib/stanley_avoidance --single-version-externally-managed install_data
[4.614s] running egg_info
[4.620s] writing ../../../build/stanley_avoidance/stanley_avoidance.egg-info/PKG-INFO
[4.623s] writing dependency_links to ../../../build/stanley_avoidance/stanley_avoidance.egg-info/dependency_links.txt
[4.625s] writing entry points to ../../../build/stanley_avoidance/stanley_avoidance.egg-info/entry_points.txt
[4.627s] writing requirements to ../../../build/stanley_avoidance/stanley_avoidance.egg-info/requires.txt
[4.628s] writing top-level names to ../../../build/stanley_avoidance/stanley_avoidance.egg-info/top_level.txt
[4.777s] reading manifest file '../../../build/stanley_avoidance/stanley_avoidance.egg-info/SOURCES.txt'
[4.781s] writing manifest file '../../../build/stanley_avoidance/stanley_avoidance.egg-info/SOURCES.txt'
[4.781s] running build
[4.782s] running build_py
[4.782s] running install
[4.786s] running install_lib
[4.793s] running install_data
[4.794s] running install_egg_info
[4.802s] removing '/home/coche/coche_ws/install/stanley_avoidance/lib/python3.8/site-packages/stanley_avoidance-0.0.0-py3.8.egg-info' (and everything under it)
[4.804s] Copying ../../../build/stanley_avoidance/stanley_avoidance.egg-info to /home/coche/coche_ws/install/stanley_avoidance/lib/python3.8/site-packages/stanley_avoidance-0.0.0-py3.8.egg-info
[4.808s] running install_scripts
[4.879s] Installing stanley_avoidance script to /home/coche/coche_ws/install/stanley_avoidance/lib/stanley_avoidance
[4.880s] writing list of installed files to '/home/coche/coche_ws/build/stanley_avoidance/install.log'
[5.094s] Invoked command in '/home/coche/coche_ws/src/f1tenth_system/stanley_avoidance' returned '0': PYTHONPATH=/home/coche/coche_ws/build/stanley_avoidance/prefix_override:/usr/lib/python3/dist-packages/colcon_core/task/python/colcon_distutils_commands:/home/coche/coche_ws/install/stanley_avoidance/lib/python3.8/site-packages:${PYTHONPATH} /usr/bin/python3 -W ignore:setup.py install is deprecated -W ignore:easy_install command is deprecated setup.py egg_info --egg-base ../../../build/stanley_avoidance build --build-base /home/coche/coche_ws/build/stanley_avoidance/build install --record /home/coche/coche_ws/build/stanley_avoidance/install.log --install-scripts $base/lib/stanley_avoidance --single-version-externally-managed install_data
