[0.067s] Invoking command in '/home/coche/coche_ws/build/gap_follow': CMAKE_PREFIX_PATH=${CMAKE_PREFIX_PATH}:/home/coche/coche_ws/install/f1tenth_stack:/home/coche/coche_ws/install/ver_trayectoria:/home/coche/coche_ws/install/joy_teleop:/home/coche/coche_ws/install/stanley_avoidance:/home/coche/coche_ws/install/particle_filter:/home/coche/coche_ws/install/mouse_teleop:/home/coche/coche_ws/install/key_teleop:/opt/ros/foxy /usr/bin/cmake --build /home/coche/coche_ws/build/gap_follow -- -j4 -l4
[0.376s] Invoked command in '/home/coche/coche_ws/build/gap_follow' returned '0': CMAKE_PREFIX_PATH=${CMAKE_PREFIX_PATH}:/home/coche/coche_ws/install/f1tenth_stack:/home/coche/coche_ws/install/ver_trayectoria:/home/coche/coche_ws/install/joy_teleop:/home/coche/coche_ws/install/stanley_avoidance:/home/coche/coche_ws/install/particle_filter:/home/coche/coche_ws/install/mouse_teleop:/home/coche/coche_ws/install/key_teleop:/opt/ros/foxy /usr/bin/cmake --build /home/coche/coche_ws/build/gap_follow -- -j4 -l4
[0.383s] Invoking command in '/home/coche/coche_ws/build/gap_follow': CMAKE_PREFIX_PATH=${CMAKE_PREFIX_PATH}:/home/coche/coche_ws/install/f1tenth_stack:/home/coche/coche_ws/install/ver_trayectoria:/home/coche/coche_ws/install/joy_teleop:/home/coche/coche_ws/install/stanley_avoidance:/home/coche/coche_ws/install/particle_filter:/home/coche/coche_ws/install/mouse_teleop:/home/coche/coche_ws/install/key_teleop:/opt/ros/foxy /usr/bin/cmake --install /home/coche/coche_ws/build/gap_follow
[0.504s] -- Install configuration: ""
[0.504s] -- Up-to-date: /home/coche/coche_ws/install/gap_follow/share/gap_follow/environment/pythonpath.sh
[0.505s] -- Up-to-date: /home/coche/coche_ws/install/gap_follow/share/gap_follow/environment/pythonpath.dsv
[0.505s] -- Up-to-date: /home/coche/coche_ws/install/gap_follow/lib/python3.8/site-packages/gap_follow
[0.505s] -- Up-to-date: /home/coche/coche_ws/install/gap_follow/lib/python3.8/site-packages/gap_follow/__init__.py
[0.663s] Listing '/home/coche/coche_ws/install/gap_follow/lib/python3.8/site-packages/gap_follow'...
[0.678s] -- Up-to-date: /home/coche/coche_ws/install/gap_follow/lib/gap_follow/reactive_node.py
[0.679s] -- Up-to-date: /home/coche/coche_ws/install/gap_follow/lib/gap_follow/final_race_reactive_node.py
[0.680s] -- Up-to-date: /home/coche/coche_ws/install/gap_follow/share/ament_index/resource_index/package_run_dependencies/gap_follow
[0.681s] -- Up-to-date: /home/coche/coche_ws/install/gap_follow/share/ament_index/resource_index/parent_prefix_path/gap_follow
[0.681s] -- Up-to-date: /home/coche/coche_ws/install/gap_follow/share/gap_follow/environment/ament_prefix_path.sh
[0.682s] -- Up-to-date: /home/coche/coche_ws/install/gap_follow/share/gap_follow/environment/ament_prefix_path.dsv
[0.682s] -- Up-to-date: /home/coche/coche_ws/install/gap_follow/share/gap_follow/environment/path.sh
[0.682s] -- Up-to-date: /home/coche/coche_ws/install/gap_follow/share/gap_follow/environment/path.dsv
[0.683s] -- Up-to-date: /home/coche/coche_ws/install/gap_follow/share/gap_follow/local_setup.bash
[0.684s] -- Up-to-date: /home/coche/coche_ws/install/gap_follow/share/gap_follow/local_setup.sh
[0.685s] -- Up-to-date: /home/coche/coche_ws/install/gap_follow/share/gap_follow/local_setup.zsh
[0.686s] -- Up-to-date: /home/coche/coche_ws/install/gap_follow/share/gap_follow/local_setup.dsv
[0.686s] -- Installing: /home/coche/coche_ws/install/gap_follow/share/gap_follow/package.dsv
[0.686s] -- Up-to-date: /home/coche/coche_ws/install/gap_follow/share/ament_index/resource_index/packages/gap_follow
[0.687s] -- Up-to-date: /home/coche/coche_ws/install/gap_follow/share/gap_follow/cmake/gap_followConfig.cmake
[0.687s] -- Up-to-date: /home/coche/coche_ws/install/gap_follow/share/gap_follow/cmake/gap_followConfig-version.cmake
[0.687s] -- Up-to-date: /home/coche/coche_ws/install/gap_follow/share/gap_follow/package.xml
[0.700s] Invoked command in '/home/coche/coche_ws/build/gap_follow' returned '0': CMAKE_PREFIX_PATH=${CMAKE_PREFIX_PATH}:/home/coche/coche_ws/install/f1tenth_stack:/home/coche/coche_ws/install/ver_trayectoria:/home/coche/coche_ws/install/joy_teleop:/home/coche/coche_ws/install/stanley_avoidance:/home/coche/coche_ws/install/particle_filter:/home/coche/coche_ws/install/mouse_teleop:/home/coche/coche_ws/install/key_teleop:/opt/ros/foxy /usr/bin/cmake --install /home/coche/coche_ws/build/gap_follow
