running egg_info
writing ../../../build/ver_trayectoria/ver_trayectoria.egg-info/PKG-INFO
writing dependency_links to ../../../build/ver_trayectoria/ver_trayectoria.egg-info/dependency_links.txt
writing entry points to ../../../build/ver_trayectoria/ver_trayectoria.egg-info/entry_points.txt
writing requirements to ../../../build/ver_trayectoria/ver_trayectoria.egg-info/requires.txt
writing top-level names to ../../../build/ver_trayectoria/ver_trayectoria.egg-info/top_level.txt
reading manifest file '../../../build/ver_trayectoria/ver_trayectoria.egg-info/SOURCES.txt'
writing manifest file '../../../build/ver_trayectoria/ver_trayectoria.egg-info/SOURCES.txt'
running build
running build_py
copying ver_trayectoria/ver_trayectoria.py -> /home/coche/coche_ws/build/ver_trayectoria/build/lib/ver_trayectoria
running install
running install_lib
copying /home/coche/coche_ws/build/ver_trayectoria/build/lib/ver_trayectoria/ver_trayectoria.py -> /home/coche/coche_ws/install/ver_trayectoria/lib/python3.8/site-packages/ver_trayectoria
byte-compiling /home/coche/coche_ws/install/ver_trayectoria/lib/python3.8/site-packages/ver_trayectoria/ver_trayectoria.py to ver_trayectoria.cpython-38.pyc
running install_data
running install_egg_info
removing '/home/coche/coche_ws/install/ver_trayectoria/lib/python3.8/site-packages/ver_trayectoria-0.0.0-py3.8.egg-info' (and everything under it)
Copying ../../../build/ver_trayectoria/ver_trayectoria.egg-info to /home/coche/coche_ws/install/ver_trayectoria/lib/python3.8/site-packages/ver_trayectoria-0.0.0-py3.8.egg-info
running install_scripts
Installing ver_trayectoria script to /home/coche/coche_ws/install/ver_trayectoria/lib/ver_trayectoria
writing list of installed files to '/home/coche/coche_ws/build/ver_trayectoria/install.log'
