[5.559s] Invoking command in '/home/coche/coche_ws/src/f1tenth_system/ver_trayectoria': PYTHONPATH=/home/coche/coche_ws/build/ver_trayectoria/prefix_override:/usr/lib/python3/dist-packages/colcon_core/task/python/colcon_distutils_commands:/home/coche/coche_ws/install/ver_trayectoria/lib/python3.8/site-packages:${PYTHONPATH} /usr/bin/python3 -W ignore:setup.py install is deprecated -W ignore:easy_install command is deprecated setup.py egg_info --egg-base ../../../build/ver_trayectoria build --build-base /home/coche/coche_ws/build/ver_trayectoria/build install --record /home/coche/coche_ws/build/ver_trayectoria/install.log --install-scripts $base/lib/ver_trayectoria --single-version-externally-managed install_data
[6.694s] running egg_info
[6.697s] writing ../../../build/ver_trayectoria/ver_trayectoria.egg-info/PKG-INFO
[6.699s] writing dependency_links to ../../../build/ver_trayectoria/ver_trayectoria.egg-info/dependency_links.txt
[6.700s] writing entry points to ../../../build/ver_trayectoria/ver_trayectoria.egg-info/entry_points.txt
[6.700s] writing requirements to ../../../build/ver_trayectoria/ver_trayectoria.egg-info/requires.txt
[6.701s] writing top-level names to ../../../build/ver_trayectoria/ver_trayectoria.egg-info/top_level.txt
[6.864s] reading manifest file '../../../build/ver_trayectoria/ver_trayectoria.egg-info/SOURCES.txt'
[6.869s] writing manifest file '../../../build/ver_trayectoria/ver_trayectoria.egg-info/SOURCES.txt'
[6.869s] running build
[6.870s] running build_py
[6.871s] copying ver_trayectoria/ver_trayectoria.py -> /home/coche/coche_ws/build/ver_trayectoria/build/lib/ver_trayectoria
[6.873s] running install
[6.877s] running install_lib
[6.882s] copying /home/coche/coche_ws/build/ver_trayectoria/build/lib/ver_trayectoria/ver_trayectoria.py -> /home/coche/coche_ws/install/ver_trayectoria/lib/python3.8/site-packages/ver_trayectoria
[6.888s] byte-compiling /home/coche/coche_ws/install/ver_trayectoria/lib/python3.8/site-packages/ver_trayectoria/ver_trayectoria.py to ver_trayectoria.cpython-38.pyc
[6.898s] running install_data
[6.899s] running install_egg_info
[6.906s] removing '/home/coche/coche_ws/install/ver_trayectoria/lib/python3.8/site-packages/ver_trayectoria-0.0.0-py3.8.egg-info' (and everything under it)
[6.909s] Copying ../../../build/ver_trayectoria/ver_trayectoria.egg-info to /home/coche/coche_ws/install/ver_trayectoria/lib/python3.8/site-packages/ver_trayectoria-0.0.0-py3.8.egg-info
[6.915s] running install_scripts
[6.994s] Installing ver_trayectoria script to /home/coche/coche_ws/install/ver_trayectoria/lib/ver_trayectoria
[6.996s] writing list of installed files to '/home/coche/coche_ws/build/ver_trayectoria/install.log'
[7.100s] Invoked command in '/home/coche/coche_ws/src/f1tenth_system/ver_trayectoria' returned '0': PYTHONPATH=/home/coche/coche_ws/build/ver_trayectoria/prefix_override:/usr/lib/python3/dist-packages/colcon_core/task/python/colcon_distutils_commands:/home/coche/coche_ws/install/ver_trayectoria/lib/python3.8/site-packages:${PYTHONPATH} /usr/bin/python3 -W ignore:setup.py install is deprecated -W ignore:easy_install command is deprecated setup.py egg_info --egg-base ../../../build/ver_trayectoria build --build-base /home/coche/coche_ws/build/ver_trayectoria/build install --record /home/coche/coche_ws/build/ver_trayectoria/install.log --install-scripts $base/lib/ver_trayectoria --single-version-externally-managed install_data
