[0.176s] Invoking command in '/home/coche/coche_ws/build/ackermann_mux': CMAKE_PREFIX_PATH=${CMAKE_PREFIX_PATH}:/home/coche/coche_ws/install/f1tenth_stack:/home/coche/coche_ws/install/joy_teleop:/home/coche/coche_ws/install/mouse_teleop:/home/coche/coche_ws/install/key_teleop:/opt/ros/foxy /usr/bin/cmake --build /home/coche/coche_ws/build/ackermann_mux -- -j4 -l4
[1.612s] [100%] Built target ackermann_mux
[1.687s] Invoked command in '/home/coche/coche_ws/build/ackermann_mux' returned '0': CMAKE_PREFIX_PATH=${CMAKE_PREFIX_PATH}:/home/coche/coche_ws/install/f1tenth_stack:/home/coche/coche_ws/install/joy_teleop:/home/coche/coche_ws/install/mouse_teleop:/home/coche/coche_ws/install/key_teleop:/opt/ros/foxy /usr/bin/cmake --build /home/coche/coche_ws/build/ackermann_mux -- -j4 -l4
[1.932s] Invoking command in '/home/coche/coche_ws/build/ackermann_mux': CMAKE_PREFIX_PATH=${CMAKE_PREFIX_PATH}:/home/coche/coche_ws/install/f1tenth_stack:/home/coche/coche_ws/install/joy_teleop:/home/coche/coche_ws/install/mouse_teleop:/home/coche/coche_ws/install/key_teleop:/opt/ros/foxy /usr/bin/cmake --install /home/coche/coche_ws/build/ackermann_mux
[1.997s] -- Install configuration: ""
[1.998s] -- Up-to-date: /home/coche/coche_ws/install/ackermann_mux/lib/ackermann_mux/ackermann_mux
[2.001s] -- Up-to-date: /home/coche/coche_ws/install/ackermann_mux/share/ackermann_mux/launch
[2.002s] -- Up-to-date: /home/coche/coche_ws/install/ackermann_mux/share/ackermann_mux/launch/ackermann_mux_launch.py
[2.011s] -- Up-to-date: /home/coche/coche_ws/install/ackermann_mux/share/ackermann_mux/config
[2.012s] -- Up-to-date: /home/coche/coche_ws/install/ackermann_mux/share/ackermann_mux/config/ackermann_mux_topics.yaml
[2.012s] -- Up-to-date: /home/coche/coche_ws/install/ackermann_mux/share/ackermann_mux/config/joystick.yaml
[2.013s] -- Up-to-date: /home/coche/coche_ws/install/ackermann_mux/share/ackermann_mux/config/ackermann_mux_locks.yaml
[2.013s] -- Up-to-date: /home/coche/coche_ws/install/ackermann_mux/include
[2.016s] -- Up-to-date: /home/coche/coche_ws/install/ackermann_mux/include/ackermann_mux
[2.016s] -- Up-to-date: /home/coche/coche_ws/install/ackermann_mux/include/ackermann_mux/ackermann_mux_diagnostics_status.hpp
[2.017s] -- Up-to-date: /home/coche/coche_ws/install/ackermann_mux/include/ackermann_mux/ackermann_mux.hpp
[2.017s] -- Up-to-date: /home/coche/coche_ws/install/ackermann_mux/include/ackermann_mux/topic_handle.hpp
[2.018s] -- Up-to-date: /home/coche/coche_ws/install/ackermann_mux/include/ackermann_mux/params_helpers.hpp
[2.018s] -- Up-to-date: /home/coche/coche_ws/install/ackermann_mux/include/ackermann_mux/ackermann_mux_diagnostics.hpp
[2.021s] -- Up-to-date: /home/coche/coche_ws/install/ackermann_mux/include/ackermann_mux/utils.hpp
[2.021s] -- Up-to-date: /home/coche/coche_ws/install/ackermann_mux/share/ament_index/resource_index/package_run_dependencies/ackermann_mux
[2.021s] -- Up-to-date: /home/coche/coche_ws/install/ackermann_mux/share/ament_index/resource_index/parent_prefix_path/ackermann_mux
[2.022s] -- Up-to-date: /home/coche/coche_ws/install/ackermann_mux/share/ackermann_mux/environment/ament_prefix_path.sh
[2.022s] -- Up-to-date: /home/coche/coche_ws/install/ackermann_mux/share/ackermann_mux/environment/ament_prefix_path.dsv
[2.022s] -- Up-to-date: /home/coche/coche_ws/install/ackermann_mux/share/ackermann_mux/environment/path.sh
[2.023s] -- Up-to-date: /home/coche/coche_ws/install/ackermann_mux/share/ackermann_mux/environment/path.dsv
[2.023s] -- Up-to-date: /home/coche/coche_ws/install/ackermann_mux/share/ackermann_mux/local_setup.bash
[2.023s] -- Up-to-date: /home/coche/coche_ws/install/ackermann_mux/share/ackermann_mux/local_setup.sh
[2.023s] -- Up-to-date: /home/coche/coche_ws/install/ackermann_mux/share/ackermann_mux/local_setup.zsh
[2.024s] -- Up-to-date: /home/coche/coche_ws/install/ackermann_mux/share/ackermann_mux/local_setup.dsv
[2.024s] -- Installing: /home/coche/coche_ws/install/ackermann_mux/share/ackermann_mux/package.dsv
[2.024s] -- Up-to-date: /home/coche/coche_ws/install/ackermann_mux/share/ament_index/resource_index/packages/ackermann_mux
[2.025s] -- Up-to-date: /home/coche/coche_ws/install/ackermann_mux/share/ackermann_mux/cmake/ament_cmake_export_include_directories-extras.cmake
[2.025s] -- Up-to-date: /home/coche/coche_ws/install/ackermann_mux/share/ackermann_mux/cmake/ament_cmake_export_dependencies-extras.cmake
[2.025s] -- Up-to-date: /home/coche/coche_ws/install/ackermann_mux/share/ackermann_mux/cmake/ackermann_muxConfig.cmake
[2.026s] -- Up-to-date: /home/coche/coche_ws/install/ackermann_mux/share/ackermann_mux/cmake/ackermann_muxConfig-version.cmake
[2.026s] -- Up-to-date: /home/coche/coche_ws/install/ackermann_mux/share/ackermann_mux/package.xml
[2.043s] Invoked command in '/home/coche/coche_ws/build/ackermann_mux' returned '0': CMAKE_PREFIX_PATH=${CMAKE_PREFIX_PATH}:/home/coche/coche_ws/install/f1tenth_stack:/home/coche/coche_ws/install/joy_teleop:/home/coche/coche_ws/install/mouse_teleop:/home/coche/coche_ws/install/key_teleop:/opt/ros/foxy /usr/bin/cmake --install /home/coche/coche_ws/build/ackermann_mux
