[5.488s] Invoking command in '/home/coche/coche_ws/src/f1tenth_system/teleop_tools/key_teleop': PYTHONPATH=/home/coche/coche_ws/build/key_teleop/prefix_override:/usr/lib/python3/dist-packages/colcon_core/task/python/colcon_distutils_commands:/home/coche/coche_ws/install/key_teleop/lib/python3.8/site-packages:${PYTHONPATH} /usr/bin/python3 -W ignore:setup.py install is deprecated -W ignore:easy_install command is deprecated setup.py egg_info --egg-base ../../../../build/key_teleop build --build-base /home/coche/coche_ws/build/key_teleop/build install --record /home/coche/coche_ws/build/key_teleop/install.log --install-scripts $base/lib/key_teleop --single-version-externally-managed install_data
[7.030s] running egg_info
[7.037s] writing ../../../../build/key_teleop/key_teleop.egg-info/PKG-INFO
[7.043s] writing dependency_links to ../../../../build/key_teleop/key_teleop.egg-info/dependency_links.txt
[7.045s] writing entry points to ../../../../build/key_teleop/key_teleop.egg-info/entry_points.txt
[7.048s] writing requirements to ../../../../build/key_teleop/key_teleop.egg-info/requires.txt
[7.049s] writing top-level names to ../../../../build/key_teleop/key_teleop.egg-info/top_level.txt
[7.358s] reading manifest file '../../../../build/key_teleop/key_teleop.egg-info/SOURCES.txt'
[7.362s] writing manifest file '../../../../build/key_teleop/key_teleop.egg-info/SOURCES.txt'
[7.366s] running build
[7.366s] running build_py
[7.366s] running install
[7.381s] running install_lib
[7.387s] running install_data
[7.389s] running install_egg_info
[7.398s] removing '/home/coche/coche_ws/install/key_teleop/lib/python3.8/site-packages/key_teleop-0.3.0-py3.8.egg-info' (and everything under it)
[7.405s] Copying ../../../../build/key_teleop/key_teleop.egg-info to /home/coche/coche_ws/install/key_teleop/lib/python3.8/site-packages/key_teleop-0.3.0-py3.8.egg-info
[7.406s] running install_scripts
[7.512s] Installing key_teleop script to /home/coche/coche_ws/install/key_teleop/lib/key_teleop
[7.517s] writing list of installed files to '/home/coche/coche_ws/build/key_teleop/install.log'
[7.623s] Invoked command in '/home/coche/coche_ws/src/f1tenth_system/teleop_tools/key_teleop' returned '0': PYTHONPATH=/home/coche/coche_ws/build/key_teleop/prefix_override:/usr/lib/python3/dist-packages/colcon_core/task/python/colcon_distutils_commands:/home/coche/coche_ws/install/key_teleop/lib/python3.8/site-packages:${PYTHONPATH} /usr/bin/python3 -W ignore:setup.py install is deprecated -W ignore:easy_install command is deprecated setup.py egg_info --egg-base ../../../../build/key_teleop build --build-base /home/coche/coche_ws/build/key_teleop/build install --record /home/coche/coche_ws/build/key_teleop/install.log --install-scripts $base/lib/key_teleop --single-version-externally-managed install_data
