[0.145s] Invoking command in '/home/coche/coche_ws/build/vesc_driver': CMAKE_PREFIX_PATH=/home/coche/coche_ws/install/vesc_msgs:/home/coche/coche_ws/install/waypoint_generator:/home/coche/coche_ws/install/wall_follow:/home/coche/coche_ws/install/vesc:/home/coche/coche_ws/install/vesc_driver:/home/coche/coche_ws/install/vesc_ackermann:/home/coche/coche_ws/install/teleop_tools:/home/coche/coche_ws/install/teleop_tools_msgs:/home/coche/coche_ws/install/pure_pursuit:/home/coche/coche_ws/install/lqr:/home/coche/coche_ws/install/gap_follow:/home/coche/coche_ws/install/bringup:/home/coche/coche_ws/install/ackermann_mux:/home/coche/coche_ws/install/f1tenth_stack:/home/coche/coche_ws/install/ver_trayectoria:/home/coche/coche_ws/install/joy_teleop:/home/coche/coche_ws/install/stanley_avoidance:/home/coche/coche_ws/install/particle_filter:/home/coche/coche_ws/install/mouse_teleop:/home/coche/coche_ws/install/key_teleop:/opt/ros/foxy LD_LIBRARY_PATH=/home/coche/coche_ws/install/vesc_msgs/lib:/home/coche/coche_ws/install/vesc_driver/lib:/home/coche/coche_ws/install/vesc_ackermann/lib:/home/coche/coche_ws/install/teleop_tools_msgs/lib:/opt/ros/foxy/opt/yaml_cpp_vendor/lib:/opt/ros/foxy/opt/rviz_ogre_vendor/lib:/opt/ros/foxy/lib/aarch64-linux-gnu:/opt/ros/foxy/lib PYTHONPATH=/home/coche/coche_ws/install/vesc_msgs/lib/python3.8/site-packages:/home/coche/coche_ws/install/wall_follow/lib/python3.8/site-packages:/home/coche/coche_ws/install/f1tenth_stack/lib/python3.8/site-packages:/home/coche/coche_ws/install/ver_trayectoria/lib/python3.8/site-packages:/home/coche/coche_ws/install/joy_teleop/lib/python3.8/site-packages:/home/coche/coche_ws/install/teleop_tools_msgs/lib/python3.8/site-packages:/home/coche/coche_ws/install/stanley_avoidance/lib/python3.8/site-packages:/home/coche/coche_ws/install/pure_pursuit/lib/python3.8/site-packages:/home/coche/coche_ws/install/particle_filter/lib/python3.8/site-packages:/home/coche/coche_ws/install/mouse_teleop/lib/python3.8/site-packages:/home/coche/coche_ws/install/lqr/lib/python3.8/site-packages:/home/coche/coche_ws/install/key_teleop/lib/python3.8/site-packages:/home/coche/coche_ws/install/gap_follow/lib/python3.8/site-packages:/opt/ros/foxy/lib/python3.8/site-packages /usr/bin/cmake --build /home/coche/coche_ws/build/vesc_driver -- -j4 -l4
[0.621s] [ 20%] Built target vesc_driver_node
[0.643s] [ 70%] Built target vesc_driver
[0.786s] [100%] Built target vesc_device_namer
[0.859s] Invoked command in '/home/coche/coche_ws/build/vesc_driver' returned '0': CMAKE_PREFIX_PATH=/home/coche/coche_ws/install/vesc_msgs:/home/coche/coche_ws/install/waypoint_generator:/home/coche/coche_ws/install/wall_follow:/home/coche/coche_ws/install/vesc:/home/coche/coche_ws/install/vesc_driver:/home/coche/coche_ws/install/vesc_ackermann:/home/coche/coche_ws/install/teleop_tools:/home/coche/coche_ws/install/teleop_tools_msgs:/home/coche/coche_ws/install/pure_pursuit:/home/coche/coche_ws/install/lqr:/home/coche/coche_ws/install/gap_follow:/home/coche/coche_ws/install/bringup:/home/coche/coche_ws/install/ackermann_mux:/home/coche/coche_ws/install/f1tenth_stack:/home/coche/coche_ws/install/ver_trayectoria:/home/coche/coche_ws/install/joy_teleop:/home/coche/coche_ws/install/stanley_avoidance:/home/coche/coche_ws/install/particle_filter:/home/coche/coche_ws/install/mouse_teleop:/home/coche/coche_ws/install/key_teleop:/opt/ros/foxy LD_LIBRARY_PATH=/home/coche/coche_ws/install/vesc_msgs/lib:/home/coche/coche_ws/install/vesc_driver/lib:/home/coche/coche_ws/install/vesc_ackermann/lib:/home/coche/coche_ws/install/teleop_tools_msgs/lib:/opt/ros/foxy/opt/yaml_cpp_vendor/lib:/opt/ros/foxy/opt/rviz_ogre_vendor/lib:/opt/ros/foxy/lib/aarch64-linux-gnu:/opt/ros/foxy/lib PYTHONPATH=/home/coche/coche_ws/install/vesc_msgs/lib/python3.8/site-packages:/home/coche/coche_ws/install/wall_follow/lib/python3.8/site-packages:/home/coche/coche_ws/install/f1tenth_stack/lib/python3.8/site-packages:/home/coche/coche_ws/install/ver_trayectoria/lib/python3.8/site-packages:/home/coche/coche_ws/install/joy_teleop/lib/python3.8/site-packages:/home/coche/coche_ws/install/teleop_tools_msgs/lib/python3.8/site-packages:/home/coche/coche_ws/install/stanley_avoidance/lib/python3.8/site-packages:/home/coche/coche_ws/install/pure_pursuit/lib/python3.8/site-packages:/home/coche/coche_ws/install/particle_filter/lib/python3.8/site-packages:/home/coche/coche_ws/install/mouse_teleop/lib/python3.8/site-packages:/home/coche/coche_ws/install/lqr/lib/python3.8/site-packages:/home/coche/coche_ws/install/key_teleop/lib/python3.8/site-packages:/home/coche/coche_ws/install/gap_follow/lib/python3.8/site-packages:/opt/ros/foxy/lib/python3.8/site-packages /usr/bin/cmake --build /home/coche/coche_ws/build/vesc_driver -- -j4 -l4
[1.151s] Invoking command in '/home/coche/coche_ws/build/vesc_driver': CMAKE_PREFIX_PATH=/home/coche/coche_ws/install/vesc_msgs:/home/coche/coche_ws/install/waypoint_generator:/home/coche/coche_ws/install/wall_follow:/home/coche/coche_ws/install/vesc:/home/coche/coche_ws/install/vesc_driver:/home/coche/coche_ws/install/vesc_ackermann:/home/coche/coche_ws/install/teleop_tools:/home/coche/coche_ws/install/teleop_tools_msgs:/home/coche/coche_ws/install/pure_pursuit:/home/coche/coche_ws/install/lqr:/home/coche/coche_ws/install/gap_follow:/home/coche/coche_ws/install/bringup:/home/coche/coche_ws/install/ackermann_mux:/home/coche/coche_ws/install/f1tenth_stack:/home/coche/coche_ws/install/ver_trayectoria:/home/coche/coche_ws/install/joy_teleop:/home/coche/coche_ws/install/stanley_avoidance:/home/coche/coche_ws/install/particle_filter:/home/coche/coche_ws/install/mouse_teleop:/home/coche/coche_ws/install/key_teleop:/opt/ros/foxy LD_LIBRARY_PATH=/home/coche/coche_ws/install/vesc_msgs/lib:/home/coche/coche_ws/install/vesc_driver/lib:/home/coche/coche_ws/install/vesc_ackermann/lib:/home/coche/coche_ws/install/teleop_tools_msgs/lib:/opt/ros/foxy/opt/yaml_cpp_vendor/lib:/opt/ros/foxy/opt/rviz_ogre_vendor/lib:/opt/ros/foxy/lib/aarch64-linux-gnu:/opt/ros/foxy/lib PYTHONPATH=/home/coche/coche_ws/install/vesc_msgs/lib/python3.8/site-packages:/home/coche/coche_ws/install/wall_follow/lib/python3.8/site-packages:/home/coche/coche_ws/install/f1tenth_stack/lib/python3.8/site-packages:/home/coche/coche_ws/install/ver_trayectoria/lib/python3.8/site-packages:/home/coche/coche_ws/install/joy_teleop/lib/python3.8/site-packages:/home/coche/coche_ws/install/teleop_tools_msgs/lib/python3.8/site-packages:/home/coche/coche_ws/install/stanley_avoidance/lib/python3.8/site-packages:/home/coche/coche_ws/install/pure_pursuit/lib/python3.8/site-packages:/home/coche/coche_ws/install/particle_filter/lib/python3.8/site-packages:/home/coche/coche_ws/install/mouse_teleop/lib/python3.8/site-packages:/home/coche/coche_ws/install/lqr/lib/python3.8/site-packages:/home/coche/coche_ws/install/key_teleop/lib/python3.8/site-packages:/home/coche/coche_ws/install/gap_follow/lib/python3.8/site-packages:/opt/ros/foxy/lib/python3.8/site-packages /usr/bin/cmake --install /home/coche/coche_ws/build/vesc_driver
[1.221s] -- Install configuration: ""
[1.224s] -- Up-to-date: /home/coche/coche_ws/install/vesc_driver/lib/vesc_driver/vesc_driver_node
[1.226s] -- Up-to-date: /home/coche/coche_ws/install/vesc_driver/include
[1.227s] -- Up-to-date: /home/coche/coche_ws/install/vesc_driver/include/vesc_driver
[1.228s] -- Up-to-date: /home/coche/coche_ws/install/vesc_driver/include/vesc_driver/vesc_device_uuid_lookup.hpp
[1.229s] -- Up-to-date: /home/coche/coche_ws/install/vesc_driver/include/vesc_driver/datatypes.hpp
[1.230s] -- Up-to-date: /home/coche/coche_ws/install/vesc_driver/include/vesc_driver/vesc_packet_factory.hpp
[1.230s] -- Up-to-date: /home/coche/coche_ws/install/vesc_driver/include/vesc_driver/vesc_interface.hpp
[1.231s] -- Up-to-date: /home/coche/coche_ws/install/vesc_driver/include/vesc_driver/vesc_driver.hpp
[1.232s] -- Up-to-date: /home/coche/coche_ws/install/vesc_driver/include/vesc_driver/vesc_packet.hpp
[1.233s] -- Up-to-date: /home/coche/coche_ws/install/vesc_driver/include/vesc_driver/crc.hpp
[1.235s] -- Up-to-date: /home/coche/coche_ws/install/vesc_driver/share/vesc_driver/environment/library_path.sh
[1.238s] -- Up-to-date: /home/coche/coche_ws/install/vesc_driver/share/vesc_driver/environment/library_path.dsv
[1.239s] -- Up-to-date: /home/coche/coche_ws/install/vesc_driver/lib/libvesc_driver.so
[1.242s] -- Up-to-date: /home/coche/coche_ws/install/vesc_driver/lib/vesc_driver/vesc_device_namer
[1.245s] -- Up-to-date: /home/coche/coche_ws/install/vesc_driver/share/vesc_driver/launch
[1.246s] -- Up-to-date: /home/coche/coche_ws/install/vesc_driver/share/vesc_driver/launch/vesc_driver_node.launch.py
[1.247s] -- Up-to-date: /home/coche/coche_ws/install/vesc_driver/share/vesc_driver/params
[1.248s] -- Up-to-date: /home/coche/coche_ws/install/vesc_driver/share/vesc_driver/params/vesc_config.yaml
[1.249s] -- Up-to-date: /home/coche/coche_ws/install/vesc_driver/share/ament_index/resource_index/package_run_dependencies/vesc_driver
[1.250s] -- Up-to-date: /home/coche/coche_ws/install/vesc_driver/share/ament_index/resource_index/parent_prefix_path/vesc_driver
[1.251s] -- Up-to-date: /home/coche/coche_ws/install/vesc_driver/share/vesc_driver/environment/ament_prefix_path.sh
[1.252s] -- Up-to-date: /home/coche/coche_ws/install/vesc_driver/share/vesc_driver/environment/ament_prefix_path.dsv
[1.253s] -- Up-to-date: /home/coche/coche_ws/install/vesc_driver/share/vesc_driver/environment/path.sh
[1.254s] -- Up-to-date: /home/coche/coche_ws/install/vesc_driver/share/vesc_driver/environment/path.dsv
[1.255s] -- Up-to-date: /home/coche/coche_ws/install/vesc_driver/share/vesc_driver/local_setup.bash
[1.256s] -- Up-to-date: /home/coche/coche_ws/install/vesc_driver/share/vesc_driver/local_setup.sh
[1.257s] -- Up-to-date: /home/coche/coche_ws/install/vesc_driver/share/vesc_driver/local_setup.zsh
[1.257s] -- Up-to-date: /home/coche/coche_ws/install/vesc_driver/share/vesc_driver/local_setup.dsv
[1.258s] -- Installing: /home/coche/coche_ws/install/vesc_driver/share/vesc_driver/package.dsv
[1.260s] -- Up-to-date: /home/coche/coche_ws/install/vesc_driver/share/ament_index/resource_index/packages/vesc_driver
[1.270s] -- Up-to-date: /home/coche/coche_ws/install/vesc_driver/share/ament_index/resource_index/rclcpp_components/vesc_driver
[1.273s] -- Up-to-date: /home/coche/coche_ws/install/vesc_driver/share/vesc_driver/cmake/ament_cmake_export_dependencies-extras.cmake
[1.273s] -- Up-to-date: /home/coche/coche_ws/install/vesc_driver/share/vesc_driver/cmake/ament_cmake_export_include_directories-extras.cmake
[1.274s] -- Up-to-date: /home/coche/coche_ws/install/vesc_driver/share/vesc_driver/cmake/ament_cmake_export_libraries-extras.cmake
[1.275s] -- Up-to-date: /home/coche/coche_ws/install/vesc_driver/share/vesc_driver/cmake/vesc_driverConfig.cmake
[1.276s] -- Up-to-date: /home/coche/coche_ws/install/vesc_driver/share/vesc_driver/cmake/vesc_driverConfig-version.cmake
[1.276s] -- Up-to-date: /home/coche/coche_ws/install/vesc_driver/share/vesc_driver/package.xml
[1.366s] Invoked command in '/home/coche/coche_ws/build/vesc_driver' returned '0': CMAKE_PREFIX_PATH=/home/coche/coche_ws/install/vesc_msgs:/home/coche/coche_ws/install/waypoint_generator:/home/coche/coche_ws/install/wall_follow:/home/coche/coche_ws/install/vesc:/home/coche/coche_ws/install/vesc_driver:/home/coche/coche_ws/install/vesc_ackermann:/home/coche/coche_ws/install/teleop_tools:/home/coche/coche_ws/install/teleop_tools_msgs:/home/coche/coche_ws/install/pure_pursuit:/home/coche/coche_ws/install/lqr:/home/coche/coche_ws/install/gap_follow:/home/coche/coche_ws/install/bringup:/home/coche/coche_ws/install/ackermann_mux:/home/coche/coche_ws/install/f1tenth_stack:/home/coche/coche_ws/install/ver_trayectoria:/home/coche/coche_ws/install/joy_teleop:/home/coche/coche_ws/install/stanley_avoidance:/home/coche/coche_ws/install/particle_filter:/home/coche/coche_ws/install/mouse_teleop:/home/coche/coche_ws/install/key_teleop:/opt/ros/foxy LD_LIBRARY_PATH=/home/coche/coche_ws/install/vesc_msgs/lib:/home/coche/coche_ws/install/vesc_driver/lib:/home/coche/coche_ws/install/vesc_ackermann/lib:/home/coche/coche_ws/install/teleop_tools_msgs/lib:/opt/ros/foxy/opt/yaml_cpp_vendor/lib:/opt/ros/foxy/opt/rviz_ogre_vendor/lib:/opt/ros/foxy/lib/aarch64-linux-gnu:/opt/ros/foxy/lib PYTHONPATH=/home/coche/coche_ws/install/vesc_msgs/lib/python3.8/site-packages:/home/coche/coche_ws/install/wall_follow/lib/python3.8/site-packages:/home/coche/coche_ws/install/f1tenth_stack/lib/python3.8/site-packages:/home/coche/coche_ws/install/ver_trayectoria/lib/python3.8/site-packages:/home/coche/coche_ws/install/joy_teleop/lib/python3.8/site-packages:/home/coche/coche_ws/install/teleop_tools_msgs/lib/python3.8/site-packages:/home/coche/coche_ws/install/stanley_avoidance/lib/python3.8/site-packages:/home/coche/coche_ws/install/pure_pursuit/lib/python3.8/site-packages:/home/coche/coche_ws/install/particle_filter/lib/python3.8/site-packages:/home/coche/coche_ws/install/mouse_teleop/lib/python3.8/site-packages:/home/coche/coche_ws/install/lqr/lib/python3.8/site-packages:/home/coche/coche_ws/install/key_teleop/lib/python3.8/site-packages:/home/coche/coche_ws/install/gap_follow/lib/python3.8/site-packages:/opt/ros/foxy/lib/python3.8/site-packages /usr/bin/cmake --install /home/coche/coche_ws/build/vesc_driver
