[0.132s] Invoking command in '/home/coche/coche_ws/build/vesc_driver': CMAKE_PREFIX_PATH=/home/coche/coche_ws/install/vesc_msgs:/home/coche/coche_ws/install/vesc:/home/coche/coche_ws/install/vesc_driver:/home/coche/coche_ws/install/vesc_ackermann:/home/coche/coche_ws/install/teleop_tools:/home/coche/coche_ws/install/teleop_tools_msgs:/home/coche/coche_ws/install/ackermann_mux:/home/coche/coche_ws/install/f1tenth_stack:/home/coche/coche_ws/install/joy_teleop:/home/coche/coche_ws/install/mouse_teleop:/home/coche/coche_ws/install/key_teleop:/opt/ros/foxy LD_LIBRARY_PATH=/home/coche/coche_ws/install/vesc_msgs/lib:/home/coche/coche_ws/install/vesc_driver/lib:/home/coche/coche_ws/install/vesc_ackermann/lib:/home/coche/coche_ws/install/teleop_tools_msgs/lib:/opt/ros/foxy/opt/yaml_cpp_vendor/lib:/opt/ros/foxy/opt/rviz_ogre_vendor/lib:/opt/ros/foxy/lib/aarch64-linux-gnu:/opt/ros/foxy/lib PYTHONPATH=/home/coche/coche_ws/install/vesc_msgs/lib/python3.8/site-packages:/home/coche/coche_ws/install/f1tenth_stack/lib/python3.8/site-packages:/home/coche/coche_ws/install/joy_teleop/lib/python3.8/site-packages:/home/coche/coche_ws/install/teleop_tools_msgs/lib/python3.8/site-packages:/home/coche/coche_ws/install/mouse_teleop/lib/python3.8/site-packages:/home/coche/coche_ws/install/key_teleop/lib/python3.8/site-packages:/opt/ros/foxy/lib/python3.8/site-packages /usr/bin/cmake --build /home/coche/coche_ws/build/vesc_driver -- -j4 -l4
[0.581s] [ 20%] Built target vesc_driver_node
[0.589s] [ 70%] Built target vesc_driver
[0.709s] [100%] Built target vesc_device_namer
[0.761s] Invoked command in '/home/coche/coche_ws/build/vesc_driver' returned '0': CMAKE_PREFIX_PATH=/home/coche/coche_ws/install/vesc_msgs:/home/coche/coche_ws/install/vesc:/home/coche/coche_ws/install/vesc_driver:/home/coche/coche_ws/install/vesc_ackermann:/home/coche/coche_ws/install/teleop_tools:/home/coche/coche_ws/install/teleop_tools_msgs:/home/coche/coche_ws/install/ackermann_mux:/home/coche/coche_ws/install/f1tenth_stack:/home/coche/coche_ws/install/joy_teleop:/home/coche/coche_ws/install/mouse_teleop:/home/coche/coche_ws/install/key_teleop:/opt/ros/foxy LD_LIBRARY_PATH=/home/coche/coche_ws/install/vesc_msgs/lib:/home/coche/coche_ws/install/vesc_driver/lib:/home/coche/coche_ws/install/vesc_ackermann/lib:/home/coche/coche_ws/install/teleop_tools_msgs/lib:/opt/ros/foxy/opt/yaml_cpp_vendor/lib:/opt/ros/foxy/opt/rviz_ogre_vendor/lib:/opt/ros/foxy/lib/aarch64-linux-gnu:/opt/ros/foxy/lib PYTHONPATH=/home/coche/coche_ws/install/vesc_msgs/lib/python3.8/site-packages:/home/coche/coche_ws/install/f1tenth_stack/lib/python3.8/site-packages:/home/coche/coche_ws/install/joy_teleop/lib/python3.8/site-packages:/home/coche/coche_ws/install/teleop_tools_msgs/lib/python3.8/site-packages:/home/coche/coche_ws/install/mouse_teleop/lib/python3.8/site-packages:/home/coche/coche_ws/install/key_teleop/lib/python3.8/site-packages:/opt/ros/foxy/lib/python3.8/site-packages /usr/bin/cmake --build /home/coche/coche_ws/build/vesc_driver -- -j4 -l4
[0.986s] Invoking command in '/home/coche/coche_ws/build/vesc_driver': CMAKE_PREFIX_PATH=/home/coche/coche_ws/install/vesc_msgs:/home/coche/coche_ws/install/vesc:/home/coche/coche_ws/install/vesc_driver:/home/coche/coche_ws/install/vesc_ackermann:/home/coche/coche_ws/install/teleop_tools:/home/coche/coche_ws/install/teleop_tools_msgs:/home/coche/coche_ws/install/ackermann_mux:/home/coche/coche_ws/install/f1tenth_stack:/home/coche/coche_ws/install/joy_teleop:/home/coche/coche_ws/install/mouse_teleop:/home/coche/coche_ws/install/key_teleop:/opt/ros/foxy LD_LIBRARY_PATH=/home/coche/coche_ws/install/vesc_msgs/lib:/home/coche/coche_ws/install/vesc_driver/lib:/home/coche/coche_ws/install/vesc_ackermann/lib:/home/coche/coche_ws/install/teleop_tools_msgs/lib:/opt/ros/foxy/opt/yaml_cpp_vendor/lib:/opt/ros/foxy/opt/rviz_ogre_vendor/lib:/opt/ros/foxy/lib/aarch64-linux-gnu:/opt/ros/foxy/lib PYTHONPATH=/home/coche/coche_ws/install/vesc_msgs/lib/python3.8/site-packages:/home/coche/coche_ws/install/f1tenth_stack/lib/python3.8/site-packages:/home/coche/coche_ws/install/joy_teleop/lib/python3.8/site-packages:/home/coche/coche_ws/install/teleop_tools_msgs/lib/python3.8/site-packages:/home/coche/coche_ws/install/mouse_teleop/lib/python3.8/site-packages:/home/coche/coche_ws/install/key_teleop/lib/python3.8/site-packages:/opt/ros/foxy/lib/python3.8/site-packages /usr/bin/cmake --install /home/coche/coche_ws/build/vesc_driver
[1.045s] -- Install configuration: ""
[1.048s] -- Up-to-date: /home/coche/coche_ws/install/vesc_driver/lib/vesc_driver/vesc_driver_node
[1.052s] -- Up-to-date: /home/coche/coche_ws/install/vesc_driver/include
[1.053s] -- Up-to-date: /home/coche/coche_ws/install/vesc_driver/include/vesc_driver
[1.053s] -- Up-to-date: /home/coche/coche_ws/install/vesc_driver/include/vesc_driver/vesc_device_uuid_lookup.hpp
[1.054s] -- Up-to-date: /home/coche/coche_ws/install/vesc_driver/include/vesc_driver/datatypes.hpp
[1.054s] -- Up-to-date: /home/coche/coche_ws/install/vesc_driver/include/vesc_driver/vesc_packet_factory.hpp
[1.055s] -- Up-to-date: /home/coche/coche_ws/install/vesc_driver/include/vesc_driver/vesc_interface.hpp
[1.056s] -- Up-to-date: /home/coche/coche_ws/install/vesc_driver/include/vesc_driver/vesc_driver.hpp
[1.056s] -- Up-to-date: /home/coche/coche_ws/install/vesc_driver/include/vesc_driver/vesc_packet.hpp
[1.057s] -- Up-to-date: /home/coche/coche_ws/install/vesc_driver/include/vesc_driver/crc.hpp
[1.059s] -- Up-to-date: /home/coche/coche_ws/install/vesc_driver/share/vesc_driver/environment/library_path.sh
[1.060s] -- Up-to-date: /home/coche/coche_ws/install/vesc_driver/share/vesc_driver/environment/library_path.dsv
[1.062s] -- Up-to-date: /home/coche/coche_ws/install/vesc_driver/lib/libvesc_driver.so
[1.066s] -- Up-to-date: /home/coche/coche_ws/install/vesc_driver/lib/vesc_driver/vesc_device_namer
[1.069s] -- Up-to-date: /home/coche/coche_ws/install/vesc_driver/share/vesc_driver/launch
[1.071s] -- Up-to-date: /home/coche/coche_ws/install/vesc_driver/share/vesc_driver/launch/vesc_driver_node.launch.py
[1.073s] -- Up-to-date: /home/coche/coche_ws/install/vesc_driver/share/vesc_driver/params
[1.074s] -- Up-to-date: /home/coche/coche_ws/install/vesc_driver/share/vesc_driver/params/vesc_config.yaml
[1.075s] -- Up-to-date: /home/coche/coche_ws/install/vesc_driver/share/ament_index/resource_index/package_run_dependencies/vesc_driver
[1.076s] -- Up-to-date: /home/coche/coche_ws/install/vesc_driver/share/ament_index/resource_index/parent_prefix_path/vesc_driver
[1.078s] -- Up-to-date: /home/coche/coche_ws/install/vesc_driver/share/vesc_driver/environment/ament_prefix_path.sh
[1.079s] -- Up-to-date: /home/coche/coche_ws/install/vesc_driver/share/vesc_driver/environment/ament_prefix_path.dsv
[1.080s] -- Up-to-date: /home/coche/coche_ws/install/vesc_driver/share/vesc_driver/environment/path.sh
[1.082s] -- Up-to-date: /home/coche/coche_ws/install/vesc_driver/share/vesc_driver/environment/path.dsv
[1.083s] -- Up-to-date: /home/coche/coche_ws/install/vesc_driver/share/vesc_driver/local_setup.bash
[1.083s] -- Up-to-date: /home/coche/coche_ws/install/vesc_driver/share/vesc_driver/local_setup.sh
[1.084s] -- Up-to-date: /home/coche/coche_ws/install/vesc_driver/share/vesc_driver/local_setup.zsh
[1.086s] -- Up-to-date: /home/coche/coche_ws/install/vesc_driver/share/vesc_driver/local_setup.dsv
[1.087s] -- Installing: /home/coche/coche_ws/install/vesc_driver/share/vesc_driver/package.dsv
[1.089s] -- Up-to-date: /home/coche/coche_ws/install/vesc_driver/share/ament_index/resource_index/packages/vesc_driver
[1.089s] -- Up-to-date: /home/coche/coche_ws/install/vesc_driver/share/ament_index/resource_index/rclcpp_components/vesc_driver
[1.091s] -- Up-to-date: /home/coche/coche_ws/install/vesc_driver/share/vesc_driver/cmake/ament_cmake_export_dependencies-extras.cmake
[1.092s] -- Up-to-date: /home/coche/coche_ws/install/vesc_driver/share/vesc_driver/cmake/ament_cmake_export_include_directories-extras.cmake
[1.093s] -- Up-to-date: /home/coche/coche_ws/install/vesc_driver/share/vesc_driver/cmake/ament_cmake_export_libraries-extras.cmake
[1.094s] -- Up-to-date: /home/coche/coche_ws/install/vesc_driver/share/vesc_driver/cmake/vesc_driverConfig.cmake
[1.095s] -- Up-to-date: /home/coche/coche_ws/install/vesc_driver/share/vesc_driver/cmake/vesc_driverConfig-version.cmake
[1.096s] -- Up-to-date: /home/coche/coche_ws/install/vesc_driver/share/vesc_driver/package.xml
[1.111s] Invoked command in '/home/coche/coche_ws/build/vesc_driver' returned '0': CMAKE_PREFIX_PATH=/home/coche/coche_ws/install/vesc_msgs:/home/coche/coche_ws/install/vesc:/home/coche/coche_ws/install/vesc_driver:/home/coche/coche_ws/install/vesc_ackermann:/home/coche/coche_ws/install/teleop_tools:/home/coche/coche_ws/install/teleop_tools_msgs:/home/coche/coche_ws/install/ackermann_mux:/home/coche/coche_ws/install/f1tenth_stack:/home/coche/coche_ws/install/joy_teleop:/home/coche/coche_ws/install/mouse_teleop:/home/coche/coche_ws/install/key_teleop:/opt/ros/foxy LD_LIBRARY_PATH=/home/coche/coche_ws/install/vesc_msgs/lib:/home/coche/coche_ws/install/vesc_driver/lib:/home/coche/coche_ws/install/vesc_ackermann/lib:/home/coche/coche_ws/install/teleop_tools_msgs/lib:/opt/ros/foxy/opt/yaml_cpp_vendor/lib:/opt/ros/foxy/opt/rviz_ogre_vendor/lib:/opt/ros/foxy/lib/aarch64-linux-gnu:/opt/ros/foxy/lib PYTHONPATH=/home/coche/coche_ws/install/vesc_msgs/lib/python3.8/site-packages:/home/coche/coche_ws/install/f1tenth_stack/lib/python3.8/site-packages:/home/coche/coche_ws/install/joy_teleop/lib/python3.8/site-packages:/home/coche/coche_ws/install/teleop_tools_msgs/lib/python3.8/site-packages:/home/coche/coche_ws/install/mouse_teleop/lib/python3.8/site-packages:/home/coche/coche_ws/install/key_teleop/lib/python3.8/site-packages:/opt/ros/foxy/lib/python3.8/site-packages /usr/bin/cmake --install /home/coche/coche_ws/build/vesc_driver
