[3.389s] Invoking command in '/home/coche/coche_ws/src/f1tenth_system/ver_trayectoria': PYTHONPATH=/home/coche/coche_ws/build/ver_trayectoria/prefix_override:/usr/lib/python3/dist-packages/colcon_core/task/python/colcon_distutils_commands:/home/coche/coche_ws/install/ver_trayectoria/lib/python3.8/site-packages:${PYTHONPATH} /usr/bin/python3 -W ignore:setup.py install is deprecated -W ignore:easy_install command is deprecated setup.py egg_info --egg-base ../../../build/ver_trayectoria build --build-base /home/coche/coche_ws/build/ver_trayectoria/build install --record /home/coche/coche_ws/build/ver_trayectoria/install.log --install-scripts $base/lib/ver_trayectoria --single-version-externally-managed install_data
[4.535s] running egg_info
[4.538s] creating ../../../build/ver_trayectoria/ver_trayectoria.egg-info
[4.539s] writing ../../../build/ver_trayectoria/ver_trayectoria.egg-info/PKG-INFO
[4.541s] writing dependency_links to ../../../build/ver_trayectoria/ver_trayectoria.egg-info/dependency_links.txt
[4.542s] writing entry points to ../../../build/ver_trayectoria/ver_trayectoria.egg-info/entry_points.txt
[4.543s] writing requirements to ../../../build/ver_trayectoria/ver_trayectoria.egg-info/requires.txt
[4.543s] writing top-level names to ../../../build/ver_trayectoria/ver_trayectoria.egg-info/top_level.txt
[4.549s] writing manifest file '../../../build/ver_trayectoria/ver_trayectoria.egg-info/SOURCES.txt'
[4.691s] reading manifest file '../../../build/ver_trayectoria/ver_trayectoria.egg-info/SOURCES.txt'
[4.694s] writing manifest file '../../../build/ver_trayectoria/ver_trayectoria.egg-info/SOURCES.txt'
[4.695s] running build
[4.695s] running build_py
[4.696s] creating /home/coche/coche_ws/build/ver_trayectoria/build
[4.698s] creating /home/coche/coche_ws/build/ver_trayectoria/build/lib
[4.698s] creating /home/coche/coche_ws/build/ver_trayectoria/build/lib/ver_trayectoria
[4.699s] copying ver_trayectoria/ver_trayectoria.py -> /home/coche/coche_ws/build/ver_trayectoria/build/lib/ver_trayectoria
[4.701s] copying ver_trayectoria/__init__.py -> /home/coche/coche_ws/build/ver_trayectoria/build/lib/ver_trayectoria
[4.702s] running install
[4.711s] running install_lib
[4.712s] creating /home/coche/coche_ws/install/ver_trayectoria/lib/python3.8/site-packages/ver_trayectoria
[4.713s] copying /home/coche/coche_ws/build/ver_trayectoria/build/lib/ver_trayectoria/ver_trayectoria.py -> /home/coche/coche_ws/install/ver_trayectoria/lib/python3.8/site-packages/ver_trayectoria
[4.714s] copying /home/coche/coche_ws/build/ver_trayectoria/build/lib/ver_trayectoria/__init__.py -> /home/coche/coche_ws/install/ver_trayectoria/lib/python3.8/site-packages/ver_trayectoria
[4.717s] byte-compiling /home/coche/coche_ws/install/ver_trayectoria/lib/python3.8/site-packages/ver_trayectoria/ver_trayectoria.py to ver_trayectoria.cpython-38.pyc
[4.727s] byte-compiling /home/coche/coche_ws/install/ver_trayectoria/lib/python3.8/site-packages/ver_trayectoria/__init__.py to __init__.cpython-38.pyc
[4.729s] running install_data
[4.730s] creating /home/coche/coche_ws/install/ver_trayectoria/share/ament_index
[4.731s] creating /home/coche/coche_ws/install/ver_trayectoria/share/ament_index/resource_index
[4.731s] creating /home/coche/coche_ws/install/ver_trayectoria/share/ament_index/resource_index/packages
[4.731s] copying resource/ver_trayectoria -> /home/coche/coche_ws/install/ver_trayectoria/share/ament_index/resource_index/packages
[4.732s] copying package.xml -> /home/coche/coche_ws/install/ver_trayectoria/share/ver_trayectoria
[4.732s] running install_egg_info
[4.739s] Copying ../../../build/ver_trayectoria/ver_trayectoria.egg-info to /home/coche/coche_ws/install/ver_trayectoria/lib/python3.8/site-packages/ver_trayectoria-0.0.0-py3.8.egg-info
[4.746s] running install_scripts
[4.824s] Installing ver_trayectoria script to /home/coche/coche_ws/install/ver_trayectoria/lib/ver_trayectoria
[4.825s] writing list of installed files to '/home/coche/coche_ws/build/ver_trayectoria/install.log'
[5.023s] Invoked command in '/home/coche/coche_ws/src/f1tenth_system/ver_trayectoria' returned '0': PYTHONPATH=/home/coche/coche_ws/build/ver_trayectoria/prefix_override:/usr/lib/python3/dist-packages/colcon_core/task/python/colcon_distutils_commands:/home/coche/coche_ws/install/ver_trayectoria/lib/python3.8/site-packages:${PYTHONPATH} /usr/bin/python3 -W ignore:setup.py install is deprecated -W ignore:easy_install command is deprecated setup.py egg_info --egg-base ../../../build/ver_trayectoria build --build-base /home/coche/coche_ws/build/ver_trayectoria/build install --record /home/coche/coche_ws/build/ver_trayectoria/install.log --install-scripts $base/lib/ver_trayectoria --single-version-externally-managed install_data
