[4.415s] Invoking command in '/home/coche/coche_ws/src/f1tenth_system/particle filter': PYTHONPATH=/home/coche/coche_ws/build/particle_filter/prefix_override:/usr/lib/python3/dist-packages/colcon_core/task/python/colcon_distutils_commands:/home/coche/coche_ws/install/particle_filter/lib/python3.8/site-packages:${PYTHONPATH} /usr/bin/python3 -W ignore:setup.py install is deprecated -W ignore:easy_install command is deprecated setup.py egg_info --egg-base ../../../build/particle_filter build --build-base /home/coche/coche_ws/build/particle_filter/build install --record /home/coche/coche_ws/build/particle_filter/install.log --install-scripts $base/lib/particle_filter --single-version-externally-managed install_data
[5.526s] running egg_info
[5.528s] writing ../../../build/particle_filter/particle_filter.egg-info/PKG-INFO
[5.530s] writing dependency_links to ../../../build/particle_filter/particle_filter.egg-info/dependency_links.txt
[5.531s] writing entry points to ../../../build/particle_filter/particle_filter.egg-info/entry_points.txt
[5.531s] writing requirements to ../../../build/particle_filter/particle_filter.egg-info/requires.txt
[5.532s] writing top-level names to ../../../build/particle_filter/particle_filter.egg-info/top_level.txt
[5.686s] reading manifest file '../../../build/particle_filter/particle_filter.egg-info/SOURCES.txt'
[5.692s] writing manifest file '../../../build/particle_filter/particle_filter.egg-info/SOURCES.txt'
[5.692s] running build
[5.693s] running build_py
[5.694s] running install
[5.698s] running install_lib
[5.705s] running install_data
[5.710s] running install_egg_info
[5.719s] removing '/home/coche/coche_ws/install/particle_filter/lib/python3.8/site-packages/particle_filter-0.2.0-py3.8.egg-info' (and everything under it)
[5.720s] Copying ../../../build/particle_filter/particle_filter.egg-info to /home/coche/coche_ws/install/particle_filter/lib/python3.8/site-packages/particle_filter-0.2.0-py3.8.egg-info
[5.729s] running install_scripts
[5.803s] Installing particle_filter script to /home/coche/coche_ws/install/particle_filter/lib/particle_filter
[5.805s] writing list of installed files to '/home/coche/coche_ws/build/particle_filter/install.log'
[5.927s] Invoked command in '/home/coche/coche_ws/src/f1tenth_system/particle filter' returned '0': PYTHONPATH=/home/coche/coche_ws/build/particle_filter/prefix_override:/usr/lib/python3/dist-packages/colcon_core/task/python/colcon_distutils_commands:/home/coche/coche_ws/install/particle_filter/lib/python3.8/site-packages:${PYTHONPATH} /usr/bin/python3 -W ignore:setup.py install is deprecated -W ignore:easy_install command is deprecated setup.py egg_info --egg-base ../../../build/particle_filter build --build-base /home/coche/coche_ws/build/particle_filter/build install --record /home/coche/coche_ws/build/particle_filter/install.log --install-scripts $base/lib/particle_filter --single-version-externally-managed install_data
