[0.070s] Invoking command in '/home/coche/coche_ws/build/pure_pursuit': CMAKE_PREFIX_PATH=${CMAKE_PREFIX_PATH}:/home/coche/coche_ws/install/f1tenth_stack:/home/coche/coche_ws/install/joy_teleop:/home/coche/coche_ws/install/particle_filter:/home/coche/coche_ws/install/mouse_teleop:/home/coche/coche_ws/install/key_teleop:/opt/ros/foxy /usr/bin/cmake /home/coche/coche_ws/src/f1tenth_system/pure_pursuit -DCMAKE_INSTALL_PREFIX=/home/coche/coche_ws/install/pure_pursuit
[0.438s] -- The C compiler identification is GNU 9.4.0
[0.790s] -- The CXX compiler identification is GNU 9.4.0
[0.818s] -- Check for working C compiler: /usr/bin/cc
[1.195s] -- Check for working C compiler: /usr/bin/cc -- works
[1.200s] -- Detecting C compiler ABI info
[1.592s] -- Detecting C compiler ABI info - done
[1.671s] -- Detecting C compile features
[1.672s] -- Detecting C compile features - done
[1.691s] -- Check for working CXX compiler: /usr/bin/c++
[2.175s] -- Check for working CXX compiler: /usr/bin/c++ -- works
[2.182s] -- Detecting CXX compiler ABI info
[2.653s] -- Detecting CXX compiler ABI info - done
[2.722s] -- Detecting CXX compile features
[2.725s] -- Detecting CXX compile features - done
[2.752s] -- Found ament_cmake: 0.9.12 (/opt/ros/foxy/share/ament_cmake/cmake)
[2.928s] -- Found PythonInterp: /usr/bin/python3 (found suitable version "3.8.10", minimum required is "3") 
[2.929s] -- Using PYTHON_EXECUTABLE: /usr/bin/python3
[4.393s] -- Found rclcpp: 2.4.3 (/opt/ros/foxy/share/rclcpp/cmake)
[4.777s] -- Using all available rosidl_typesupport_c: rosidl_typesupport_fastrtps_c;rosidl_typesupport_introspection_c
[4.875s] -- Found rosidl_adapter: 1.3.1 (/opt/ros/foxy/share/rosidl_adapter/cmake)
[5.436s] -- Found OpenSSL: /usr/lib/aarch64-linux-gnu/libcrypto.so (found version "1.1.1f")  
[5.583s] -- Found FastRTPS: /opt/ros/foxy/include  
[6.011s] -- Using all available rosidl_typesupport_cpp: rosidl_typesupport_fastrtps_cpp;rosidl_typesupport_introspection_cpp
[6.315s] -- Found rmw_implementation_cmake: 1.0.4 (/opt/ros/foxy/share/rmw_implementation_cmake/cmake)
[6.323s] -- Using RMW implementation 'rmw_fastrtps_cpp' as default
[6.328s] -- Looking for pthread.h
[6.726s] -- Looking for pthread.h - found
[6.727s] -- Performing Test CMAKE_HAVE_LIBC_PTHREAD
[7.331s] -- Performing Test CMAKE_HAVE_LIBC_PTHREAD - Failed
[7.334s] -- Looking for pthread_create in pthreads
[7.801s] -- Looking for pthread_create in pthreads - not found
[7.804s] -- Looking for pthread_create in pthread
[8.248s] -- Looking for pthread_create in pthread - found
[8.254s] -- Found Threads: TRUE  
[9.068s] -- Found rclpy: 1.0.13 (/opt/ros/foxy/share/rclpy/cmake)
[9.093s] -- Found geometry_msgs: 2.0.5 (/opt/ros/foxy/share/geometry_msgs/cmake)
[9.311s] -- Found nav_msgs: 2.0.5 (/opt/ros/foxy/share/nav_msgs/cmake)
[9.695s] -- Found ackermann_msgs: 2.0.2 (/opt/ros/foxy/share/ackermann_msgs/cmake)
[9.854s] -- Found sensor_msgs: 2.0.5 (/opt/ros/foxy/share/sensor_msgs/cmake)
[10.126s] -- Found visualization_msgs: 2.0.5 (/opt/ros/foxy/share/visualization_msgs/cmake)
[10.452s] -- Found tf2_ros: 0.13.14 (/opt/ros/foxy/share/tf2_ros/cmake)
[11.997s] -- Found ament_lint_auto: 0.9.8 (/opt/ros/foxy/share/ament_lint_auto/cmake)
[12.411s] -- Added test 'copyright' to check source files copyright and LICENSE
[12.426s] -- Added test 'flake8' to check Python code syntax and style conventions
[12.431s] -- Added test 'lint_cmake' to check CMake code style
[12.437s] -- Added test 'pep257' to check Python code against some of the style conventions in PEP 257
[12.443s] -- Added test 'xmllint' to check XML markup files
[12.472s] -- Configuring done
[12.486s] -- Generating done
[12.498s] -- Build files have been written to: /home/coche/coche_ws/build/pure_pursuit
[12.549s] Invoked command in '/home/coche/coche_ws/build/pure_pursuit' returned '0': CMAKE_PREFIX_PATH=${CMAKE_PREFIX_PATH}:/home/coche/coche_ws/install/f1tenth_stack:/home/coche/coche_ws/install/joy_teleop:/home/coche/coche_ws/install/particle_filter:/home/coche/coche_ws/install/mouse_teleop:/home/coche/coche_ws/install/key_teleop:/opt/ros/foxy /usr/bin/cmake /home/coche/coche_ws/src/f1tenth_system/pure_pursuit -DCMAKE_INSTALL_PREFIX=/home/coche/coche_ws/install/pure_pursuit
[12.555s] Invoking command in '/home/coche/coche_ws/build/pure_pursuit': CMAKE_PREFIX_PATH=${CMAKE_PREFIX_PATH}:/home/coche/coche_ws/install/f1tenth_stack:/home/coche/coche_ws/install/joy_teleop:/home/coche/coche_ws/install/particle_filter:/home/coche/coche_ws/install/mouse_teleop:/home/coche/coche_ws/install/key_teleop:/opt/ros/foxy /usr/bin/cmake --build /home/coche/coche_ws/build/pure_pursuit -- -j4 -l4
[12.778s] Invoked command in '/home/coche/coche_ws/build/pure_pursuit' returned '0': CMAKE_PREFIX_PATH=${CMAKE_PREFIX_PATH}:/home/coche/coche_ws/install/f1tenth_stack:/home/coche/coche_ws/install/joy_teleop:/home/coche/coche_ws/install/particle_filter:/home/coche/coche_ws/install/mouse_teleop:/home/coche/coche_ws/install/key_teleop:/opt/ros/foxy /usr/bin/cmake --build /home/coche/coche_ws/build/pure_pursuit -- -j4 -l4
[12.802s] Invoking command in '/home/coche/coche_ws/build/pure_pursuit': CMAKE_PREFIX_PATH=${CMAKE_PREFIX_PATH}:/home/coche/coche_ws/install/f1tenth_stack:/home/coche/coche_ws/install/joy_teleop:/home/coche/coche_ws/install/particle_filter:/home/coche/coche_ws/install/mouse_teleop:/home/coche/coche_ws/install/key_teleop:/opt/ros/foxy /usr/bin/cmake --install /home/coche/coche_ws/build/pure_pursuit
[12.833s] -- Install configuration: ""
[12.835s] -- Installing: /home/coche/coche_ws/install/pure_pursuit/share/pure_pursuit/environment/pythonpath.sh
[12.837s] -- Installing: /home/coche/coche_ws/install/pure_pursuit/share/pure_pursuit/environment/pythonpath.dsv
[12.842s] -- Installing: /home/coche/coche_ws/install/pure_pursuit/lib/python3.8/site-packages/pure_pursuit
[12.843s] -- Installing: /home/coche/coche_ws/install/pure_pursuit/lib/python3.8/site-packages/pure_pursuit/__init__.py
[13.007s] Listing '/home/coche/coche_ws/install/pure_pursuit/lib/python3.8/site-packages/pure_pursuit'...
[13.009s] Compiling '/home/coche/coche_ws/install/pure_pursuit/lib/python3.8/site-packages/pure_pursuit/__init__.py'...
[13.020s] -- Installing: /home/coche/coche_ws/install/pure_pursuit/lib/pure_pursuit/pure_pursuit_node.py
[13.020s] -- Installing: /home/coche/coche_ws/install/pure_pursuit/lib/pure_pursuit/final_race_pure_pursuit_node.py
[13.022s] -- Installing: /home/coche/coche_ws/install/pure_pursuit/share/ament_index/resource_index/package_run_dependencies/pure_pursuit
[13.024s] -- Installing: /home/coche/coche_ws/install/pure_pursuit/share/ament_index/resource_index/parent_prefix_path/pure_pursuit
[13.025s] -- Installing: /home/coche/coche_ws/install/pure_pursuit/share/pure_pursuit/environment/ament_prefix_path.sh
[13.026s] -- Installing: /home/coche/coche_ws/install/pure_pursuit/share/pure_pursuit/environment/ament_prefix_path.dsv
[13.027s] -- Installing: /home/coche/coche_ws/install/pure_pursuit/share/pure_pursuit/environment/path.sh
[13.028s] -- Installing: /home/coche/coche_ws/install/pure_pursuit/share/pure_pursuit/environment/path.dsv
[13.029s] -- Installing: /home/coche/coche_ws/install/pure_pursuit/share/pure_pursuit/local_setup.bash
[13.030s] -- Installing: /home/coche/coche_ws/install/pure_pursuit/share/pure_pursuit/local_setup.sh
[13.030s] -- Installing: /home/coche/coche_ws/install/pure_pursuit/share/pure_pursuit/local_setup.zsh
[13.031s] -- Installing: /home/coche/coche_ws/install/pure_pursuit/share/pure_pursuit/local_setup.dsv
[13.032s] -- Installing: /home/coche/coche_ws/install/pure_pursuit/share/pure_pursuit/package.dsv
[13.033s] -- Installing: /home/coche/coche_ws/install/pure_pursuit/share/ament_index/resource_index/packages/pure_pursuit
[13.034s] -- Installing: /home/coche/coche_ws/install/pure_pursuit/share/pure_pursuit/cmake/pure_pursuitConfig.cmake
[13.035s] -- Installing: /home/coche/coche_ws/install/pure_pursuit/share/pure_pursuit/cmake/pure_pursuitConfig-version.cmake
[13.036s] -- Installing: /home/coche/coche_ws/install/pure_pursuit/share/pure_pursuit/package.xml
[13.058s] Invoked command in '/home/coche/coche_ws/build/pure_pursuit' returned '0': CMAKE_PREFIX_PATH=${CMAKE_PREFIX_PATH}:/home/coche/coche_ws/install/f1tenth_stack:/home/coche/coche_ws/install/joy_teleop:/home/coche/coche_ws/install/particle_filter:/home/coche/coche_ws/install/mouse_teleop:/home/coche/coche_ws/install/key_teleop:/opt/ros/foxy /usr/bin/cmake --install /home/coche/coche_ws/build/pure_pursuit
