[0.178s] Invoking command in '/home/coche/coche_ws/build/bringup': CMAKE_PREFIX_PATH=${CMAKE_PREFIX_PATH}:/home/coche/coche_ws/install/f1tenth_stack:/home/coche/coche_ws/install/ver_trayectoria:/home/coche/coche_ws/install/joy_teleop:/home/coche/coche_ws/install/stanley_avoidance:/home/coche/coche_ws/install/particle_filter:/home/coche/coche_ws/install/mouse_teleop:/home/coche/coche_ws/install/key_teleop:/opt/ros/foxy /usr/bin/cmake --build /home/coche/coche_ws/build/bringup -- -j4 -l4
[0.368s] Invoked command in '/home/coche/coche_ws/build/bringup' returned '0': CMAKE_PREFIX_PATH=${CMAKE_PREFIX_PATH}:/home/coche/coche_ws/install/f1tenth_stack:/home/coche/coche_ws/install/ver_trayectoria:/home/coche/coche_ws/install/joy_teleop:/home/coche/coche_ws/install/stanley_avoidance:/home/coche/coche_ws/install/particle_filter:/home/coche/coche_ws/install/mouse_teleop:/home/coche/coche_ws/install/key_teleop:/opt/ros/foxy /usr/bin/cmake --build /home/coche/coche_ws/build/bringup -- -j4 -l4
[0.373s] Invoking command in '/home/coche/coche_ws/build/bringup': CMAKE_PREFIX_PATH=${CMAKE_PREFIX_PATH}:/home/coche/coche_ws/install/f1tenth_stack:/home/coche/coche_ws/install/ver_trayectoria:/home/coche/coche_ws/install/joy_teleop:/home/coche/coche_ws/install/stanley_avoidance:/home/coche/coche_ws/install/particle_filter:/home/coche/coche_ws/install/mouse_teleop:/home/coche/coche_ws/install/key_teleop:/opt/ros/foxy /usr/bin/cmake --install /home/coche/coche_ws/build/bringup
[0.440s] -- Install configuration: ""
[0.441s] -- Up-to-date: /home/coche/coche_ws/install/bringup/share/bringup/final_race_sim_launch.py
[0.443s] -- Up-to-date: /home/coche/coche_ws/install/bringup/share/bringup/final_race_real_launch.py
[0.444s] -- Up-to-date: /home/coche/coche_ws/install/bringup/share/bringup/levine_sim_launch.py
[0.445s] -- Up-to-date: /home/coche/coche_ws/install/bringup/share/bringup/levine_real_launch.py
[0.447s] -- Up-to-date: /home/coche/coche_ws/install/bringup/share/ament_index/resource_index/package_run_dependencies/bringup
[0.468s] -- Up-to-date: /home/coche/coche_ws/install/bringup/share/ament_index/resource_index/parent_prefix_path/bringup
[0.468s] -- Up-to-date: /home/coche/coche_ws/install/bringup/share/bringup/environment/ament_prefix_path.sh
[0.469s] -- Up-to-date: /home/coche/coche_ws/install/bringup/share/bringup/environment/ament_prefix_path.dsv
[0.469s] -- Up-to-date: /home/coche/coche_ws/install/bringup/share/bringup/environment/path.sh
[0.469s] -- Up-to-date: /home/coche/coche_ws/install/bringup/share/bringup/environment/path.dsv
[0.470s] -- Up-to-date: /home/coche/coche_ws/install/bringup/share/bringup/local_setup.bash
[0.471s] -- Up-to-date: /home/coche/coche_ws/install/bringup/share/bringup/local_setup.sh
[0.471s] -- Up-to-date: /home/coche/coche_ws/install/bringup/share/bringup/local_setup.zsh
[0.472s] -- Up-to-date: /home/coche/coche_ws/install/bringup/share/bringup/local_setup.dsv
[0.472s] -- Installing: /home/coche/coche_ws/install/bringup/share/bringup/package.dsv
[0.472s] -- Up-to-date: /home/coche/coche_ws/install/bringup/share/ament_index/resource_index/packages/bringup
[0.473s] -- Up-to-date: /home/coche/coche_ws/install/bringup/share/bringup/cmake/bringupConfig.cmake
[0.473s] -- Up-to-date: /home/coche/coche_ws/install/bringup/share/bringup/cmake/bringupConfig-version.cmake
[0.474s] -- Up-to-date: /home/coche/coche_ws/install/bringup/share/bringup/package.xml
[0.492s] Invoked command in '/home/coche/coche_ws/build/bringup' returned '0': CMAKE_PREFIX_PATH=${CMAKE_PREFIX_PATH}:/home/coche/coche_ws/install/f1tenth_stack:/home/coche/coche_ws/install/ver_trayectoria:/home/coche/coche_ws/install/joy_teleop:/home/coche/coche_ws/install/stanley_avoidance:/home/coche/coche_ws/install/particle_filter:/home/coche/coche_ws/install/mouse_teleop:/home/coche/coche_ws/install/key_teleop:/opt/ros/foxy /usr/bin/cmake --install /home/coche/coche_ws/build/bringup
