[0.163s] Invoking command in '/home/coche/coche_ws/build/pure_pursuit': CMAKE_PREFIX_PATH=${CMAKE_PREFIX_PATH}:/home/coche/coche_ws/install/f1tenth_stack:/home/coche/coche_ws/install/ver_trayectoria:/home/coche/coche_ws/install/joy_teleop:/home/coche/coche_ws/install/stanley_avoidance:/home/coche/coche_ws/install/particle_filter:/home/coche/coche_ws/install/mouse_teleop:/home/coche/coche_ws/install/key_teleop:/opt/ros/foxy /usr/bin/cmake --build /home/coche/coche_ws/build/pure_pursuit -- -j4 -l4
[1.303s] Invoked command in '/home/coche/coche_ws/build/pure_pursuit' returned '0': CMAKE_PREFIX_PATH=${CMAKE_PREFIX_PATH}:/home/coche/coche_ws/install/f1tenth_stack:/home/coche/coche_ws/install/ver_trayectoria:/home/coche/coche_ws/install/joy_teleop:/home/coche/coche_ws/install/stanley_avoidance:/home/coche/coche_ws/install/particle_filter:/home/coche/coche_ws/install/mouse_teleop:/home/coche/coche_ws/install/key_teleop:/opt/ros/foxy /usr/bin/cmake --build /home/coche/coche_ws/build/pure_pursuit -- -j4 -l4
[1.309s] Invoking command in '/home/coche/coche_ws/build/pure_pursuit': CMAKE_PREFIX_PATH=${CMAKE_PREFIX_PATH}:/home/coche/coche_ws/install/f1tenth_stack:/home/coche/coche_ws/install/ver_trayectoria:/home/coche/coche_ws/install/joy_teleop:/home/coche/coche_ws/install/stanley_avoidance:/home/coche/coche_ws/install/particle_filter:/home/coche/coche_ws/install/mouse_teleop:/home/coche/coche_ws/install/key_teleop:/opt/ros/foxy /usr/bin/cmake --install /home/coche/coche_ws/build/pure_pursuit
[1.373s] -- Install configuration: ""
[1.374s] -- Up-to-date: /home/coche/coche_ws/install/pure_pursuit/share/pure_pursuit/environment/pythonpath.sh
[1.375s] -- Up-to-date: /home/coche/coche_ws/install/pure_pursuit/share/pure_pursuit/environment/pythonpath.dsv
[1.375s] -- Up-to-date: /home/coche/coche_ws/install/pure_pursuit/lib/python3.8/site-packages/pure_pursuit
[1.375s] -- Up-to-date: /home/coche/coche_ws/install/pure_pursuit/lib/python3.8/site-packages/pure_pursuit/__init__.py
[1.559s] Listing '/home/coche/coche_ws/install/pure_pursuit/lib/python3.8/site-packages/pure_pursuit'...
[1.579s] -- Up-to-date: /home/coche/coche_ws/install/pure_pursuit/lib/pure_pursuit/pure_pursuit_node.py
[1.580s] -- Up-to-date: /home/coche/coche_ws/install/pure_pursuit/lib/pure_pursuit/final_race_pure_pursuit_node.py
[1.580s] -- Up-to-date: /home/coche/coche_ws/install/pure_pursuit/share/ament_index/resource_index/package_run_dependencies/pure_pursuit
[1.580s] -- Up-to-date: /home/coche/coche_ws/install/pure_pursuit/share/ament_index/resource_index/parent_prefix_path/pure_pursuit
[1.581s] -- Up-to-date: /home/coche/coche_ws/install/pure_pursuit/share/pure_pursuit/environment/ament_prefix_path.sh
[1.581s] -- Up-to-date: /home/coche/coche_ws/install/pure_pursuit/share/pure_pursuit/environment/ament_prefix_path.dsv
[1.581s] -- Up-to-date: /home/coche/coche_ws/install/pure_pursuit/share/pure_pursuit/environment/path.sh
[1.582s] -- Up-to-date: /home/coche/coche_ws/install/pure_pursuit/share/pure_pursuit/environment/path.dsv
[1.583s] -- Up-to-date: /home/coche/coche_ws/install/pure_pursuit/share/pure_pursuit/local_setup.bash
[1.583s] -- Up-to-date: /home/coche/coche_ws/install/pure_pursuit/share/pure_pursuit/local_setup.sh
[1.584s] -- Up-to-date: /home/coche/coche_ws/install/pure_pursuit/share/pure_pursuit/local_setup.zsh
[1.585s] -- Up-to-date: /home/coche/coche_ws/install/pure_pursuit/share/pure_pursuit/local_setup.dsv
[1.586s] -- Installing: /home/coche/coche_ws/install/pure_pursuit/share/pure_pursuit/package.dsv
[1.586s] -- Up-to-date: /home/coche/coche_ws/install/pure_pursuit/share/ament_index/resource_index/packages/pure_pursuit
[1.586s] -- Up-to-date: /home/coche/coche_ws/install/pure_pursuit/share/pure_pursuit/cmake/pure_pursuitConfig.cmake
[1.587s] -- Up-to-date: /home/coche/coche_ws/install/pure_pursuit/share/pure_pursuit/cmake/pure_pursuitConfig-version.cmake
[1.587s] -- Up-to-date: /home/coche/coche_ws/install/pure_pursuit/share/pure_pursuit/package.xml
[1.601s] Invoked command in '/home/coche/coche_ws/build/pure_pursuit' returned '0': CMAKE_PREFIX_PATH=${CMAKE_PREFIX_PATH}:/home/coche/coche_ws/install/f1tenth_stack:/home/coche/coche_ws/install/ver_trayectoria:/home/coche/coche_ws/install/joy_teleop:/home/coche/coche_ws/install/stanley_avoidance:/home/coche/coche_ws/install/particle_filter:/home/coche/coche_ws/install/mouse_teleop:/home/coche/coche_ws/install/key_teleop:/opt/ros/foxy /usr/bin/cmake --install /home/coche/coche_ws/build/pure_pursuit
