[0.146s] Invoking command in '/home/coche/coche_ws/build/vesc_driver': CMAKE_PREFIX_PATH=/home/coche/coche_ws/install/vesc_msgs:/home/coche/coche_ws/install/vesc:/home/coche/coche_ws/install/vesc_driver:/home/coche/coche_ws/install/vesc_ackermann:/home/coche/coche_ws/install/teleop_tools:/home/coche/coche_ws/install/teleop_tools_msgs:/home/coche/coche_ws/install/ackermann_mux:/home/coche/coche_ws/install/f1tenth_stack:/home/coche/coche_ws/install/joy_teleop:/home/coche/coche_ws/install/mouse_teleop:/home/coche/coche_ws/install/key_teleop:/opt/ros/foxy LD_LIBRARY_PATH=/home/coche/coche_ws/install/vesc_msgs/lib:/home/coche/coche_ws/install/vesc_driver/lib:/home/coche/coche_ws/install/vesc_ackermann/lib:/home/coche/coche_ws/install/teleop_tools_msgs/lib:/opt/ros/foxy/opt/yaml_cpp_vendor/lib:/opt/ros/foxy/opt/rviz_ogre_vendor/lib:/opt/ros/foxy/lib/aarch64-linux-gnu:/opt/ros/foxy/lib PYTHONPATH=/home/coche/coche_ws/install/vesc_msgs/lib/python3.8/site-packages:/home/coche/coche_ws/install/f1tenth_stack/lib/python3.8/site-packages:/home/coche/coche_ws/install/joy_teleop/lib/python3.8/site-packages:/home/coche/coche_ws/install/teleop_tools_msgs/lib/python3.8/site-packages:/home/coche/coche_ws/install/mouse_teleop/lib/python3.8/site-packages:/home/coche/coche_ws/install/key_teleop/lib/python3.8/site-packages:/opt/ros/foxy/lib/python3.8/site-packages /usr/bin/cmake --build /home/coche/coche_ws/build/vesc_driver -- -j4 -l4
[0.222s] make: Warning: File 'Makefile' has modification time 780154643 s in the future
[0.388s] make[1]: Warning: File 'CMakeFiles/Makefile2' has modification time 780154643 s in the future
[0.401s] make[2]: Warning: File 'CMakeFiles/vesc_driver.dir/flags.make' has modification time 780154643 s in the future
[0.413s] make[2]: Warning: File 'CMakeFiles/vesc_driver_node.dir/flags.make' has modification time 780154643 s in the future
[0.456s] make[2]: warning:  Clock skew detected.  Your build may be incomplete.
[0.469s] make[2]: Warning: File 'CMakeFiles/vesc_driver.dir/flags.make' has modification time 780154643 s in the future
[0.515s] make[2]: warning:  Clock skew detected.  Your build may be incomplete.
[0.530s] make[2]: warning:  Clock skew detected.  Your build may be incomplete.
[0.551s] make[2]: Warning: File 'CMakeFiles/vesc_driver_node.dir/flags.make' has modification time 780154643 s in the future
[0.600s] make[2]: warning:  Clock skew detected.  Your build may be incomplete.
[0.606s] [ 50%] Built target vesc_driver
[0.623s] make[2]: Warning: File 'CMakeFiles/vesc_device_namer.dir/flags.make' has modification time 780154643 s in the future
[0.655s] [ 70%] Built target vesc_driver_node
[0.673s] make[2]: warning:  Clock skew detected.  Your build may be incomplete.
[0.681s] make[2]: Warning: File 'CMakeFiles/vesc_device_namer.dir/flags.make' has modification time 780154643 s in the future
[0.699s] make[2]: warning:  Clock skew detected.  Your build may be incomplete.
[0.753s] [100%] Built target vesc_device_namer
[0.759s] make[1]: warning:  Clock skew detected.  Your build may be incomplete.
[0.807s] make: warning:  Clock skew detected.  Your build may be incomplete.
[0.820s] Invoked command in '/home/coche/coche_ws/build/vesc_driver' returned '0': CMAKE_PREFIX_PATH=/home/coche/coche_ws/install/vesc_msgs:/home/coche/coche_ws/install/vesc:/home/coche/coche_ws/install/vesc_driver:/home/coche/coche_ws/install/vesc_ackermann:/home/coche/coche_ws/install/teleop_tools:/home/coche/coche_ws/install/teleop_tools_msgs:/home/coche/coche_ws/install/ackermann_mux:/home/coche/coche_ws/install/f1tenth_stack:/home/coche/coche_ws/install/joy_teleop:/home/coche/coche_ws/install/mouse_teleop:/home/coche/coche_ws/install/key_teleop:/opt/ros/foxy LD_LIBRARY_PATH=/home/coche/coche_ws/install/vesc_msgs/lib:/home/coche/coche_ws/install/vesc_driver/lib:/home/coche/coche_ws/install/vesc_ackermann/lib:/home/coche/coche_ws/install/teleop_tools_msgs/lib:/opt/ros/foxy/opt/yaml_cpp_vendor/lib:/opt/ros/foxy/opt/rviz_ogre_vendor/lib:/opt/ros/foxy/lib/aarch64-linux-gnu:/opt/ros/foxy/lib PYTHONPATH=/home/coche/coche_ws/install/vesc_msgs/lib/python3.8/site-packages:/home/coche/coche_ws/install/f1tenth_stack/lib/python3.8/site-packages:/home/coche/coche_ws/install/joy_teleop/lib/python3.8/site-packages:/home/coche/coche_ws/install/teleop_tools_msgs/lib/python3.8/site-packages:/home/coche/coche_ws/install/mouse_teleop/lib/python3.8/site-packages:/home/coche/coche_ws/install/key_teleop/lib/python3.8/site-packages:/opt/ros/foxy/lib/python3.8/site-packages /usr/bin/cmake --build /home/coche/coche_ws/build/vesc_driver -- -j4 -l4
[1.081s] Invoking command in '/home/coche/coche_ws/build/vesc_driver': CMAKE_PREFIX_PATH=/home/coche/coche_ws/install/vesc_msgs:/home/coche/coche_ws/install/vesc:/home/coche/coche_ws/install/vesc_driver:/home/coche/coche_ws/install/vesc_ackermann:/home/coche/coche_ws/install/teleop_tools:/home/coche/coche_ws/install/teleop_tools_msgs:/home/coche/coche_ws/install/ackermann_mux:/home/coche/coche_ws/install/f1tenth_stack:/home/coche/coche_ws/install/joy_teleop:/home/coche/coche_ws/install/mouse_teleop:/home/coche/coche_ws/install/key_teleop:/opt/ros/foxy LD_LIBRARY_PATH=/home/coche/coche_ws/install/vesc_msgs/lib:/home/coche/coche_ws/install/vesc_driver/lib:/home/coche/coche_ws/install/vesc_ackermann/lib:/home/coche/coche_ws/install/teleop_tools_msgs/lib:/opt/ros/foxy/opt/yaml_cpp_vendor/lib:/opt/ros/foxy/opt/rviz_ogre_vendor/lib:/opt/ros/foxy/lib/aarch64-linux-gnu:/opt/ros/foxy/lib PYTHONPATH=/home/coche/coche_ws/install/vesc_msgs/lib/python3.8/site-packages:/home/coche/coche_ws/install/f1tenth_stack/lib/python3.8/site-packages:/home/coche/coche_ws/install/joy_teleop/lib/python3.8/site-packages:/home/coche/coche_ws/install/teleop_tools_msgs/lib/python3.8/site-packages:/home/coche/coche_ws/install/mouse_teleop/lib/python3.8/site-packages:/home/coche/coche_ws/install/key_teleop/lib/python3.8/site-packages:/opt/ros/foxy/lib/python3.8/site-packages /usr/bin/cmake --install /home/coche/coche_ws/build/vesc_driver
[1.123s] -- Install configuration: ""
[1.125s] -- Up-to-date: /home/coche/coche_ws/install/vesc_driver/lib/vesc_driver/vesc_driver_node
[1.127s] -- Up-to-date: /home/coche/coche_ws/install/vesc_driver/include
[1.127s] -- Up-to-date: /home/coche/coche_ws/install/vesc_driver/include/vesc_driver
[1.128s] -- Up-to-date: /home/coche/coche_ws/install/vesc_driver/include/vesc_driver/vesc_device_uuid_lookup.hpp
[1.128s] -- Up-to-date: /home/coche/coche_ws/install/vesc_driver/include/vesc_driver/datatypes.hpp
[1.129s] -- Up-to-date: /home/coche/coche_ws/install/vesc_driver/include/vesc_driver/vesc_packet_factory.hpp
[1.129s] -- Up-to-date: /home/coche/coche_ws/install/vesc_driver/include/vesc_driver/vesc_interface.hpp
[1.129s] -- Up-to-date: /home/coche/coche_ws/install/vesc_driver/include/vesc_driver/vesc_driver.hpp
[1.130s] -- Up-to-date: /home/coche/coche_ws/install/vesc_driver/include/vesc_driver/vesc_packet.hpp
[1.130s] -- Up-to-date: /home/coche/coche_ws/install/vesc_driver/include/vesc_driver/crc.hpp
[1.130s] -- Up-to-date: /home/coche/coche_ws/install/vesc_driver/share/vesc_driver/environment/library_path.sh
[1.131s] -- Up-to-date: /home/coche/coche_ws/install/vesc_driver/share/vesc_driver/environment/library_path.dsv
[1.131s] -- Up-to-date: /home/coche/coche_ws/install/vesc_driver/lib/libvesc_driver.so
[1.134s] -- Up-to-date: /home/coche/coche_ws/install/vesc_driver/lib/vesc_driver/vesc_device_namer
[1.134s] -- Up-to-date: /home/coche/coche_ws/install/vesc_driver/share/vesc_driver/launch
[1.136s] -- Up-to-date: /home/coche/coche_ws/install/vesc_driver/share/vesc_driver/launch/vesc_driver_node.launch.py
[1.137s] -- Up-to-date: /home/coche/coche_ws/install/vesc_driver/share/vesc_driver/params
[1.137s] -- Up-to-date: /home/coche/coche_ws/install/vesc_driver/share/vesc_driver/params/vesc_config.yaml
[1.137s] -- Up-to-date: /home/coche/coche_ws/install/vesc_driver/share/ament_index/resource_index/package_run_dependencies/vesc_driver
[1.138s] -- Up-to-date: /home/coche/coche_ws/install/vesc_driver/share/ament_index/resource_index/parent_prefix_path/vesc_driver
[1.138s] -- Up-to-date: /home/coche/coche_ws/install/vesc_driver/share/vesc_driver/environment/ament_prefix_path.sh
[1.140s] -- Up-to-date: /home/coche/coche_ws/install/vesc_driver/share/vesc_driver/environment/ament_prefix_path.dsv
[1.140s] -- Up-to-date: /home/coche/coche_ws/install/vesc_driver/share/vesc_driver/environment/path.sh
[1.141s] -- Up-to-date: /home/coche/coche_ws/install/vesc_driver/share/vesc_driver/environment/path.dsv
[1.141s] -- Up-to-date: /home/coche/coche_ws/install/vesc_driver/share/vesc_driver/local_setup.bash
[1.141s] -- Up-to-date: /home/coche/coche_ws/install/vesc_driver/share/vesc_driver/local_setup.sh
[1.142s] -- Up-to-date: /home/coche/coche_ws/install/vesc_driver/share/vesc_driver/local_setup.zsh
[1.142s] -- Up-to-date: /home/coche/coche_ws/install/vesc_driver/share/vesc_driver/local_setup.dsv
[1.153s] -- Installing: /home/coche/coche_ws/install/vesc_driver/share/vesc_driver/package.dsv
[1.162s] -- Up-to-date: /home/coche/coche_ws/install/vesc_driver/share/ament_index/resource_index/packages/vesc_driver
[1.162s] -- Up-to-date: /home/coche/coche_ws/install/vesc_driver/share/ament_index/resource_index/rclcpp_components/vesc_driver
[1.163s] -- Up-to-date: /home/coche/coche_ws/install/vesc_driver/share/vesc_driver/cmake/ament_cmake_export_dependencies-extras.cmake
[1.163s] -- Up-to-date: /home/coche/coche_ws/install/vesc_driver/share/vesc_driver/cmake/ament_cmake_export_include_directories-extras.cmake
[1.163s] -- Up-to-date: /home/coche/coche_ws/install/vesc_driver/share/vesc_driver/cmake/ament_cmake_export_libraries-extras.cmake
[1.164s] -- Up-to-date: /home/coche/coche_ws/install/vesc_driver/share/vesc_driver/cmake/vesc_driverConfig.cmake
[1.164s] -- Up-to-date: /home/coche/coche_ws/install/vesc_driver/share/vesc_driver/cmake/vesc_driverConfig-version.cmake
[1.164s] -- Up-to-date: /home/coche/coche_ws/install/vesc_driver/share/vesc_driver/package.xml
[1.178s] Invoked command in '/home/coche/coche_ws/build/vesc_driver' returned '0': CMAKE_PREFIX_PATH=/home/coche/coche_ws/install/vesc_msgs:/home/coche/coche_ws/install/vesc:/home/coche/coche_ws/install/vesc_driver:/home/coche/coche_ws/install/vesc_ackermann:/home/coche/coche_ws/install/teleop_tools:/home/coche/coche_ws/install/teleop_tools_msgs:/home/coche/coche_ws/install/ackermann_mux:/home/coche/coche_ws/install/f1tenth_stack:/home/coche/coche_ws/install/joy_teleop:/home/coche/coche_ws/install/mouse_teleop:/home/coche/coche_ws/install/key_teleop:/opt/ros/foxy LD_LIBRARY_PATH=/home/coche/coche_ws/install/vesc_msgs/lib:/home/coche/coche_ws/install/vesc_driver/lib:/home/coche/coche_ws/install/vesc_ackermann/lib:/home/coche/coche_ws/install/teleop_tools_msgs/lib:/opt/ros/foxy/opt/yaml_cpp_vendor/lib:/opt/ros/foxy/opt/rviz_ogre_vendor/lib:/opt/ros/foxy/lib/aarch64-linux-gnu:/opt/ros/foxy/lib PYTHONPATH=/home/coche/coche_ws/install/vesc_msgs/lib/python3.8/site-packages:/home/coche/coche_ws/install/f1tenth_stack/lib/python3.8/site-packages:/home/coche/coche_ws/install/joy_teleop/lib/python3.8/site-packages:/home/coche/coche_ws/install/teleop_tools_msgs/lib/python3.8/site-packages:/home/coche/coche_ws/install/mouse_teleop/lib/python3.8/site-packages:/home/coche/coche_ws/install/key_teleop/lib/python3.8/site-packages:/opt/ros/foxy/lib/python3.8/site-packages /usr/bin/cmake --install /home/coche/coche_ws/build/vesc_driver
