[2.731s] Invoking command in '/home/coche/coche_ws/src/f1tenth_system/f1tenth_stack': AMENT_PREFIX_PATH=/home/coche/coche_ws/install/joy_teleop:/home/coche/coche_ws/install/f1tenth_stack:/home/coche/coche_ws/install/vesc:/home/coche/coche_ws/install/vesc_driver:/home/coche/coche_ws/install/vesc_ackermann:/home/coche/coche_ws/install/vesc_msgs:/home/coche/coche_ws/install/teleop_tools:/home/coche/coche_ws/install/teleop_tools_msgs:/home/coche/coche_ws/install/mouse_teleop:/home/coche/coche_ws/install/key_teleop:/home/coche/coche_ws/install/ackermann_mux:/opt/ros/foxy CMAKE_PREFIX_PATH=/home/coche/coche_ws/install/vesc:/home/coche/coche_ws/install/vesc_driver:/home/coche/coche_ws/install/vesc_ackermann:/home/coche/coche_ws/install/vesc_msgs:/home/coche/coche_ws/install/teleop_tools_msgs:/home/coche/coche_ws/install/ackermann_mux:/home/coche/coche_ws/install/teleop_tools PYTHONPATH=/home/coche/coche_ws/build/f1tenth_stack/prefix_override:/usr/lib/python3/dist-packages/colcon_core/task/python/colcon_distutils_commands:/home/coche/coche_ws/install/f1tenth_stack/lib/python3.8/site-packages:/home/coche/coche_ws/install/joy_teleop/lib/python3.8/site-packages:/home/coche/coche_ws/install/vesc_msgs/lib/python3.8/site-packages:/home/coche/coche_ws/install/teleop_tools_msgs/lib/python3.8/site-packages:/home/coche/coche_ws/install/f1tenth_stack/lib/python3.8/site-packages:/home/coche/coche_ws/install/mouse_teleop/lib/python3.8/site-packages:/home/coche/coche_ws/install/key_teleop/lib/python3.8/site-packages:/opt/ros/foxy/lib/python3.8/site-packages /usr/bin/python3 -W ignore:setup.py install is deprecated setup.py egg_info --egg-base ../../../build/f1tenth_stack build --build-base /home/coche/coche_ws/build/f1tenth_stack/build install --record /home/coche/coche_ws/build/f1tenth_stack/install.log --install-scripts $base/lib/f1tenth_stack --single-version-externally-managed install_data
[3.638s] running egg_info
[3.641s] creating ../../../build/f1tenth_stack/f1tenth_stack.egg-info
[3.642s] writing ../../../build/f1tenth_stack/f1tenth_stack.egg-info/PKG-INFO
[3.643s] writing dependency_links to ../../../build/f1tenth_stack/f1tenth_stack.egg-info/dependency_links.txt
[3.644s] writing entry points to ../../../build/f1tenth_stack/f1tenth_stack.egg-info/entry_points.txt
[3.644s] writing requirements to ../../../build/f1tenth_stack/f1tenth_stack.egg-info/requires.txt
[3.645s] writing top-level names to ../../../build/f1tenth_stack/f1tenth_stack.egg-info/top_level.txt
[3.649s] writing manifest file '../../../build/f1tenth_stack/f1tenth_stack.egg-info/SOURCES.txt'
[3.796s] reading manifest file '../../../build/f1tenth_stack/f1tenth_stack.egg-info/SOURCES.txt'
[3.799s] writing manifest file '../../../build/f1tenth_stack/f1tenth_stack.egg-info/SOURCES.txt'
[3.800s] running build
[3.800s] running build_py
[3.800s] creating /home/coche/coche_ws/build/f1tenth_stack/build
[3.801s] creating /home/coche/coche_ws/build/f1tenth_stack/build/lib
[3.801s] creating /home/coche/coche_ws/build/f1tenth_stack/build/lib/f1tenth_stack
[3.802s] copying f1tenth_stack/tf_publisher.py -> /home/coche/coche_ws/build/f1tenth_stack/build/lib/f1tenth_stack
[3.802s] copying f1tenth_stack/throttle_interpolator.py -> /home/coche/coche_ws/build/f1tenth_stack/build/lib/f1tenth_stack
[3.802s] copying f1tenth_stack/__init__.py -> /home/coche/coche_ws/build/f1tenth_stack/build/lib/f1tenth_stack
[3.803s] running install
[3.807s] running install_lib
[3.810s] creating /home/coche/coche_ws/install/f1tenth_stack/lib/python3.8/site-packages/f1tenth_stack
[3.811s] copying /home/coche/coche_ws/build/f1tenth_stack/build/lib/f1tenth_stack/tf_publisher.py -> /home/coche/coche_ws/install/f1tenth_stack/lib/python3.8/site-packages/f1tenth_stack
[3.811s] copying /home/coche/coche_ws/build/f1tenth_stack/build/lib/f1tenth_stack/throttle_interpolator.py -> /home/coche/coche_ws/install/f1tenth_stack/lib/python3.8/site-packages/f1tenth_stack
[3.812s] copying /home/coche/coche_ws/build/f1tenth_stack/build/lib/f1tenth_stack/__init__.py -> /home/coche/coche_ws/install/f1tenth_stack/lib/python3.8/site-packages/f1tenth_stack
[3.814s] byte-compiling /home/coche/coche_ws/install/f1tenth_stack/lib/python3.8/site-packages/f1tenth_stack/tf_publisher.py to tf_publisher.cpython-38.pyc
[3.821s] byte-compiling /home/coche/coche_ws/install/f1tenth_stack/lib/python3.8/site-packages/f1tenth_stack/throttle_interpolator.py to throttle_interpolator.cpython-38.pyc
[3.826s] byte-compiling /home/coche/coche_ws/install/f1tenth_stack/lib/python3.8/site-packages/f1tenth_stack/__init__.py to __init__.cpython-38.pyc
[3.826s] running install_data
[3.827s] creating /home/coche/coche_ws/install/f1tenth_stack/share/ament_index
[3.827s] creating /home/coche/coche_ws/install/f1tenth_stack/share/ament_index/resource_index
[3.828s] creating /home/coche/coche_ws/install/f1tenth_stack/share/ament_index/resource_index/packages
[3.828s] copying resource/f1tenth_stack -> /home/coche/coche_ws/install/f1tenth_stack/share/ament_index/resource_index/packages
[3.828s] copying package.xml -> /home/coche/coche_ws/install/f1tenth_stack/share/f1tenth_stack
[3.829s] creating /home/coche/coche_ws/install/f1tenth_stack/share/f1tenth_stack/launch
[3.829s] copying launch/bringup_launch.py -> /home/coche/coche_ws/install/f1tenth_stack/share/f1tenth_stack/launch
[3.829s] creating /home/coche/coche_ws/install/f1tenth_stack/share/f1tenth_stack/config
[3.830s] copying config/vesc.yaml -> /home/coche/coche_ws/install/f1tenth_stack/share/f1tenth_stack/config
[3.830s] copying config/joy_teleop.yaml -> /home/coche/coche_ws/install/f1tenth_stack/share/f1tenth_stack/config
[3.831s] copying config/f1tenth_online_async.yaml -> /home/coche/coche_ws/install/f1tenth_stack/share/f1tenth_stack/config
[3.831s] copying config/sensors.yaml -> /home/coche/coche_ws/install/f1tenth_stack/share/f1tenth_stack/config
[3.832s] copying config/mux.yaml -> /home/coche/coche_ws/install/f1tenth_stack/share/f1tenth_stack/config
[3.832s] running install_egg_info
[3.838s] Copying ../../../build/f1tenth_stack/f1tenth_stack.egg-info to /home/coche/coche_ws/install/f1tenth_stack/lib/python3.8/site-packages/f1tenth_stack-0.0.1-py3.8.egg-info
[3.843s] running install_scripts
[3.915s] Installing tf_publisher script to /home/coche/coche_ws/install/f1tenth_stack/lib/f1tenth_stack
[3.915s] Installing throttle_interpolator script to /home/coche/coche_ws/install/f1tenth_stack/lib/f1tenth_stack
[3.917s] writing list of installed files to '/home/coche/coche_ws/build/f1tenth_stack/install.log'
[4.004s] Invoked command in '/home/coche/coche_ws/src/f1tenth_system/f1tenth_stack' returned '0': AMENT_PREFIX_PATH=/home/coche/coche_ws/install/joy_teleop:/home/coche/coche_ws/install/f1tenth_stack:/home/coche/coche_ws/install/vesc:/home/coche/coche_ws/install/vesc_driver:/home/coche/coche_ws/install/vesc_ackermann:/home/coche/coche_ws/install/vesc_msgs:/home/coche/coche_ws/install/teleop_tools:/home/coche/coche_ws/install/teleop_tools_msgs:/home/coche/coche_ws/install/mouse_teleop:/home/coche/coche_ws/install/key_teleop:/home/coche/coche_ws/install/ackermann_mux:/opt/ros/foxy CMAKE_PREFIX_PATH=/home/coche/coche_ws/install/vesc:/home/coche/coche_ws/install/vesc_driver:/home/coche/coche_ws/install/vesc_ackermann:/home/coche/coche_ws/install/vesc_msgs:/home/coche/coche_ws/install/teleop_tools_msgs:/home/coche/coche_ws/install/ackermann_mux:/home/coche/coche_ws/install/teleop_tools PYTHONPATH=/home/coche/coche_ws/build/f1tenth_stack/prefix_override:/usr/lib/python3/dist-packages/colcon_core/task/python/colcon_distutils_commands:/home/coche/coche_ws/install/f1tenth_stack/lib/python3.8/site-packages:/home/coche/coche_ws/install/joy_teleop/lib/python3.8/site-packages:/home/coche/coche_ws/install/vesc_msgs/lib/python3.8/site-packages:/home/coche/coche_ws/install/teleop_tools_msgs/lib/python3.8/site-packages:/home/coche/coche_ws/install/f1tenth_stack/lib/python3.8/site-packages:/home/coche/coche_ws/install/mouse_teleop/lib/python3.8/site-packages:/home/coche/coche_ws/install/key_teleop/lib/python3.8/site-packages:/opt/ros/foxy/lib/python3.8/site-packages /usr/bin/python3 -W ignore:setup.py install is deprecated setup.py egg_info --egg-base ../../../build/f1tenth_stack build --build-base /home/coche/coche_ws/build/f1tenth_stack/build install --record /home/coche/coche_ws/build/f1tenth_stack/install.log --install-scripts $base/lib/f1tenth_stack --single-version-externally-managed install_data
