[0.226s] Invoking command in '/home/coche/coche_ws/build/teleop_tools_msgs': CMAKE_PREFIX_PATH=${CMAKE_PREFIX_PATH}:/home/coche/coche_ws/install/f1tenth_stack:/home/coche/coche_ws/install/ver_trayectoria:/home/coche/coche_ws/install/joy_teleop:/home/coche/coche_ws/install/stanley_avoidance:/home/coche/coche_ws/install/particle_filter:/home/coche/coche_ws/install/mouse_teleop:/home/coche/coche_ws/install/key_teleop:/opt/ros/foxy /usr/bin/cmake --build /home/coche/coche_ws/build/teleop_tools_msgs -- -j4 -l4
[2.097s] [  3%] Built target teleop_tools_msgs__cpp
[2.098s] [ 12%] Built target teleop_tools_msgs__rosidl_generator_c
[2.098s] [ 22%] Built target teleop_tools_msgs__rosidl_typesupport_introspection_cpp
[2.098s] [ 32%] Built target teleop_tools_msgs__rosidl_typesupport_cpp
[2.099s] [ 41%] Built target teleop_tools_msgs__rosidl_typesupport_fastrtps_cpp
[2.099s] [ 51%] Built target teleop_tools_msgs__rosidl_typesupport_introspection_c
[2.100s] [ 61%] Built target teleop_tools_msgs__rosidl_typesupport_c
[2.102s] [ 70%] Built target teleop_tools_msgs__rosidl_typesupport_fastrtps_c
[2.103s] [ 70%] Built target teleop_tools_msgs
[2.103s] [ 74%] Built target teleop_tools_msgs__py
[2.104s] [ 80%] Built target teleop_tools_msgs__python
[2.105s] [ 87%] Built target teleop_tools_msgs__rosidl_typesupport_introspection_c__pyext
[2.106s] [ 93%] Built target teleop_tools_msgs__rosidl_typesupport_c__pyext
[2.120s] [100%] Built target teleop_tools_msgs__rosidl_typesupport_fastrtps_c__pyext
[2.193s] Invoked command in '/home/coche/coche_ws/build/teleop_tools_msgs' returned '0': CMAKE_PREFIX_PATH=${CMAKE_PREFIX_PATH}:/home/coche/coche_ws/install/f1tenth_stack:/home/coche/coche_ws/install/ver_trayectoria:/home/coche/coche_ws/install/joy_teleop:/home/coche/coche_ws/install/stanley_avoidance:/home/coche/coche_ws/install/particle_filter:/home/coche/coche_ws/install/mouse_teleop:/home/coche/coche_ws/install/key_teleop:/opt/ros/foxy /usr/bin/cmake --build /home/coche/coche_ws/build/teleop_tools_msgs -- -j4 -l4
[2.781s] Invoking command in '/home/coche/coche_ws/build/teleop_tools_msgs': CMAKE_PREFIX_PATH=${CMAKE_PREFIX_PATH}:/home/coche/coche_ws/install/f1tenth_stack:/home/coche/coche_ws/install/ver_trayectoria:/home/coche/coche_ws/install/joy_teleop:/home/coche/coche_ws/install/stanley_avoidance:/home/coche/coche_ws/install/particle_filter:/home/coche/coche_ws/install/mouse_teleop:/home/coche/coche_ws/install/key_teleop:/opt/ros/foxy /usr/bin/cmake --install /home/coche/coche_ws/build/teleop_tools_msgs
[2.854s] -- Install configuration: ""
[2.860s] -- Up-to-date: /home/coche/coche_ws/install/teleop_tools_msgs/share/ament_index/resource_index/rosidl_interfaces/teleop_tools_msgs
[2.861s] -- Up-to-date: /home/coche/coche_ws/install/teleop_tools_msgs/include/teleop_tools_msgs
[2.862s] -- Up-to-date: /home/coche/coche_ws/install/teleop_tools_msgs/include/teleop_tools_msgs/action
[2.863s] -- Up-to-date: /home/coche/coche_ws/install/teleop_tools_msgs/include/teleop_tools_msgs/action/detail
[2.863s] -- Up-to-date: /home/coche/coche_ws/install/teleop_tools_msgs/include/teleop_tools_msgs/action/detail/increment__type_support.h
[2.864s] -- Up-to-date: /home/coche/coche_ws/install/teleop_tools_msgs/include/teleop_tools_msgs/action/detail/increment__functions.c
[2.864s] -- Up-to-date: /home/coche/coche_ws/install/teleop_tools_msgs/include/teleop_tools_msgs/action/detail/increment__functions.h
[2.865s] -- Up-to-date: /home/coche/coche_ws/install/teleop_tools_msgs/include/teleop_tools_msgs/action/detail/increment__struct.h
[2.865s] -- Up-to-date: /home/coche/coche_ws/install/teleop_tools_msgs/include/teleop_tools_msgs/action/increment.h
[2.866s] -- Up-to-date: /home/coche/coche_ws/install/teleop_tools_msgs/include/teleop_tools_msgs/msg
[2.866s] -- Up-to-date: /home/coche/coche_ws/install/teleop_tools_msgs/include/teleop_tools_msgs/msg/rosidl_generator_c__visibility_control.h
[2.866s] -- Up-to-date: /home/coche/coche_ws/install/teleop_tools_msgs/share/teleop_tools_msgs/environment/library_path.sh
[2.867s] -- Up-to-date: /home/coche/coche_ws/install/teleop_tools_msgs/share/teleop_tools_msgs/environment/library_path.dsv
[2.869s] -- Up-to-date: /home/coche/coche_ws/install/teleop_tools_msgs/lib/libteleop_tools_msgs__rosidl_generator_c.so
[2.870s] -- Up-to-date: /home/coche/coche_ws/install/teleop_tools_msgs/include/teleop_tools_msgs
[2.871s] -- Up-to-date: /home/coche/coche_ws/install/teleop_tools_msgs/include/teleop_tools_msgs/action
[2.871s] -- Up-to-date: /home/coche/coche_ws/install/teleop_tools_msgs/include/teleop_tools_msgs/action/detail
[2.873s] -- Up-to-date: /home/coche/coche_ws/install/teleop_tools_msgs/include/teleop_tools_msgs/action/detail/increment__rosidl_typesupport_fastrtps_c.h
[2.874s] -- Up-to-date: /home/coche/coche_ws/install/teleop_tools_msgs/include/teleop_tools_msgs/msg
[2.874s] -- Up-to-date: /home/coche/coche_ws/install/teleop_tools_msgs/include/teleop_tools_msgs/msg/rosidl_typesupport_fastrtps_c__visibility_control.h
[2.875s] -- Up-to-date: /home/coche/coche_ws/install/teleop_tools_msgs/lib/libteleop_tools_msgs__rosidl_typesupport_fastrtps_c.so
[2.878s] -- Up-to-date: /home/coche/coche_ws/install/teleop_tools_msgs/include/teleop_tools_msgs
[2.879s] -- Up-to-date: /home/coche/coche_ws/install/teleop_tools_msgs/include/teleop_tools_msgs/action
[2.879s] -- Up-to-date: /home/coche/coche_ws/install/teleop_tools_msgs/include/teleop_tools_msgs/action/detail
[2.880s] -- Up-to-date: /home/coche/coche_ws/install/teleop_tools_msgs/include/teleop_tools_msgs/action/detail/dds_fastrtps
[2.880s] -- Up-to-date: /home/coche/coche_ws/install/teleop_tools_msgs/include/teleop_tools_msgs/action/detail/increment__rosidl_typesupport_fastrtps_cpp.hpp
[2.880s] -- Up-to-date: /home/coche/coche_ws/install/teleop_tools_msgs/include/teleop_tools_msgs/msg
[2.881s] -- Up-to-date: /home/coche/coche_ws/install/teleop_tools_msgs/include/teleop_tools_msgs/msg/rosidl_typesupport_fastrtps_cpp__visibility_control.h
[2.881s] -- Up-to-date: /home/coche/coche_ws/install/teleop_tools_msgs/lib/libteleop_tools_msgs__rosidl_typesupport_fastrtps_cpp.so
[2.883s] -- Up-to-date: /home/coche/coche_ws/install/teleop_tools_msgs/include/teleop_tools_msgs
[2.884s] -- Up-to-date: /home/coche/coche_ws/install/teleop_tools_msgs/include/teleop_tools_msgs/action
[2.885s] -- Up-to-date: /home/coche/coche_ws/install/teleop_tools_msgs/include/teleop_tools_msgs/action/detail
[2.886s] -- Up-to-date: /home/coche/coche_ws/install/teleop_tools_msgs/include/teleop_tools_msgs/action/detail/increment__rosidl_typesupport_introspection_c.h
[2.886s] -- Up-to-date: /home/coche/coche_ws/install/teleop_tools_msgs/include/teleop_tools_msgs/action/detail/increment__type_support.c
[2.886s] -- Up-to-date: /home/coche/coche_ws/install/teleop_tools_msgs/include/teleop_tools_msgs/msg
[2.887s] -- Up-to-date: /home/coche/coche_ws/install/teleop_tools_msgs/include/teleop_tools_msgs/msg/rosidl_typesupport_introspection_c__visibility_control.h
[2.887s] -- Up-to-date: /home/coche/coche_ws/install/teleop_tools_msgs/lib/libteleop_tools_msgs__rosidl_typesupport_introspection_c.so
[2.896s] -- Up-to-date: /home/coche/coche_ws/install/teleop_tools_msgs/lib/libteleop_tools_msgs__rosidl_typesupport_c.so
[2.897s] -- Up-to-date: /home/coche/coche_ws/install/teleop_tools_msgs/include/teleop_tools_msgs
[2.897s] -- Up-to-date: /home/coche/coche_ws/install/teleop_tools_msgs/include/teleop_tools_msgs/action
[2.897s] -- Up-to-date: /home/coche/coche_ws/install/teleop_tools_msgs/include/teleop_tools_msgs/action/detail
[2.899s] -- Up-to-date: /home/coche/coche_ws/install/teleop_tools_msgs/include/teleop_tools_msgs/action/detail/increment__traits.hpp
[2.899s] -- Up-to-date: /home/coche/coche_ws/install/teleop_tools_msgs/include/teleop_tools_msgs/action/detail/increment__type_support.hpp
[2.900s] -- Up-to-date: /home/coche/coche_ws/install/teleop_tools_msgs/include/teleop_tools_msgs/action/detail/increment__struct.hpp
[2.900s] -- Up-to-date: /home/coche/coche_ws/install/teleop_tools_msgs/include/teleop_tools_msgs/action/detail/increment__builder.hpp
[2.901s] -- Up-to-date: /home/coche/coche_ws/install/teleop_tools_msgs/include/teleop_tools_msgs/action/increment.hpp
[2.902s] -- Up-to-date: /home/coche/coche_ws/install/teleop_tools_msgs/include/teleop_tools_msgs/msg
[2.903s] -- Up-to-date: /home/coche/coche_ws/install/teleop_tools_msgs/include/teleop_tools_msgs/msg/rosidl_generator_cpp__visibility_control.hpp
[2.903s] -- Up-to-date: /home/coche/coche_ws/install/teleop_tools_msgs/include/teleop_tools_msgs
[2.904s] -- Up-to-date: /home/coche/coche_ws/install/teleop_tools_msgs/include/teleop_tools_msgs/action
[2.904s] -- Up-to-date: /home/coche/coche_ws/install/teleop_tools_msgs/include/teleop_tools_msgs/action/detail
[2.904s] -- Up-to-date: /home/coche/coche_ws/install/teleop_tools_msgs/include/teleop_tools_msgs/action/detail/increment__rosidl_typesupport_introspection_cpp.hpp
[2.905s] -- Up-to-date: /home/coche/coche_ws/install/teleop_tools_msgs/include/teleop_tools_msgs/action/detail/increment__type_support.cpp
[2.905s] -- Up-to-date: /home/coche/coche_ws/install/teleop_tools_msgs/lib/libteleop_tools_msgs__rosidl_typesupport_introspection_cpp.so
[2.911s] -- Up-to-date: /home/coche/coche_ws/install/teleop_tools_msgs/lib/libteleop_tools_msgs__rosidl_typesupport_cpp.so
[2.913s] -- Up-to-date: /home/coche/coche_ws/install/teleop_tools_msgs/share/teleop_tools_msgs/environment/pythonpath.sh
[2.914s] -- Up-to-date: /home/coche/coche_ws/install/teleop_tools_msgs/share/teleop_tools_msgs/environment/pythonpath.dsv
[2.914s] -- Up-to-date: /home/coche/coche_ws/install/teleop_tools_msgs/lib/python3.8/site-packages/teleop_tools_msgs/__init__.py
[3.155s] -- Up-to-date: /home/coche/coche_ws/install/teleop_tools_msgs/lib/python3.8/site-packages/teleop_tools_msgs/action
[3.160s] -- Up-to-date: /home/coche/coche_ws/install/teleop_tools_msgs/lib/python3.8/site-packages/teleop_tools_msgs/action/_increment.py
[3.160s] -- Up-to-date: /home/coche/coche_ws/install/teleop_tools_msgs/lib/python3.8/site-packages/teleop_tools_msgs/action/__init__.py
[3.160s] -- Up-to-date: /home/coche/coche_ws/install/teleop_tools_msgs/lib/python3.8/site-packages/teleop_tools_msgs/action/_increment_s.c
[3.161s] -- Up-to-date: /home/coche/coche_ws/install/teleop_tools_msgs/lib/python3.8/site-packages/teleop_tools_msgs/teleop_tools_msgs_s__rosidl_typesupport_fastrtps_c.cpython-38-aarch64-linux-gnu.so
[3.165s] -- Up-to-date: /home/coche/coche_ws/install/teleop_tools_msgs/lib/python3.8/site-packages/teleop_tools_msgs/teleop_tools_msgs_s__rosidl_typesupport_introspection_c.cpython-38-aarch64-linux-gnu.so
[3.167s] -- Up-to-date: /home/coche/coche_ws/install/teleop_tools_msgs/lib/python3.8/site-packages/teleop_tools_msgs/teleop_tools_msgs_s__rosidl_typesupport_c.cpython-38-aarch64-linux-gnu.so
[3.177s] -- Up-to-date: /home/coche/coche_ws/install/teleop_tools_msgs/lib/libteleop_tools_msgs__python.so
[3.178s] -- Up-to-date: /home/coche/coche_ws/install/teleop_tools_msgs/share/teleop_tools_msgs/action/Increment.idl
[3.178s] -- Up-to-date: /home/coche/coche_ws/install/teleop_tools_msgs/share/teleop_tools_msgs/action/Increment.action
[3.179s] -- Up-to-date: /home/coche/coche_ws/install/teleop_tools_msgs/share/ament_index/resource_index/package_run_dependencies/teleop_tools_msgs
[3.179s] -- Up-to-date: /home/coche/coche_ws/install/teleop_tools_msgs/share/ament_index/resource_index/parent_prefix_path/teleop_tools_msgs
[3.180s] -- Up-to-date: /home/coche/coche_ws/install/teleop_tools_msgs/share/teleop_tools_msgs/environment/ament_prefix_path.sh
[3.185s] -- Up-to-date: /home/coche/coche_ws/install/teleop_tools_msgs/share/teleop_tools_msgs/environment/ament_prefix_path.dsv
[3.186s] -- Up-to-date: /home/coche/coche_ws/install/teleop_tools_msgs/share/teleop_tools_msgs/environment/path.sh
[3.187s] -- Up-to-date: /home/coche/coche_ws/install/teleop_tools_msgs/share/teleop_tools_msgs/environment/path.dsv
[3.197s] -- Up-to-date: /home/coche/coche_ws/install/teleop_tools_msgs/share/teleop_tools_msgs/local_setup.bash
[3.200s] -- Up-to-date: /home/coche/coche_ws/install/teleop_tools_msgs/share/teleop_tools_msgs/local_setup.sh
[3.201s] -- Up-to-date: /home/coche/coche_ws/install/teleop_tools_msgs/share/teleop_tools_msgs/local_setup.zsh
[3.201s] -- Up-to-date: /home/coche/coche_ws/install/teleop_tools_msgs/share/teleop_tools_msgs/local_setup.dsv
[3.201s] -- Installing: /home/coche/coche_ws/install/teleop_tools_msgs/share/teleop_tools_msgs/package.dsv
[3.202s] -- Up-to-date: /home/coche/coche_ws/install/teleop_tools_msgs/share/ament_index/resource_index/packages/teleop_tools_msgs
[3.203s] -- Up-to-date: /home/coche/coche_ws/install/teleop_tools_msgs/share/teleop_tools_msgs/cmake/teleop_tools_msgs__rosidl_generator_cExport.cmake
[3.203s] -- Up-to-date: /home/coche/coche_ws/install/teleop_tools_msgs/share/teleop_tools_msgs/cmake/teleop_tools_msgs__rosidl_generator_cExport-noconfig.cmake
[3.214s] -- Up-to-date: /home/coche/coche_ws/install/teleop_tools_msgs/share/teleop_tools_msgs/cmake/teleop_tools_msgs__rosidl_typesupport_introspection_cExport.cmake
[3.221s] -- Up-to-date: /home/coche/coche_ws/install/teleop_tools_msgs/share/teleop_tools_msgs/cmake/teleop_tools_msgs__rosidl_typesupport_introspection_cExport-noconfig.cmake
[3.221s] -- Up-to-date: /home/coche/coche_ws/install/teleop_tools_msgs/share/teleop_tools_msgs/cmake/teleop_tools_msgs__rosidl_typesupport_cExport.cmake
[3.237s] -- Up-to-date: /home/coche/coche_ws/install/teleop_tools_msgs/share/teleop_tools_msgs/cmake/teleop_tools_msgs__rosidl_typesupport_cExport-noconfig.cmake
[3.260s] -- Up-to-date: /home/coche/coche_ws/install/teleop_tools_msgs/share/teleop_tools_msgs/cmake/teleop_tools_msgs__rosidl_generator_cppExport.cmake
[3.261s] -- Up-to-date: /home/coche/coche_ws/install/teleop_tools_msgs/share/teleop_tools_msgs/cmake/teleop_tools_msgs__rosidl_typesupport_introspection_cppExport.cmake
[3.261s] -- Up-to-date: /home/coche/coche_ws/install/teleop_tools_msgs/share/teleop_tools_msgs/cmake/teleop_tools_msgs__rosidl_typesupport_introspection_cppExport-noconfig.cmake
[3.262s] -- Up-to-date: /home/coche/coche_ws/install/teleop_tools_msgs/share/teleop_tools_msgs/cmake/teleop_tools_msgs__rosidl_typesupport_cppExport.cmake
[3.262s] -- Up-to-date: /home/coche/coche_ws/install/teleop_tools_msgs/share/teleop_tools_msgs/cmake/teleop_tools_msgs__rosidl_typesupport_cppExport-noconfig.cmake
[3.262s] -- Up-to-date: /home/coche/coche_ws/install/teleop_tools_msgs/share/teleop_tools_msgs/cmake/rosidl_cmake-extras.cmake
[3.264s] -- Up-to-date: /home/coche/coche_ws/install/teleop_tools_msgs/share/teleop_tools_msgs/cmake/ament_cmake_export_dependencies-extras.cmake
[3.266s] -- Up-to-date: /home/coche/coche_ws/install/teleop_tools_msgs/share/teleop_tools_msgs/cmake/ament_cmake_export_libraries-extras.cmake
[3.266s] -- Up-to-date: /home/coche/coche_ws/install/teleop_tools_msgs/share/teleop_tools_msgs/cmake/ament_cmake_export_targets-extras.cmake
[3.267s] -- Up-to-date: /home/coche/coche_ws/install/teleop_tools_msgs/share/teleop_tools_msgs/cmake/ament_cmake_export_include_directories-extras.cmake
[3.267s] -- Up-to-date: /home/coche/coche_ws/install/teleop_tools_msgs/share/teleop_tools_msgs/cmake/rosidl_cmake_export_typesupport_libraries-extras.cmake
[3.268s] -- Up-to-date: /home/coche/coche_ws/install/teleop_tools_msgs/share/teleop_tools_msgs/cmake/rosidl_cmake_export_typesupport_targets-extras.cmake
[3.268s] -- Up-to-date: /home/coche/coche_ws/install/teleop_tools_msgs/share/teleop_tools_msgs/cmake/teleop_tools_msgsConfig.cmake
[3.268s] -- Up-to-date: /home/coche/coche_ws/install/teleop_tools_msgs/share/teleop_tools_msgs/cmake/teleop_tools_msgsConfig-version.cmake
[3.268s] -- Up-to-date: /home/coche/coche_ws/install/teleop_tools_msgs/share/teleop_tools_msgs/package.xml
[3.269s] Invoked command in '/home/coche/coche_ws/build/teleop_tools_msgs' returned '0': CMAKE_PREFIX_PATH=${CMAKE_PREFIX_PATH}:/home/coche/coche_ws/install/f1tenth_stack:/home/coche/coche_ws/install/ver_trayectoria:/home/coche/coche_ws/install/joy_teleop:/home/coche/coche_ws/install/stanley_avoidance:/home/coche/coche_ws/install/particle_filter:/home/coche/coche_ws/install/mouse_teleop:/home/coche/coche_ws/install/key_teleop:/opt/ros/foxy /usr/bin/cmake --install /home/coche/coche_ws/build/teleop_tools_msgs
