[0.201s] Invoking command in '/home/coche/coche_ws/build/vesc_msgs': CMAKE_PREFIX_PATH=${CMAKE_PREFIX_PATH}:/home/coche/coche_ws/install/f1tenth_stack:/home/coche/coche_ws/install/joy_teleop:/home/coche/coche_ws/install/particle_filter:/home/coche/coche_ws/install/mouse_teleop:/home/coche/coche_ws/install/key_teleop:/opt/ros/foxy /usr/bin/cmake --build /home/coche/coche_ws/build/vesc_msgs -- -j4 -l4
[1.836s] [  1%] Built target vesc_msgs__cpp
[1.836s] [ 12%] Built target vesc_msgs__rosidl_generator_c
[1.837s] [ 23%] Built target vesc_msgs__rosidl_typesupport_cpp
[1.837s] [ 34%] Built target vesc_msgs__rosidl_typesupport_introspection_cpp
[1.837s] [ 45%] Built target vesc_msgs__rosidl_typesupport_fastrtps_cpp
[1.839s] [ 56%] Built target vesc_msgs__rosidl_typesupport_c
[1.839s] [ 67%] Built target vesc_msgs__rosidl_typesupport_introspection_c
[1.840s] [ 78%] Built target vesc_msgs__rosidl_typesupport_fastrtps_c
[1.840s] [ 78%] Built target vesc_msgs
[1.840s] [ 80%] Built target vesc_msgs__py
[1.841s] [ 89%] Built target vesc_msgs__python
[1.841s] [ 92%] Built target vesc_msgs__rosidl_typesupport_c__pyext
[1.842s] [ 96%] Built target vesc_msgs__rosidl_typesupport_introspection_c__pyext
[1.844s] [100%] Built target vesc_msgs__rosidl_typesupport_fastrtps_c__pyext
[1.871s] Invoked command in '/home/coche/coche_ws/build/vesc_msgs' returned '0': CMAKE_PREFIX_PATH=${CMAKE_PREFIX_PATH}:/home/coche/coche_ws/install/f1tenth_stack:/home/coche/coche_ws/install/joy_teleop:/home/coche/coche_ws/install/particle_filter:/home/coche/coche_ws/install/mouse_teleop:/home/coche/coche_ws/install/key_teleop:/opt/ros/foxy /usr/bin/cmake --build /home/coche/coche_ws/build/vesc_msgs -- -j4 -l4
[2.617s] Invoking command in '/home/coche/coche_ws/build/vesc_msgs': CMAKE_PREFIX_PATH=${CMAKE_PREFIX_PATH}:/home/coche/coche_ws/install/f1tenth_stack:/home/coche/coche_ws/install/joy_teleop:/home/coche/coche_ws/install/particle_filter:/home/coche/coche_ws/install/mouse_teleop:/home/coche/coche_ws/install/key_teleop:/opt/ros/foxy /usr/bin/cmake --install /home/coche/coche_ws/build/vesc_msgs
[2.685s] -- Install configuration: ""
[2.686s] -- Up-to-date: /home/coche/coche_ws/install/vesc_msgs/share/ament_index/resource_index/rosidl_interfaces/vesc_msgs
[2.687s] -- Up-to-date: /home/coche/coche_ws/install/vesc_msgs/include/vesc_msgs
[2.688s] -- Up-to-date: /home/coche/coche_ws/install/vesc_msgs/include/vesc_msgs/msg
[2.688s] -- Up-to-date: /home/coche/coche_ws/install/vesc_msgs/include/vesc_msgs/msg/vesc_state_stamped.h
[2.689s] -- Up-to-date: /home/coche/coche_ws/install/vesc_msgs/include/vesc_msgs/msg/rosidl_generator_c__visibility_control.h
[2.689s] -- Up-to-date: /home/coche/coche_ws/install/vesc_msgs/include/vesc_msgs/msg/detail
[2.690s] -- Up-to-date: /home/coche/coche_ws/install/vesc_msgs/include/vesc_msgs/msg/detail/vesc_state__functions.c
[2.690s] -- Up-to-date: /home/coche/coche_ws/install/vesc_msgs/include/vesc_msgs/msg/detail/vesc_imu__struct.h
[2.690s] -- Up-to-date: /home/coche/coche_ws/install/vesc_msgs/include/vesc_msgs/msg/detail/vesc_state_stamped__type_support.h
[2.691s] -- Up-to-date: /home/coche/coche_ws/install/vesc_msgs/include/vesc_msgs/msg/detail/vesc_imu__functions.c
[2.691s] -- Up-to-date: /home/coche/coche_ws/install/vesc_msgs/include/vesc_msgs/msg/detail/vesc_state_stamped__struct.h
[2.692s] -- Up-to-date: /home/coche/coche_ws/install/vesc_msgs/include/vesc_msgs/msg/detail/vesc_imu_stamped__functions.c
[2.692s] -- Up-to-date: /home/coche/coche_ws/install/vesc_msgs/include/vesc_msgs/msg/detail/vesc_imu_stamped__struct.h
[2.692s] -- Up-to-date: /home/coche/coche_ws/install/vesc_msgs/include/vesc_msgs/msg/detail/vesc_state__struct.h
[2.692s] -- Up-to-date: /home/coche/coche_ws/install/vesc_msgs/include/vesc_msgs/msg/detail/vesc_state_stamped__functions.c
[2.693s] -- Up-to-date: /home/coche/coche_ws/install/vesc_msgs/include/vesc_msgs/msg/detail/vesc_imu__type_support.h
[2.693s] -- Up-to-date: /home/coche/coche_ws/install/vesc_msgs/include/vesc_msgs/msg/detail/vesc_state__type_support.h
[2.694s] -- Up-to-date: /home/coche/coche_ws/install/vesc_msgs/include/vesc_msgs/msg/detail/vesc_imu_stamped__functions.h
[2.704s] -- Up-to-date: /home/coche/coche_ws/install/vesc_msgs/include/vesc_msgs/msg/detail/vesc_imu_stamped__type_support.h
[2.705s] -- Up-to-date: /home/coche/coche_ws/install/vesc_msgs/include/vesc_msgs/msg/detail/vesc_state__functions.h
[2.705s] -- Up-to-date: /home/coche/coche_ws/install/vesc_msgs/include/vesc_msgs/msg/detail/vesc_imu__functions.h
[2.706s] -- Up-to-date: /home/coche/coche_ws/install/vesc_msgs/include/vesc_msgs/msg/detail/vesc_state_stamped__functions.h
[2.706s] -- Up-to-date: /home/coche/coche_ws/install/vesc_msgs/include/vesc_msgs/msg/vesc_imu.h
[2.706s] -- Up-to-date: /home/coche/coche_ws/install/vesc_msgs/include/vesc_msgs/msg/vesc_state.h
[2.707s] -- Up-to-date: /home/coche/coche_ws/install/vesc_msgs/include/vesc_msgs/msg/vesc_imu_stamped.h
[2.707s] -- Up-to-date: /home/coche/coche_ws/install/vesc_msgs/share/vesc_msgs/environment/library_path.sh
[2.707s] -- Up-to-date: /home/coche/coche_ws/install/vesc_msgs/share/vesc_msgs/environment/library_path.dsv
[2.729s] -- Up-to-date: /home/coche/coche_ws/install/vesc_msgs/lib/libvesc_msgs__rosidl_generator_c.so
[2.740s] -- Up-to-date: /home/coche/coche_ws/install/vesc_msgs/include/vesc_msgs
[2.741s] -- Up-to-date: /home/coche/coche_ws/install/vesc_msgs/include/vesc_msgs/msg
[2.741s] -- Up-to-date: /home/coche/coche_ws/install/vesc_msgs/include/vesc_msgs/msg/rosidl_typesupport_fastrtps_c__visibility_control.h
[2.741s] -- Up-to-date: /home/coche/coche_ws/install/vesc_msgs/include/vesc_msgs/msg/detail
[2.742s] -- Up-to-date: /home/coche/coche_ws/install/vesc_msgs/include/vesc_msgs/msg/detail/vesc_state_stamped__rosidl_typesupport_fastrtps_c.h
[2.743s] -- Up-to-date: /home/coche/coche_ws/install/vesc_msgs/include/vesc_msgs/msg/detail/vesc_imu__rosidl_typesupport_fastrtps_c.h
[2.744s] -- Up-to-date: /home/coche/coche_ws/install/vesc_msgs/include/vesc_msgs/msg/detail/vesc_state__rosidl_typesupport_fastrtps_c.h
[2.745s] -- Up-to-date: /home/coche/coche_ws/install/vesc_msgs/include/vesc_msgs/msg/detail/vesc_imu_stamped__rosidl_typesupport_fastrtps_c.h
[2.755s] -- Up-to-date: /home/coche/coche_ws/install/vesc_msgs/lib/libvesc_msgs__rosidl_typesupport_fastrtps_c.so
[2.756s] -- Up-to-date: /home/coche/coche_ws/install/vesc_msgs/include/vesc_msgs
[2.756s] -- Up-to-date: /home/coche/coche_ws/install/vesc_msgs/include/vesc_msgs/msg
[2.756s] -- Up-to-date: /home/coche/coche_ws/install/vesc_msgs/include/vesc_msgs/msg/detail
[2.757s] -- Up-to-date: /home/coche/coche_ws/install/vesc_msgs/include/vesc_msgs/msg/detail/vesc_state_stamped__rosidl_typesupport_fastrtps_cpp.hpp
[2.758s] -- Up-to-date: /home/coche/coche_ws/install/vesc_msgs/include/vesc_msgs/msg/detail/vesc_imu__rosidl_typesupport_fastrtps_cpp.hpp
[2.758s] -- Up-to-date: /home/coche/coche_ws/install/vesc_msgs/include/vesc_msgs/msg/detail/vesc_imu_stamped__rosidl_typesupport_fastrtps_cpp.hpp
[2.758s] -- Up-to-date: /home/coche/coche_ws/install/vesc_msgs/include/vesc_msgs/msg/detail/vesc_state__rosidl_typesupport_fastrtps_cpp.hpp
[2.759s] -- Up-to-date: /home/coche/coche_ws/install/vesc_msgs/include/vesc_msgs/msg/detail/dds_fastrtps
[2.759s] -- Up-to-date: /home/coche/coche_ws/install/vesc_msgs/include/vesc_msgs/msg/rosidl_typesupport_fastrtps_cpp__visibility_control.h
[2.759s] -- Up-to-date: /home/coche/coche_ws/install/vesc_msgs/lib/libvesc_msgs__rosidl_typesupport_fastrtps_cpp.so
[2.760s] -- Up-to-date: /home/coche/coche_ws/install/vesc_msgs/include/vesc_msgs
[2.760s] -- Up-to-date: /home/coche/coche_ws/install/vesc_msgs/include/vesc_msgs/msg
[2.760s] -- Up-to-date: /home/coche/coche_ws/install/vesc_msgs/include/vesc_msgs/msg/rosidl_typesupport_introspection_c__visibility_control.h
[2.761s] -- Up-to-date: /home/coche/coche_ws/install/vesc_msgs/include/vesc_msgs/msg/detail
[2.761s] -- Up-to-date: /home/coche/coche_ws/install/vesc_msgs/include/vesc_msgs/msg/detail/vesc_imu__type_support.c
[2.776s] -- Up-to-date: /home/coche/coche_ws/install/vesc_msgs/include/vesc_msgs/msg/detail/vesc_imu_stamped__rosidl_typesupport_introspection_c.h
[2.777s] -- Up-to-date: /home/coche/coche_ws/install/vesc_msgs/include/vesc_msgs/msg/detail/vesc_imu__rosidl_typesupport_introspection_c.h
[2.778s] -- Up-to-date: /home/coche/coche_ws/install/vesc_msgs/include/vesc_msgs/msg/detail/vesc_state_stamped__rosidl_typesupport_introspection_c.h
[2.778s] -- Up-to-date: /home/coche/coche_ws/install/vesc_msgs/include/vesc_msgs/msg/detail/vesc_imu_stamped__type_support.c
[2.778s] -- Up-to-date: /home/coche/coche_ws/install/vesc_msgs/include/vesc_msgs/msg/detail/vesc_state__rosidl_typesupport_introspection_c.h
[2.779s] -- Up-to-date: /home/coche/coche_ws/install/vesc_msgs/include/vesc_msgs/msg/detail/vesc_state__type_support.c
[2.779s] -- Up-to-date: /home/coche/coche_ws/install/vesc_msgs/include/vesc_msgs/msg/detail/vesc_state_stamped__type_support.c
[2.779s] -- Up-to-date: /home/coche/coche_ws/install/vesc_msgs/lib/libvesc_msgs__rosidl_typesupport_introspection_c.so
[2.779s] -- Up-to-date: /home/coche/coche_ws/install/vesc_msgs/lib/libvesc_msgs__rosidl_typesupport_c.so
[2.780s] -- Up-to-date: /home/coche/coche_ws/install/vesc_msgs/include/vesc_msgs
[2.780s] -- Up-to-date: /home/coche/coche_ws/install/vesc_msgs/include/vesc_msgs/msg
[2.780s] -- Up-to-date: /home/coche/coche_ws/install/vesc_msgs/include/vesc_msgs/msg/vesc_imu.hpp
[2.780s] -- Up-to-date: /home/coche/coche_ws/install/vesc_msgs/include/vesc_msgs/msg/detail
[2.781s] -- Up-to-date: /home/coche/coche_ws/install/vesc_msgs/include/vesc_msgs/msg/detail/vesc_imu_stamped__builder.hpp
[2.781s] -- Up-to-date: /home/coche/coche_ws/install/vesc_msgs/include/vesc_msgs/msg/detail/vesc_imu__type_support.hpp
[2.781s] -- Up-to-date: /home/coche/coche_ws/install/vesc_msgs/include/vesc_msgs/msg/detail/vesc_imu__struct.hpp
[2.782s] -- Up-to-date: /home/coche/coche_ws/install/vesc_msgs/include/vesc_msgs/msg/detail/vesc_imu_stamped__traits.hpp
[2.782s] -- Up-to-date: /home/coche/coche_ws/install/vesc_msgs/include/vesc_msgs/msg/detail/vesc_state_stamped__struct.hpp
[2.782s] -- Up-to-date: /home/coche/coche_ws/install/vesc_msgs/include/vesc_msgs/msg/detail/vesc_state__type_support.hpp
[2.783s] -- Up-to-date: /home/coche/coche_ws/install/vesc_msgs/include/vesc_msgs/msg/detail/vesc_state_stamped__builder.hpp
[2.783s] -- Up-to-date: /home/coche/coche_ws/install/vesc_msgs/include/vesc_msgs/msg/detail/vesc_state__traits.hpp
[2.783s] -- Up-to-date: /home/coche/coche_ws/install/vesc_msgs/include/vesc_msgs/msg/detail/vesc_state__builder.hpp
[2.784s] -- Up-to-date: /home/coche/coche_ws/install/vesc_msgs/include/vesc_msgs/msg/detail/vesc_state_stamped__type_support.hpp
[2.784s] -- Up-to-date: /home/coche/coche_ws/install/vesc_msgs/include/vesc_msgs/msg/detail/vesc_state_stamped__traits.hpp
[2.784s] -- Up-to-date: /home/coche/coche_ws/install/vesc_msgs/include/vesc_msgs/msg/detail/vesc_imu__traits.hpp
[2.784s] -- Up-to-date: /home/coche/coche_ws/install/vesc_msgs/include/vesc_msgs/msg/detail/vesc_imu_stamped__type_support.hpp
[2.785s] -- Up-to-date: /home/coche/coche_ws/install/vesc_msgs/include/vesc_msgs/msg/detail/vesc_imu_stamped__struct.hpp
[2.785s] -- Up-to-date: /home/coche/coche_ws/install/vesc_msgs/include/vesc_msgs/msg/detail/vesc_imu__builder.hpp
[2.785s] -- Up-to-date: /home/coche/coche_ws/install/vesc_msgs/include/vesc_msgs/msg/detail/vesc_state__struct.hpp
[2.786s] -- Up-to-date: /home/coche/coche_ws/install/vesc_msgs/include/vesc_msgs/msg/rosidl_generator_cpp__visibility_control.hpp
[2.786s] -- Up-to-date: /home/coche/coche_ws/install/vesc_msgs/include/vesc_msgs/msg/vesc_state.hpp
[2.786s] -- Up-to-date: /home/coche/coche_ws/install/vesc_msgs/include/vesc_msgs/msg/vesc_state_stamped.hpp
[2.786s] -- Up-to-date: /home/coche/coche_ws/install/vesc_msgs/include/vesc_msgs/msg/vesc_imu_stamped.hpp
[2.787s] -- Up-to-date: /home/coche/coche_ws/install/vesc_msgs/include/vesc_msgs
[2.801s] -- Up-to-date: /home/coche/coche_ws/install/vesc_msgs/include/vesc_msgs/msg
[2.802s] -- Up-to-date: /home/coche/coche_ws/install/vesc_msgs/include/vesc_msgs/msg/detail
[2.802s] -- Up-to-date: /home/coche/coche_ws/install/vesc_msgs/include/vesc_msgs/msg/detail/vesc_state__type_support.cpp
[2.802s] -- Up-to-date: /home/coche/coche_ws/install/vesc_msgs/include/vesc_msgs/msg/detail/vesc_imu__rosidl_typesupport_introspection_cpp.hpp
[2.803s] -- Up-to-date: /home/coche/coche_ws/install/vesc_msgs/include/vesc_msgs/msg/detail/vesc_imu__type_support.cpp
[2.803s] -- Up-to-date: /home/coche/coche_ws/install/vesc_msgs/include/vesc_msgs/msg/detail/vesc_state_stamped__rosidl_typesupport_introspection_cpp.hpp
[2.804s] -- Up-to-date: /home/coche/coche_ws/install/vesc_msgs/include/vesc_msgs/msg/detail/vesc_state__rosidl_typesupport_introspection_cpp.hpp
[2.805s] -- Up-to-date: /home/coche/coche_ws/install/vesc_msgs/include/vesc_msgs/msg/detail/vesc_imu_stamped__type_support.cpp
[2.805s] -- Up-to-date: /home/coche/coche_ws/install/vesc_msgs/include/vesc_msgs/msg/detail/vesc_state_stamped__type_support.cpp
[2.806s] -- Up-to-date: /home/coche/coche_ws/install/vesc_msgs/include/vesc_msgs/msg/detail/vesc_imu_stamped__rosidl_typesupport_introspection_cpp.hpp
[2.806s] -- Up-to-date: /home/coche/coche_ws/install/vesc_msgs/lib/libvesc_msgs__rosidl_typesupport_introspection_cpp.so
[2.806s] -- Up-to-date: /home/coche/coche_ws/install/vesc_msgs/lib/libvesc_msgs__rosidl_typesupport_cpp.so
[2.807s] -- Up-to-date: /home/coche/coche_ws/install/vesc_msgs/share/vesc_msgs/environment/pythonpath.sh
[2.807s] -- Up-to-date: /home/coche/coche_ws/install/vesc_msgs/share/vesc_msgs/environment/pythonpath.dsv
[2.807s] -- Up-to-date: /home/coche/coche_ws/install/vesc_msgs/lib/python3.8/site-packages/vesc_msgs/__init__.py
[2.930s] -- Up-to-date: /home/coche/coche_ws/install/vesc_msgs/lib/python3.8/site-packages/vesc_msgs/msg
[2.930s] -- Up-to-date: /home/coche/coche_ws/install/vesc_msgs/lib/python3.8/site-packages/vesc_msgs/msg/_vesc_state_stamped_s.c
[2.931s] -- Up-to-date: /home/coche/coche_ws/install/vesc_msgs/lib/python3.8/site-packages/vesc_msgs/msg/_vesc_imu_stamped_s.c
[2.931s] -- Up-to-date: /home/coche/coche_ws/install/vesc_msgs/lib/python3.8/site-packages/vesc_msgs/msg/_vesc_imu.py
[2.931s] -- Up-to-date: /home/coche/coche_ws/install/vesc_msgs/lib/python3.8/site-packages/vesc_msgs/msg/_vesc_state_stamped.py
[2.932s] -- Up-to-date: /home/coche/coche_ws/install/vesc_msgs/lib/python3.8/site-packages/vesc_msgs/msg/__init__.py
[2.933s] -- Up-to-date: /home/coche/coche_ws/install/vesc_msgs/lib/python3.8/site-packages/vesc_msgs/msg/_vesc_imu_stamped.py
[2.933s] -- Up-to-date: /home/coche/coche_ws/install/vesc_msgs/lib/python3.8/site-packages/vesc_msgs/msg/_vesc_imu_s.c
[2.933s] -- Up-to-date: /home/coche/coche_ws/install/vesc_msgs/lib/python3.8/site-packages/vesc_msgs/msg/_vesc_state_s.c
[2.935s] -- Up-to-date: /home/coche/coche_ws/install/vesc_msgs/lib/python3.8/site-packages/vesc_msgs/msg/_vesc_state.py
[2.935s] -- Up-to-date: /home/coche/coche_ws/install/vesc_msgs/lib/python3.8/site-packages/vesc_msgs/vesc_msgs_s__rosidl_typesupport_fastrtps_c.cpython-38-aarch64-linux-gnu.so
[2.935s] -- Up-to-date: /home/coche/coche_ws/install/vesc_msgs/lib/python3.8/site-packages/vesc_msgs/vesc_msgs_s__rosidl_typesupport_introspection_c.cpython-38-aarch64-linux-gnu.so
[2.938s] -- Up-to-date: /home/coche/coche_ws/install/vesc_msgs/lib/python3.8/site-packages/vesc_msgs/vesc_msgs_s__rosidl_typesupport_c.cpython-38-aarch64-linux-gnu.so
[2.942s] -- Up-to-date: /home/coche/coche_ws/install/vesc_msgs/lib/libvesc_msgs__python.so
[2.943s] -- Up-to-date: /home/coche/coche_ws/install/vesc_msgs/share/vesc_msgs/msg/VescState.idl
[2.944s] -- Up-to-date: /home/coche/coche_ws/install/vesc_msgs/share/vesc_msgs/msg/VescStateStamped.idl
[2.944s] -- Up-to-date: /home/coche/coche_ws/install/vesc_msgs/share/vesc_msgs/msg/VescImu.idl
[2.945s] -- Up-to-date: /home/coche/coche_ws/install/vesc_msgs/share/vesc_msgs/msg/VescImuStamped.idl
[2.946s] -- Up-to-date: /home/coche/coche_ws/install/vesc_msgs/share/vesc_msgs/msg/VescState.msg
[2.948s] -- Up-to-date: /home/coche/coche_ws/install/vesc_msgs/share/vesc_msgs/msg/VescStateStamped.msg
[2.952s] -- Up-to-date: /home/coche/coche_ws/install/vesc_msgs/share/vesc_msgs/msg/VescImu.msg
[2.953s] -- Up-to-date: /home/coche/coche_ws/install/vesc_msgs/share/vesc_msgs/msg/VescImuStamped.msg
[2.953s] -- Up-to-date: /home/coche/coche_ws/install/vesc_msgs/share/ament_index/resource_index/package_run_dependencies/vesc_msgs
[2.953s] -- Up-to-date: /home/coche/coche_ws/install/vesc_msgs/share/ament_index/resource_index/parent_prefix_path/vesc_msgs
[2.954s] -- Up-to-date: /home/coche/coche_ws/install/vesc_msgs/share/vesc_msgs/environment/ament_prefix_path.sh
[2.955s] -- Up-to-date: /home/coche/coche_ws/install/vesc_msgs/share/vesc_msgs/environment/ament_prefix_path.dsv
[2.957s] -- Up-to-date: /home/coche/coche_ws/install/vesc_msgs/share/vesc_msgs/environment/path.sh
[2.958s] -- Up-to-date: /home/coche/coche_ws/install/vesc_msgs/share/vesc_msgs/environment/path.dsv
[2.959s] -- Up-to-date: /home/coche/coche_ws/install/vesc_msgs/share/vesc_msgs/local_setup.bash
[2.960s] -- Up-to-date: /home/coche/coche_ws/install/vesc_msgs/share/vesc_msgs/local_setup.sh
[2.961s] -- Up-to-date: /home/coche/coche_ws/install/vesc_msgs/share/vesc_msgs/local_setup.zsh
[2.962s] -- Up-to-date: /home/coche/coche_ws/install/vesc_msgs/share/vesc_msgs/local_setup.dsv
[2.963s] -- Installing: /home/coche/coche_ws/install/vesc_msgs/share/vesc_msgs/package.dsv
[2.967s] -- Up-to-date: /home/coche/coche_ws/install/vesc_msgs/share/ament_index/resource_index/packages/vesc_msgs
[2.969s] -- Up-to-date: /home/coche/coche_ws/install/vesc_msgs/share/vesc_msgs/cmake/vesc_msgs__rosidl_generator_cExport.cmake
[2.970s] -- Up-to-date: /home/coche/coche_ws/install/vesc_msgs/share/vesc_msgs/cmake/vesc_msgs__rosidl_generator_cExport-noconfig.cmake
[2.972s] -- Up-to-date: /home/coche/coche_ws/install/vesc_msgs/share/vesc_msgs/cmake/vesc_msgs__rosidl_typesupport_introspection_cExport.cmake
[2.973s] -- Up-to-date: /home/coche/coche_ws/install/vesc_msgs/share/vesc_msgs/cmake/vesc_msgs__rosidl_typesupport_introspection_cExport-noconfig.cmake
[2.975s] -- Up-to-date: /home/coche/coche_ws/install/vesc_msgs/share/vesc_msgs/cmake/vesc_msgs__rosidl_typesupport_cExport.cmake
[2.976s] -- Up-to-date: /home/coche/coche_ws/install/vesc_msgs/share/vesc_msgs/cmake/vesc_msgs__rosidl_typesupport_cExport-noconfig.cmake
[2.978s] -- Up-to-date: /home/coche/coche_ws/install/vesc_msgs/share/vesc_msgs/cmake/vesc_msgs__rosidl_generator_cppExport.cmake
[2.980s] -- Up-to-date: /home/coche/coche_ws/install/vesc_msgs/share/vesc_msgs/cmake/vesc_msgs__rosidl_typesupport_introspection_cppExport.cmake
[2.981s] -- Up-to-date: /home/coche/coche_ws/install/vesc_msgs/share/vesc_msgs/cmake/vesc_msgs__rosidl_typesupport_introspection_cppExport-noconfig.cmake
[2.983s] -- Up-to-date: /home/coche/coche_ws/install/vesc_msgs/share/vesc_msgs/cmake/vesc_msgs__rosidl_typesupport_cppExport.cmake
[2.984s] -- Up-to-date: /home/coche/coche_ws/install/vesc_msgs/share/vesc_msgs/cmake/vesc_msgs__rosidl_typesupport_cppExport-noconfig.cmake
[2.986s] -- Up-to-date: /home/coche/coche_ws/install/vesc_msgs/share/vesc_msgs/cmake/rosidl_cmake-extras.cmake
[2.987s] -- Up-to-date: /home/coche/coche_ws/install/vesc_msgs/share/vesc_msgs/cmake/ament_cmake_export_dependencies-extras.cmake
[2.991s] -- Up-to-date: /home/coche/coche_ws/install/vesc_msgs/share/vesc_msgs/cmake/ament_cmake_export_libraries-extras.cmake
[2.993s] -- Up-to-date: /home/coche/coche_ws/install/vesc_msgs/share/vesc_msgs/cmake/ament_cmake_export_targets-extras.cmake
[2.994s] -- Up-to-date: /home/coche/coche_ws/install/vesc_msgs/share/vesc_msgs/cmake/ament_cmake_export_include_directories-extras.cmake
[2.995s] -- Up-to-date: /home/coche/coche_ws/install/vesc_msgs/share/vesc_msgs/cmake/rosidl_cmake_export_typesupport_libraries-extras.cmake
[2.996s] -- Up-to-date: /home/coche/coche_ws/install/vesc_msgs/share/vesc_msgs/cmake/rosidl_cmake_export_typesupport_targets-extras.cmake
[2.997s] -- Up-to-date: /home/coche/coche_ws/install/vesc_msgs/share/vesc_msgs/cmake/vesc_msgsConfig.cmake
[2.998s] -- Up-to-date: /home/coche/coche_ws/install/vesc_msgs/share/vesc_msgs/cmake/vesc_msgsConfig-version.cmake
[2.999s] -- Up-to-date: /home/coche/coche_ws/install/vesc_msgs/share/vesc_msgs/package.xml
[3.017s] Invoked command in '/home/coche/coche_ws/build/vesc_msgs' returned '0': CMAKE_PREFIX_PATH=${CMAKE_PREFIX_PATH}:/home/coche/coche_ws/install/f1tenth_stack:/home/coche/coche_ws/install/joy_teleop:/home/coche/coche_ws/install/particle_filter:/home/coche/coche_ws/install/mouse_teleop:/home/coche/coche_ws/install/key_teleop:/opt/ros/foxy /usr/bin/cmake --install /home/coche/coche_ws/build/vesc_msgs
