[5.015s] Invoking command in '/home/coche/coche_ws/src/f1tenth_system/stanley_avoidance': PYTHONPATH=/home/coche/coche_ws/build/stanley_avoidance/prefix_override:/usr/lib/python3/dist-packages/colcon_core/task/python/colcon_distutils_commands:/home/coche/coche_ws/install/stanley_avoidance/lib/python3.8/site-packages:${PYTHONPATH} /usr/bin/python3 -W ignore:setup.py install is deprecated -W ignore:easy_install command is deprecated setup.py egg_info --egg-base ../../../build/stanley_avoidance build --build-base /home/coche/coche_ws/build/stanley_avoidance/build install --record /home/coche/coche_ws/build/stanley_avoidance/install.log --install-scripts $base/lib/stanley_avoidance --single-version-externally-managed install_data
[6.025s] running egg_info
[6.029s] writing ../../../build/stanley_avoidance/stanley_avoidance.egg-info/PKG-INFO
[6.031s] writing dependency_links to ../../../build/stanley_avoidance/stanley_avoidance.egg-info/dependency_links.txt
[6.032s] writing entry points to ../../../build/stanley_avoidance/stanley_avoidance.egg-info/entry_points.txt
[6.034s] writing requirements to ../../../build/stanley_avoidance/stanley_avoidance.egg-info/requires.txt
[6.035s] writing top-level names to ../../../build/stanley_avoidance/stanley_avoidance.egg-info/top_level.txt
[6.186s] reading manifest file '../../../build/stanley_avoidance/stanley_avoidance.egg-info/SOURCES.txt'
[6.192s] writing manifest file '../../../build/stanley_avoidance/stanley_avoidance.egg-info/SOURCES.txt'
[6.192s] running build
[6.193s] running build_py
[6.194s] running install
[6.197s] running install_lib
[6.204s] running install_data
[6.205s] running install_egg_info
[6.213s] removing '/home/coche/coche_ws/install/stanley_avoidance/lib/python3.8/site-packages/stanley_avoidance-0.0.0-py3.8.egg-info' (and everything under it)
[6.215s] Copying ../../../build/stanley_avoidance/stanley_avoidance.egg-info to /home/coche/coche_ws/install/stanley_avoidance/lib/python3.8/site-packages/stanley_avoidance-0.0.0-py3.8.egg-info
[6.220s] running install_scripts
[6.294s] Installing stanley_avoidance script to /home/coche/coche_ws/install/stanley_avoidance/lib/stanley_avoidance
[6.295s] writing list of installed files to '/home/coche/coche_ws/build/stanley_avoidance/install.log'
[6.391s] Invoked command in '/home/coche/coche_ws/src/f1tenth_system/stanley_avoidance' returned '0': PYTHONPATH=/home/coche/coche_ws/build/stanley_avoidance/prefix_override:/usr/lib/python3/dist-packages/colcon_core/task/python/colcon_distutils_commands:/home/coche/coche_ws/install/stanley_avoidance/lib/python3.8/site-packages:${PYTHONPATH} /usr/bin/python3 -W ignore:setup.py install is deprecated -W ignore:easy_install command is deprecated setup.py egg_info --egg-base ../../../build/stanley_avoidance build --build-base /home/coche/coche_ws/build/stanley_avoidance/build install --record /home/coche/coche_ws/build/stanley_avoidance/install.log --install-scripts $base/lib/stanley_avoidance --single-version-externally-managed install_data
