[0.193s] Invoking command in '/home/coche/coche_ws/build/vesc_msgs': CMAKE_PREFIX_PATH=${CMAKE_PREFIX_PATH}:/home/coche/coche_ws/install/f1tenth_stack:/home/coche/coche_ws/install/joy_teleop:/home/coche/coche_ws/install/particle_filter:/home/coche/coche_ws/install/mouse_teleop:/home/coche/coche_ws/install/key_teleop:/opt/ros/foxy /usr/bin/cmake --build /home/coche/coche_ws/build/vesc_msgs -- -j4 -l4
[0.562s] [  1%] Built target vesc_msgs__cpp
[0.594s] [ 12%] Built target vesc_msgs__rosidl_generator_c
[0.879s] [ 23%] Built target vesc_msgs__rosidl_typesupport_fastrtps_cpp
[0.902s] [ 34%] Built target vesc_msgs__rosidl_typesupport_introspection_cpp
[0.904s] [ 45%] Built target vesc_msgs__rosidl_typesupport_cpp
[0.915s] [ 56%] Built target vesc_msgs__rosidl_typesupport_c
[1.105s] [ 74%] Built target vesc_msgs__rosidl_typesupport_fastrtps_c
[1.107s] [ 78%] Built target vesc_msgs__rosidl_typesupport_introspection_c
[1.211s] [ 78%] Built target vesc_msgs
[1.316s] [ 80%] Built target vesc_msgs__py
[1.454s] [ 89%] Built target vesc_msgs__python
[1.704s] [ 92%] Built target vesc_msgs__rosidl_typesupport_c__pyext
[1.705s] [ 96%] Built target vesc_msgs__rosidl_typesupport_introspection_c__pyext
[1.756s] [100%] Built target vesc_msgs__rosidl_typesupport_fastrtps_c__pyext
[1.840s] Invoked command in '/home/coche/coche_ws/build/vesc_msgs' returned '0': CMAKE_PREFIX_PATH=${CMAKE_PREFIX_PATH}:/home/coche/coche_ws/install/f1tenth_stack:/home/coche/coche_ws/install/joy_teleop:/home/coche/coche_ws/install/particle_filter:/home/coche/coche_ws/install/mouse_teleop:/home/coche/coche_ws/install/key_teleop:/opt/ros/foxy /usr/bin/cmake --build /home/coche/coche_ws/build/vesc_msgs -- -j4 -l4
[3.511s] Invoking command in '/home/coche/coche_ws/build/vesc_msgs': CMAKE_PREFIX_PATH=${CMAKE_PREFIX_PATH}:/home/coche/coche_ws/install/f1tenth_stack:/home/coche/coche_ws/install/joy_teleop:/home/coche/coche_ws/install/particle_filter:/home/coche/coche_ws/install/mouse_teleop:/home/coche/coche_ws/install/key_teleop:/opt/ros/foxy /usr/bin/cmake --install /home/coche/coche_ws/build/vesc_msgs
[3.575s] -- Install configuration: ""
[3.576s] -- Up-to-date: /home/coche/coche_ws/install/vesc_msgs/share/ament_index/resource_index/rosidl_interfaces/vesc_msgs
[3.577s] -- Up-to-date: /home/coche/coche_ws/install/vesc_msgs/include/vesc_msgs
[3.577s] -- Up-to-date: /home/coche/coche_ws/install/vesc_msgs/include/vesc_msgs/msg
[3.577s] -- Up-to-date: /home/coche/coche_ws/install/vesc_msgs/include/vesc_msgs/msg/vesc_state_stamped.h
[3.578s] -- Up-to-date: /home/coche/coche_ws/install/vesc_msgs/include/vesc_msgs/msg/rosidl_generator_c__visibility_control.h
[3.578s] -- Up-to-date: /home/coche/coche_ws/install/vesc_msgs/include/vesc_msgs/msg/detail
[3.578s] -- Up-to-date: /home/coche/coche_ws/install/vesc_msgs/include/vesc_msgs/msg/detail/vesc_state__functions.c
[3.579s] -- Up-to-date: /home/coche/coche_ws/install/vesc_msgs/include/vesc_msgs/msg/detail/vesc_imu__struct.h
[3.579s] -- Up-to-date: /home/coche/coche_ws/install/vesc_msgs/include/vesc_msgs/msg/detail/vesc_state_stamped__type_support.h
[3.579s] -- Up-to-date: /home/coche/coche_ws/install/vesc_msgs/include/vesc_msgs/msg/detail/vesc_imu__functions.c
[3.580s] -- Up-to-date: /home/coche/coche_ws/install/vesc_msgs/include/vesc_msgs/msg/detail/vesc_state_stamped__struct.h
[3.580s] -- Up-to-date: /home/coche/coche_ws/install/vesc_msgs/include/vesc_msgs/msg/detail/vesc_imu_stamped__functions.c
[3.580s] -- Up-to-date: /home/coche/coche_ws/install/vesc_msgs/include/vesc_msgs/msg/detail/vesc_imu_stamped__struct.h
[3.583s] -- Up-to-date: /home/coche/coche_ws/install/vesc_msgs/include/vesc_msgs/msg/detail/vesc_state__struct.h
[3.583s] -- Up-to-date: /home/coche/coche_ws/install/vesc_msgs/include/vesc_msgs/msg/detail/vesc_state_stamped__functions.c
[3.584s] -- Up-to-date: /home/coche/coche_ws/install/vesc_msgs/include/vesc_msgs/msg/detail/vesc_imu__type_support.h
[3.585s] -- Up-to-date: /home/coche/coche_ws/install/vesc_msgs/include/vesc_msgs/msg/detail/vesc_state__type_support.h
[3.585s] -- Up-to-date: /home/coche/coche_ws/install/vesc_msgs/include/vesc_msgs/msg/detail/vesc_imu_stamped__functions.h
[3.586s] -- Up-to-date: /home/coche/coche_ws/install/vesc_msgs/include/vesc_msgs/msg/detail/vesc_imu_stamped__type_support.h
[3.586s] -- Up-to-date: /home/coche/coche_ws/install/vesc_msgs/include/vesc_msgs/msg/detail/vesc_state__functions.h
[3.586s] -- Up-to-date: /home/coche/coche_ws/install/vesc_msgs/include/vesc_msgs/msg/detail/vesc_imu__functions.h
[3.587s] -- Up-to-date: /home/coche/coche_ws/install/vesc_msgs/include/vesc_msgs/msg/detail/vesc_state_stamped__functions.h
[3.587s] -- Up-to-date: /home/coche/coche_ws/install/vesc_msgs/include/vesc_msgs/msg/vesc_imu.h
[3.587s] -- Up-to-date: /home/coche/coche_ws/install/vesc_msgs/include/vesc_msgs/msg/vesc_state.h
[3.587s] -- Up-to-date: /home/coche/coche_ws/install/vesc_msgs/include/vesc_msgs/msg/vesc_imu_stamped.h
[3.588s] -- Up-to-date: /home/coche/coche_ws/install/vesc_msgs/share/vesc_msgs/environment/library_path.sh
[3.588s] -- Up-to-date: /home/coche/coche_ws/install/vesc_msgs/share/vesc_msgs/environment/library_path.dsv
[3.588s] -- Up-to-date: /home/coche/coche_ws/install/vesc_msgs/lib/libvesc_msgs__rosidl_generator_c.so
[3.589s] -- Up-to-date: /home/coche/coche_ws/install/vesc_msgs/include/vesc_msgs
[3.589s] -- Up-to-date: /home/coche/coche_ws/install/vesc_msgs/include/vesc_msgs/msg
[3.589s] -- Up-to-date: /home/coche/coche_ws/install/vesc_msgs/include/vesc_msgs/msg/rosidl_typesupport_fastrtps_c__visibility_control.h
[3.590s] -- Up-to-date: /home/coche/coche_ws/install/vesc_msgs/include/vesc_msgs/msg/detail
[3.590s] -- Up-to-date: /home/coche/coche_ws/install/vesc_msgs/include/vesc_msgs/msg/detail/vesc_state_stamped__rosidl_typesupport_fastrtps_c.h
[3.590s] -- Up-to-date: /home/coche/coche_ws/install/vesc_msgs/include/vesc_msgs/msg/detail/vesc_imu__rosidl_typesupport_fastrtps_c.h
[3.591s] -- Up-to-date: /home/coche/coche_ws/install/vesc_msgs/include/vesc_msgs/msg/detail/vesc_state__rosidl_typesupport_fastrtps_c.h
[3.592s] -- Up-to-date: /home/coche/coche_ws/install/vesc_msgs/include/vesc_msgs/msg/detail/vesc_imu_stamped__rosidl_typesupport_fastrtps_c.h
[3.592s] -- Up-to-date: /home/coche/coche_ws/install/vesc_msgs/lib/libvesc_msgs__rosidl_typesupport_fastrtps_c.so
[3.597s] -- Up-to-date: /home/coche/coche_ws/install/vesc_msgs/include/vesc_msgs
[3.597s] -- Up-to-date: /home/coche/coche_ws/install/vesc_msgs/include/vesc_msgs/msg
[3.597s] -- Up-to-date: /home/coche/coche_ws/install/vesc_msgs/include/vesc_msgs/msg/detail
[3.598s] -- Up-to-date: /home/coche/coche_ws/install/vesc_msgs/include/vesc_msgs/msg/detail/vesc_state_stamped__rosidl_typesupport_fastrtps_cpp.hpp
[3.598s] -- Up-to-date: /home/coche/coche_ws/install/vesc_msgs/include/vesc_msgs/msg/detail/vesc_imu__rosidl_typesupport_fastrtps_cpp.hpp
[3.598s] -- Up-to-date: /home/coche/coche_ws/install/vesc_msgs/include/vesc_msgs/msg/detail/vesc_imu_stamped__rosidl_typesupport_fastrtps_cpp.hpp
[3.599s] -- Up-to-date: /home/coche/coche_ws/install/vesc_msgs/include/vesc_msgs/msg/detail/vesc_state__rosidl_typesupport_fastrtps_cpp.hpp
[3.599s] -- Up-to-date: /home/coche/coche_ws/install/vesc_msgs/include/vesc_msgs/msg/detail/dds_fastrtps
[3.599s] -- Up-to-date: /home/coche/coche_ws/install/vesc_msgs/include/vesc_msgs/msg/rosidl_typesupport_fastrtps_cpp__visibility_control.h
[3.599s] -- Up-to-date: /home/coche/coche_ws/install/vesc_msgs/lib/libvesc_msgs__rosidl_typesupport_fastrtps_cpp.so
[3.600s] -- Up-to-date: /home/coche/coche_ws/install/vesc_msgs/include/vesc_msgs
[3.600s] -- Up-to-date: /home/coche/coche_ws/install/vesc_msgs/include/vesc_msgs/msg
[3.600s] -- Up-to-date: /home/coche/coche_ws/install/vesc_msgs/include/vesc_msgs/msg/rosidl_typesupport_introspection_c__visibility_control.h
[3.601s] -- Up-to-date: /home/coche/coche_ws/install/vesc_msgs/include/vesc_msgs/msg/detail
[3.602s] -- Up-to-date: /home/coche/coche_ws/install/vesc_msgs/include/vesc_msgs/msg/detail/vesc_imu__type_support.c
[3.602s] -- Up-to-date: /home/coche/coche_ws/install/vesc_msgs/include/vesc_msgs/msg/detail/vesc_imu_stamped__rosidl_typesupport_introspection_c.h
[3.603s] -- Up-to-date: /home/coche/coche_ws/install/vesc_msgs/include/vesc_msgs/msg/detail/vesc_imu__rosidl_typesupport_introspection_c.h
[3.604s] -- Up-to-date: /home/coche/coche_ws/install/vesc_msgs/include/vesc_msgs/msg/detail/vesc_state_stamped__rosidl_typesupport_introspection_c.h
[3.605s] -- Up-to-date: /home/coche/coche_ws/install/vesc_msgs/include/vesc_msgs/msg/detail/vesc_imu_stamped__type_support.c
[3.613s] -- Up-to-date: /home/coche/coche_ws/install/vesc_msgs/include/vesc_msgs/msg/detail/vesc_state__rosidl_typesupport_introspection_c.h
[3.615s] -- Up-to-date: /home/coche/coche_ws/install/vesc_msgs/include/vesc_msgs/msg/detail/vesc_state__type_support.c
[3.615s] -- Up-to-date: /home/coche/coche_ws/install/vesc_msgs/include/vesc_msgs/msg/detail/vesc_state_stamped__type_support.c
[3.616s] -- Up-to-date: /home/coche/coche_ws/install/vesc_msgs/lib/libvesc_msgs__rosidl_typesupport_introspection_c.so
[3.616s] -- Up-to-date: /home/coche/coche_ws/install/vesc_msgs/lib/libvesc_msgs__rosidl_typesupport_c.so
[3.616s] -- Up-to-date: /home/coche/coche_ws/install/vesc_msgs/include/vesc_msgs
[3.617s] -- Up-to-date: /home/coche/coche_ws/install/vesc_msgs/include/vesc_msgs/msg
[3.617s] -- Up-to-date: /home/coche/coche_ws/install/vesc_msgs/include/vesc_msgs/msg/vesc_imu.hpp
[3.617s] -- Up-to-date: /home/coche/coche_ws/install/vesc_msgs/include/vesc_msgs/msg/detail
[3.618s] -- Up-to-date: /home/coche/coche_ws/install/vesc_msgs/include/vesc_msgs/msg/detail/vesc_imu_stamped__builder.hpp
[3.618s] -- Up-to-date: /home/coche/coche_ws/install/vesc_msgs/include/vesc_msgs/msg/detail/vesc_imu__type_support.hpp
[3.618s] -- Up-to-date: /home/coche/coche_ws/install/vesc_msgs/include/vesc_msgs/msg/detail/vesc_imu__struct.hpp
[3.619s] -- Up-to-date: /home/coche/coche_ws/install/vesc_msgs/include/vesc_msgs/msg/detail/vesc_imu_stamped__traits.hpp
[3.619s] -- Up-to-date: /home/coche/coche_ws/install/vesc_msgs/include/vesc_msgs/msg/detail/vesc_state_stamped__struct.hpp
[3.619s] -- Up-to-date: /home/coche/coche_ws/install/vesc_msgs/include/vesc_msgs/msg/detail/vesc_state__type_support.hpp
[3.620s] -- Up-to-date: /home/coche/coche_ws/install/vesc_msgs/include/vesc_msgs/msg/detail/vesc_state_stamped__builder.hpp
[3.620s] -- Up-to-date: /home/coche/coche_ws/install/vesc_msgs/include/vesc_msgs/msg/detail/vesc_state__traits.hpp
[3.620s] -- Up-to-date: /home/coche/coche_ws/install/vesc_msgs/include/vesc_msgs/msg/detail/vesc_state__builder.hpp
[3.620s] -- Up-to-date: /home/coche/coche_ws/install/vesc_msgs/include/vesc_msgs/msg/detail/vesc_state_stamped__type_support.hpp
[3.621s] -- Up-to-date: /home/coche/coche_ws/install/vesc_msgs/include/vesc_msgs/msg/detail/vesc_state_stamped__traits.hpp
[3.621s] -- Up-to-date: /home/coche/coche_ws/install/vesc_msgs/include/vesc_msgs/msg/detail/vesc_imu__traits.hpp
[3.621s] -- Up-to-date: /home/coche/coche_ws/install/vesc_msgs/include/vesc_msgs/msg/detail/vesc_imu_stamped__type_support.hpp
[3.622s] -- Up-to-date: /home/coche/coche_ws/install/vesc_msgs/include/vesc_msgs/msg/detail/vesc_imu_stamped__struct.hpp
[3.622s] -- Up-to-date: /home/coche/coche_ws/install/vesc_msgs/include/vesc_msgs/msg/detail/vesc_imu__builder.hpp
[3.622s] -- Up-to-date: /home/coche/coche_ws/install/vesc_msgs/include/vesc_msgs/msg/detail/vesc_state__struct.hpp
[3.623s] -- Up-to-date: /home/coche/coche_ws/install/vesc_msgs/include/vesc_msgs/msg/rosidl_generator_cpp__visibility_control.hpp
[3.623s] -- Up-to-date: /home/coche/coche_ws/install/vesc_msgs/include/vesc_msgs/msg/vesc_state.hpp
[3.623s] -- Up-to-date: /home/coche/coche_ws/install/vesc_msgs/include/vesc_msgs/msg/vesc_state_stamped.hpp
[3.623s] -- Up-to-date: /home/coche/coche_ws/install/vesc_msgs/include/vesc_msgs/msg/vesc_imu_stamped.hpp
[3.624s] -- Up-to-date: /home/coche/coche_ws/install/vesc_msgs/include/vesc_msgs
[3.624s] -- Up-to-date: /home/coche/coche_ws/install/vesc_msgs/include/vesc_msgs/msg
[3.624s] -- Up-to-date: /home/coche/coche_ws/install/vesc_msgs/include/vesc_msgs/msg/detail
[3.625s] -- Up-to-date: /home/coche/coche_ws/install/vesc_msgs/include/vesc_msgs/msg/detail/vesc_state__type_support.cpp
[3.626s] -- Up-to-date: /home/coche/coche_ws/install/vesc_msgs/include/vesc_msgs/msg/detail/vesc_imu__rosidl_typesupport_introspection_cpp.hpp
[3.626s] -- Up-to-date: /home/coche/coche_ws/install/vesc_msgs/include/vesc_msgs/msg/detail/vesc_imu__type_support.cpp
[3.626s] -- Up-to-date: /home/coche/coche_ws/install/vesc_msgs/include/vesc_msgs/msg/detail/vesc_state_stamped__rosidl_typesupport_introspection_cpp.hpp
[3.627s] -- Up-to-date: /home/coche/coche_ws/install/vesc_msgs/include/vesc_msgs/msg/detail/vesc_state__rosidl_typesupport_introspection_cpp.hpp
[3.627s] -- Up-to-date: /home/coche/coche_ws/install/vesc_msgs/include/vesc_msgs/msg/detail/vesc_imu_stamped__type_support.cpp
[3.627s] -- Up-to-date: /home/coche/coche_ws/install/vesc_msgs/include/vesc_msgs/msg/detail/vesc_state_stamped__type_support.cpp
[3.627s] -- Up-to-date: /home/coche/coche_ws/install/vesc_msgs/include/vesc_msgs/msg/detail/vesc_imu_stamped__rosidl_typesupport_introspection_cpp.hpp
[3.628s] -- Up-to-date: /home/coche/coche_ws/install/vesc_msgs/lib/libvesc_msgs__rosidl_typesupport_introspection_cpp.so
[3.629s] -- Up-to-date: /home/coche/coche_ws/install/vesc_msgs/lib/libvesc_msgs__rosidl_typesupport_cpp.so
[3.629s] -- Up-to-date: /home/coche/coche_ws/install/vesc_msgs/share/vesc_msgs/environment/pythonpath.sh
[3.629s] -- Up-to-date: /home/coche/coche_ws/install/vesc_msgs/share/vesc_msgs/environment/pythonpath.dsv
[3.630s] -- Up-to-date: /home/coche/coche_ws/install/vesc_msgs/lib/python3.8/site-packages/vesc_msgs/__init__.py
[3.782s] -- Up-to-date: /home/coche/coche_ws/install/vesc_msgs/lib/python3.8/site-packages/vesc_msgs/msg
[3.783s] -- Up-to-date: /home/coche/coche_ws/install/vesc_msgs/lib/python3.8/site-packages/vesc_msgs/msg/_vesc_state_stamped_s.c
[3.784s] -- Up-to-date: /home/coche/coche_ws/install/vesc_msgs/lib/python3.8/site-packages/vesc_msgs/msg/_vesc_imu_stamped_s.c
[3.784s] -- Up-to-date: /home/coche/coche_ws/install/vesc_msgs/lib/python3.8/site-packages/vesc_msgs/msg/_vesc_imu.py
[3.784s] -- Up-to-date: /home/coche/coche_ws/install/vesc_msgs/lib/python3.8/site-packages/vesc_msgs/msg/_vesc_state_stamped.py
[3.785s] -- Up-to-date: /home/coche/coche_ws/install/vesc_msgs/lib/python3.8/site-packages/vesc_msgs/msg/__init__.py
[3.786s] -- Up-to-date: /home/coche/coche_ws/install/vesc_msgs/lib/python3.8/site-packages/vesc_msgs/msg/_vesc_imu_stamped.py
[3.786s] -- Up-to-date: /home/coche/coche_ws/install/vesc_msgs/lib/python3.8/site-packages/vesc_msgs/msg/_vesc_imu_s.c
[3.787s] -- Up-to-date: /home/coche/coche_ws/install/vesc_msgs/lib/python3.8/site-packages/vesc_msgs/msg/_vesc_state_s.c
[3.789s] -- Up-to-date: /home/coche/coche_ws/install/vesc_msgs/lib/python3.8/site-packages/vesc_msgs/msg/_vesc_state.py
[3.789s] -- Up-to-date: /home/coche/coche_ws/install/vesc_msgs/lib/python3.8/site-packages/vesc_msgs/vesc_msgs_s__rosidl_typesupport_fastrtps_c.cpython-38-aarch64-linux-gnu.so
[3.789s] -- Up-to-date: /home/coche/coche_ws/install/vesc_msgs/lib/python3.8/site-packages/vesc_msgs/vesc_msgs_s__rosidl_typesupport_introspection_c.cpython-38-aarch64-linux-gnu.so
[3.791s] -- Up-to-date: /home/coche/coche_ws/install/vesc_msgs/lib/python3.8/site-packages/vesc_msgs/vesc_msgs_s__rosidl_typesupport_c.cpython-38-aarch64-linux-gnu.so
[3.793s] -- Up-to-date: /home/coche/coche_ws/install/vesc_msgs/lib/libvesc_msgs__python.so
[3.796s] -- Up-to-date: /home/coche/coche_ws/install/vesc_msgs/share/vesc_msgs/msg/VescState.idl
[3.797s] -- Up-to-date: /home/coche/coche_ws/install/vesc_msgs/share/vesc_msgs/msg/VescStateStamped.idl
[3.797s] -- Up-to-date: /home/coche/coche_ws/install/vesc_msgs/share/vesc_msgs/msg/VescImu.idl
[3.798s] -- Up-to-date: /home/coche/coche_ws/install/vesc_msgs/share/vesc_msgs/msg/VescImuStamped.idl
[3.798s] -- Up-to-date: /home/coche/coche_ws/install/vesc_msgs/share/vesc_msgs/msg/VescState.msg
[3.800s] -- Up-to-date: /home/coche/coche_ws/install/vesc_msgs/share/vesc_msgs/msg/VescStateStamped.msg
[3.800s] -- Up-to-date: /home/coche/coche_ws/install/vesc_msgs/share/vesc_msgs/msg/VescImu.msg
[3.801s] -- Up-to-date: /home/coche/coche_ws/install/vesc_msgs/share/vesc_msgs/msg/VescImuStamped.msg
[3.801s] -- Up-to-date: /home/coche/coche_ws/install/vesc_msgs/share/ament_index/resource_index/package_run_dependencies/vesc_msgs
[3.802s] -- Up-to-date: /home/coche/coche_ws/install/vesc_msgs/share/ament_index/resource_index/parent_prefix_path/vesc_msgs
[3.802s] -- Up-to-date: /home/coche/coche_ws/install/vesc_msgs/share/vesc_msgs/environment/ament_prefix_path.sh
[3.802s] -- Up-to-date: /home/coche/coche_ws/install/vesc_msgs/share/vesc_msgs/environment/ament_prefix_path.dsv
[3.804s] -- Up-to-date: /home/coche/coche_ws/install/vesc_msgs/share/vesc_msgs/environment/path.sh
[3.806s] -- Up-to-date: /home/coche/coche_ws/install/vesc_msgs/share/vesc_msgs/environment/path.dsv
[3.806s] -- Up-to-date: /home/coche/coche_ws/install/vesc_msgs/share/vesc_msgs/local_setup.bash
[3.806s] -- Up-to-date: /home/coche/coche_ws/install/vesc_msgs/share/vesc_msgs/local_setup.sh
[3.807s] -- Up-to-date: /home/coche/coche_ws/install/vesc_msgs/share/vesc_msgs/local_setup.zsh
[3.807s] -- Up-to-date: /home/coche/coche_ws/install/vesc_msgs/share/vesc_msgs/local_setup.dsv
[3.808s] -- Installing: /home/coche/coche_ws/install/vesc_msgs/share/vesc_msgs/package.dsv
[3.808s] -- Up-to-date: /home/coche/coche_ws/install/vesc_msgs/share/ament_index/resource_index/packages/vesc_msgs
[3.810s] -- Up-to-date: /home/coche/coche_ws/install/vesc_msgs/share/vesc_msgs/cmake/vesc_msgs__rosidl_generator_cExport.cmake
[3.814s] -- Up-to-date: /home/coche/coche_ws/install/vesc_msgs/share/vesc_msgs/cmake/vesc_msgs__rosidl_generator_cExport-noconfig.cmake
[3.817s] -- Up-to-date: /home/coche/coche_ws/install/vesc_msgs/share/vesc_msgs/cmake/vesc_msgs__rosidl_typesupport_introspection_cExport.cmake
[3.817s] -- Up-to-date: /home/coche/coche_ws/install/vesc_msgs/share/vesc_msgs/cmake/vesc_msgs__rosidl_typesupport_introspection_cExport-noconfig.cmake
[3.818s] -- Up-to-date: /home/coche/coche_ws/install/vesc_msgs/share/vesc_msgs/cmake/vesc_msgs__rosidl_typesupport_cExport.cmake
[3.820s] -- Up-to-date: /home/coche/coche_ws/install/vesc_msgs/share/vesc_msgs/cmake/vesc_msgs__rosidl_typesupport_cExport-noconfig.cmake
[3.829s] -- Up-to-date: /home/coche/coche_ws/install/vesc_msgs/share/vesc_msgs/cmake/vesc_msgs__rosidl_generator_cppExport.cmake
[3.830s] -- Up-to-date: /home/coche/coche_ws/install/vesc_msgs/share/vesc_msgs/cmake/vesc_msgs__rosidl_typesupport_introspection_cppExport.cmake
[3.830s] -- Up-to-date: /home/coche/coche_ws/install/vesc_msgs/share/vesc_msgs/cmake/vesc_msgs__rosidl_typesupport_introspection_cppExport-noconfig.cmake
[3.830s] -- Up-to-date: /home/coche/coche_ws/install/vesc_msgs/share/vesc_msgs/cmake/vesc_msgs__rosidl_typesupport_cppExport.cmake
[3.831s] -- Up-to-date: /home/coche/coche_ws/install/vesc_msgs/share/vesc_msgs/cmake/vesc_msgs__rosidl_typesupport_cppExport-noconfig.cmake
[3.831s] -- Up-to-date: /home/coche/coche_ws/install/vesc_msgs/share/vesc_msgs/cmake/rosidl_cmake-extras.cmake
[3.831s] -- Up-to-date: /home/coche/coche_ws/install/vesc_msgs/share/vesc_msgs/cmake/ament_cmake_export_dependencies-extras.cmake
[3.832s] -- Up-to-date: /home/coche/coche_ws/install/vesc_msgs/share/vesc_msgs/cmake/ament_cmake_export_libraries-extras.cmake
[3.832s] -- Up-to-date: /home/coche/coche_ws/install/vesc_msgs/share/vesc_msgs/cmake/ament_cmake_export_targets-extras.cmake
[3.832s] -- Up-to-date: /home/coche/coche_ws/install/vesc_msgs/share/vesc_msgs/cmake/ament_cmake_export_include_directories-extras.cmake
[3.832s] -- Up-to-date: /home/coche/coche_ws/install/vesc_msgs/share/vesc_msgs/cmake/rosidl_cmake_export_typesupport_libraries-extras.cmake
[3.833s] -- Up-to-date: /home/coche/coche_ws/install/vesc_msgs/share/vesc_msgs/cmake/rosidl_cmake_export_typesupport_targets-extras.cmake
[3.833s] -- Up-to-date: /home/coche/coche_ws/install/vesc_msgs/share/vesc_msgs/cmake/vesc_msgsConfig.cmake
[3.833s] -- Up-to-date: /home/coche/coche_ws/install/vesc_msgs/share/vesc_msgs/cmake/vesc_msgsConfig-version.cmake
[3.834s] -- Up-to-date: /home/coche/coche_ws/install/vesc_msgs/share/vesc_msgs/package.xml
[3.835s] Invoked command in '/home/coche/coche_ws/build/vesc_msgs' returned '0': CMAKE_PREFIX_PATH=${CMAKE_PREFIX_PATH}:/home/coche/coche_ws/install/f1tenth_stack:/home/coche/coche_ws/install/joy_teleop:/home/coche/coche_ws/install/particle_filter:/home/coche/coche_ws/install/mouse_teleop:/home/coche/coche_ws/install/key_teleop:/opt/ros/foxy /usr/bin/cmake --install /home/coche/coche_ws/build/vesc_msgs
