[0.189s] Invoking command in '/home/coche/coche_ws/build/gap_follow': CMAKE_PREFIX_PATH=${CMAKE_PREFIX_PATH}:/home/coche/coche_ws/install/f1tenth_stack:/home/coche/coche_ws/install/ver_trayectoria:/home/coche/coche_ws/install/joy_teleop:/home/coche/coche_ws/install/stanley_avoidance:/home/coche/coche_ws/install/particle_filter:/home/coche/coche_ws/install/mouse_teleop:/home/coche/coche_ws/install/key_teleop:/opt/ros/foxy /usr/bin/cmake --build /home/coche/coche_ws/build/gap_follow -- -j4 -l4
[0.370s] -- Found ament_cmake: 0.9.12 (/opt/ros/foxy/share/ament_cmake/cmake)
[0.515s] -- Using PYTHON_EXECUTABLE: /usr/bin/python3
[1.479s] -- Found rclcpp: 2.4.3 (/opt/ros/foxy/share/rclcpp/cmake)
[1.683s] -- Using all available rosidl_typesupport_c: rosidl_typesupport_fastrtps_c;rosidl_typesupport_introspection_c
[1.704s] -- Found rosidl_adapter: 1.3.1 (/opt/ros/foxy/share/rosidl_adapter/cmake)
[2.454s] -- Using all available rosidl_typesupport_cpp: rosidl_typesupport_fastrtps_cpp;rosidl_typesupport_introspection_cpp
[2.805s] -- Found rmw_implementation_cmake: 1.0.4 (/opt/ros/foxy/share/rmw_implementation_cmake/cmake)
[2.818s] -- Using RMW implementation 'rmw_fastrtps_cpp' as default
[3.779s] -- Found rclpy: 1.0.13 (/opt/ros/foxy/share/rclpy/cmake)
[3.781s] -- Found geometry_msgs: 2.0.5 (/opt/ros/foxy/share/geometry_msgs/cmake)
[3.967s] -- Found nav_msgs: 2.0.5 (/opt/ros/foxy/share/nav_msgs/cmake)
[4.303s] -- Found ackermann_msgs: 2.0.2 (/opt/ros/foxy/share/ackermann_msgs/cmake)
[4.472s] -- Found sensor_msgs: 2.0.5 (/opt/ros/foxy/share/sensor_msgs/cmake)
[4.803s] -- Found ament_lint_auto: 0.9.8 (/opt/ros/foxy/share/ament_lint_auto/cmake)
[5.158s] -- Added test 'copyright' to check source files copyright and LICENSE
[5.169s] -- Added test 'flake8' to check Python code syntax and style conventions
[5.170s] -- Added test 'lint_cmake' to check CMake code style
[5.173s] -- Added test 'pep257' to check Python code against some of the style conventions in PEP 257
[5.179s] -- Added test 'xmllint' to check XML markup files
[5.208s] -- Configuring done
[5.218s] -- Generating done
[5.230s] -- Build files have been written to: /home/coche/coche_ws/build/gap_follow
[5.371s] Invoked command in '/home/coche/coche_ws/build/gap_follow' returned '0': CMAKE_PREFIX_PATH=${CMAKE_PREFIX_PATH}:/home/coche/coche_ws/install/f1tenth_stack:/home/coche/coche_ws/install/ver_trayectoria:/home/coche/coche_ws/install/joy_teleop:/home/coche/coche_ws/install/stanley_avoidance:/home/coche/coche_ws/install/particle_filter:/home/coche/coche_ws/install/mouse_teleop:/home/coche/coche_ws/install/key_teleop:/opt/ros/foxy /usr/bin/cmake --build /home/coche/coche_ws/build/gap_follow -- -j4 -l4
[5.378s] Invoking command in '/home/coche/coche_ws/build/gap_follow': CMAKE_PREFIX_PATH=${CMAKE_PREFIX_PATH}:/home/coche/coche_ws/install/f1tenth_stack:/home/coche/coche_ws/install/ver_trayectoria:/home/coche/coche_ws/install/joy_teleop:/home/coche/coche_ws/install/stanley_avoidance:/home/coche/coche_ws/install/particle_filter:/home/coche/coche_ws/install/mouse_teleop:/home/coche/coche_ws/install/key_teleop:/opt/ros/foxy /usr/bin/cmake --install /home/coche/coche_ws/build/gap_follow
[5.449s] -- Install configuration: ""
[5.452s] -- Up-to-date: /home/coche/coche_ws/install/gap_follow/share/gap_follow/environment/pythonpath.sh
[5.452s] -- Installing: /home/coche/coche_ws/install/gap_follow/share/gap_follow/environment/pythonpath.dsv
[5.452s] -- Up-to-date: /home/coche/coche_ws/install/gap_follow/lib/python3.8/site-packages/gap_follow
[5.453s] -- Installing: /home/coche/coche_ws/install/gap_follow/lib/python3.8/site-packages/gap_follow/__init__.py
[5.633s] Listing '/home/coche/coche_ws/install/gap_follow/lib/python3.8/site-packages/gap_follow'...
[5.633s] Compiling '/home/coche/coche_ws/install/gap_follow/lib/python3.8/site-packages/gap_follow/__init__.py'...
[5.654s] -- Installing: /home/coche/coche_ws/install/gap_follow/lib/gap_follow/gap_follow.py
[5.655s] -- Installing: /home/coche/coche_ws/install/gap_follow/lib/gap_follow/pp_gf.py
[5.656s] -- Up-to-date: /home/coche/coche_ws/install/gap_follow/share/ament_index/resource_index/package_run_dependencies/gap_follow
[5.657s] -- Installing: /home/coche/coche_ws/install/gap_follow/share/ament_index/resource_index/parent_prefix_path/gap_follow
[5.657s] -- Up-to-date: /home/coche/coche_ws/install/gap_follow/share/gap_follow/environment/ament_prefix_path.sh
[5.658s] -- Installing: /home/coche/coche_ws/install/gap_follow/share/gap_follow/environment/ament_prefix_path.dsv
[5.659s] -- Up-to-date: /home/coche/coche_ws/install/gap_follow/share/gap_follow/environment/path.sh
[5.659s] -- Installing: /home/coche/coche_ws/install/gap_follow/share/gap_follow/environment/path.dsv
[5.660s] -- Up-to-date: /home/coche/coche_ws/install/gap_follow/share/gap_follow/local_setup.bash
[5.661s] -- Up-to-date: /home/coche/coche_ws/install/gap_follow/share/gap_follow/local_setup.sh
[5.661s] -- Up-to-date: /home/coche/coche_ws/install/gap_follow/share/gap_follow/local_setup.zsh
[5.662s] -- Installing: /home/coche/coche_ws/install/gap_follow/share/gap_follow/local_setup.dsv
[5.662s] -- Installing: /home/coche/coche_ws/install/gap_follow/share/gap_follow/package.dsv
[5.668s] -- Up-to-date: /home/coche/coche_ws/install/gap_follow/share/ament_index/resource_index/packages/gap_follow
[5.668s] -- Up-to-date: /home/coche/coche_ws/install/gap_follow/share/gap_follow/cmake/gap_followConfig.cmake
[5.669s] -- Up-to-date: /home/coche/coche_ws/install/gap_follow/share/gap_follow/cmake/gap_followConfig-version.cmake
[5.669s] -- Installing: /home/coche/coche_ws/install/gap_follow/share/gap_follow/package.xml
[5.742s] Invoked command in '/home/coche/coche_ws/build/gap_follow' returned '0': CMAKE_PREFIX_PATH=${CMAKE_PREFIX_PATH}:/home/coche/coche_ws/install/f1tenth_stack:/home/coche/coche_ws/install/ver_trayectoria:/home/coche/coche_ws/install/joy_teleop:/home/coche/coche_ws/install/stanley_avoidance:/home/coche/coche_ws/install/particle_filter:/home/coche/coche_ws/install/mouse_teleop:/home/coche/coche_ws/install/key_teleop:/opt/ros/foxy /usr/bin/cmake --install /home/coche/coche_ws/build/gap_follow
