[3.802s] Invoking command in '/home/coche/coche_ws/src/f1tenth_system/teleop_tools/joy_teleop': CMAKE_PREFIX_PATH=/home/coche/coche_ws/install/teleop_tools_msgs:/home/coche/coche_ws/install/vesc:/home/coche/coche_ws/install/vesc_driver:/home/coche/coche_ws/install/vesc_ackermann:/home/coche/coche_ws/install/vesc_msgs:/home/coche/coche_ws/install/teleop_tools:/home/coche/coche_ws/install/ackermann_mux LD_LIBRARY_PATH=/home/coche/coche_ws/install/teleop_tools_msgs/lib:/home/coche/coche_ws/install/vesc_driver/lib:/home/coche/coche_ws/install/vesc_ackermann/lib:/home/coche/coche_ws/install/vesc_msgs/lib:/opt/ros/foxy/opt/yaml_cpp_vendor/lib:/opt/ros/foxy/opt/rviz_ogre_vendor/lib:/opt/ros/foxy/lib/aarch64-linux-gnu:/opt/ros/foxy/lib PYTHONPATH=/home/coche/coche_ws/build/joy_teleop/prefix_override:/usr/lib/python3/dist-packages/colcon_core/task/python/colcon_distutils_commands:/home/coche/coche_ws/install/joy_teleop/lib/python3.8/site-packages:/home/coche/coche_ws/install/teleop_tools_msgs/lib/python3.8/site-packages:/home/coche/coche_ws/install/f1tenth_stack/lib/python3.8/site-packages:/home/coche/coche_ws/install/vesc_msgs/lib/python3.8/site-packages:/home/coche/coche_ws/install/joy_teleop/lib/python3.8/site-packages:/home/coche/coche_ws/install/mouse_teleop/lib/python3.8/site-packages:/home/coche/coche_ws/install/key_teleop/lib/python3.8/site-packages:/opt/ros/foxy/lib/python3.8/site-packages /usr/bin/python3 -W ignore:setup.py install is deprecated setup.py egg_info --egg-base ../../../../build/joy_teleop build --build-base /home/coche/coche_ws/build/joy_teleop/build install --record /home/coche/coche_ws/build/joy_teleop/install.log --install-scripts $base/lib/joy_teleop --single-version-externally-managed install_data
[4.894s] running egg_info
[4.897s] creating ../../../../build/joy_teleop/joy_teleop.egg-info
[4.897s] writing ../../../../build/joy_teleop/joy_teleop.egg-info/PKG-INFO
[4.900s] writing dependency_links to ../../../../build/joy_teleop/joy_teleop.egg-info/dependency_links.txt
[4.901s] writing entry points to ../../../../build/joy_teleop/joy_teleop.egg-info/entry_points.txt
[4.902s] writing requirements to ../../../../build/joy_teleop/joy_teleop.egg-info/requires.txt
[4.902s] writing top-level names to ../../../../build/joy_teleop/joy_teleop.egg-info/top_level.txt
[4.910s] writing manifest file '../../../../build/joy_teleop/joy_teleop.egg-info/SOURCES.txt'
[5.065s] reading manifest file '../../../../build/joy_teleop/joy_teleop.egg-info/SOURCES.txt'
[5.069s] writing manifest file '../../../../build/joy_teleop/joy_teleop.egg-info/SOURCES.txt'
[5.072s] running build
[5.073s] running build_py
[5.075s] creating /home/coche/coche_ws/build/joy_teleop/build
[5.076s] creating /home/coche/coche_ws/build/joy_teleop/build/lib
[5.077s] creating /home/coche/coche_ws/build/joy_teleop/build/lib/joy_teleop
[5.078s] copying joy_teleop/joy_teleop.py -> /home/coche/coche_ws/build/joy_teleop/build/lib/joy_teleop
[5.080s] copying joy_teleop/__init__.py -> /home/coche/coche_ws/build/joy_teleop/build/lib/joy_teleop
[5.081s] copying joy_teleop/incrementer_server.py -> /home/coche/coche_ws/build/joy_teleop/build/lib/joy_teleop
[5.084s] running install
[5.088s] running install_lib
[5.095s] creating /home/coche/coche_ws/install/joy_teleop/lib/python3.8/site-packages/joy_teleop
[5.096s] copying /home/coche/coche_ws/build/joy_teleop/build/lib/joy_teleop/joy_teleop.py -> /home/coche/coche_ws/install/joy_teleop/lib/python3.8/site-packages/joy_teleop
[5.098s] copying /home/coche/coche_ws/build/joy_teleop/build/lib/joy_teleop/__init__.py -> /home/coche/coche_ws/install/joy_teleop/lib/python3.8/site-packages/joy_teleop
[5.100s] copying /home/coche/coche_ws/build/joy_teleop/build/lib/joy_teleop/incrementer_server.py -> /home/coche/coche_ws/install/joy_teleop/lib/python3.8/site-packages/joy_teleop
[5.103s] byte-compiling /home/coche/coche_ws/install/joy_teleop/lib/python3.8/site-packages/joy_teleop/joy_teleop.py to joy_teleop.cpython-38.pyc
[5.120s] byte-compiling /home/coche/coche_ws/install/joy_teleop/lib/python3.8/site-packages/joy_teleop/__init__.py to __init__.cpython-38.pyc
[5.123s] byte-compiling /home/coche/coche_ws/install/joy_teleop/lib/python3.8/site-packages/joy_teleop/incrementer_server.py to incrementer_server.cpython-38.pyc
[5.126s] running install_data
[5.128s] copying package.xml -> /home/coche/coche_ws/install/joy_teleop/share/joy_teleop
[5.130s] creating /home/coche/coche_ws/install/joy_teleop/share/joy_teleop/config
[5.131s] copying config/joy_teleop_example.yaml -> /home/coche/coche_ws/install/joy_teleop/share/joy_teleop/config
[5.133s] creating /home/coche/coche_ws/install/joy_teleop/share/joy_teleop/launch
[5.134s] copying launch/example.launch.py -> /home/coche/coche_ws/install/joy_teleop/share/joy_teleop/launch
[5.135s] creating /home/coche/coche_ws/install/joy_teleop/share/ament_index
[5.137s] creating /home/coche/coche_ws/install/joy_teleop/share/ament_index/resource_index
[5.138s] creating /home/coche/coche_ws/install/joy_teleop/share/ament_index/resource_index/packages
[5.139s] copying resource/joy_teleop -> /home/coche/coche_ws/install/joy_teleop/share/ament_index/resource_index/packages
[5.141s] running install_egg_info
[5.149s] Copying ../../../../build/joy_teleop/joy_teleop.egg-info to /home/coche/coche_ws/install/joy_teleop/lib/python3.8/site-packages/joy_teleop-0.3.0-py3.8.egg-info
[5.157s] running install_scripts
[5.239s] Installing incrementer_server script to /home/coche/coche_ws/install/joy_teleop/lib/joy_teleop
[5.241s] Installing joy_teleop script to /home/coche/coche_ws/install/joy_teleop/lib/joy_teleop
[5.245s] writing list of installed files to '/home/coche/coche_ws/build/joy_teleop/install.log'
[5.357s] Invoked command in '/home/coche/coche_ws/src/f1tenth_system/teleop_tools/joy_teleop' returned '0': CMAKE_PREFIX_PATH=/home/coche/coche_ws/install/teleop_tools_msgs:/home/coche/coche_ws/install/vesc:/home/coche/coche_ws/install/vesc_driver:/home/coche/coche_ws/install/vesc_ackermann:/home/coche/coche_ws/install/vesc_msgs:/home/coche/coche_ws/install/teleop_tools:/home/coche/coche_ws/install/ackermann_mux LD_LIBRARY_PATH=/home/coche/coche_ws/install/teleop_tools_msgs/lib:/home/coche/coche_ws/install/vesc_driver/lib:/home/coche/coche_ws/install/vesc_ackermann/lib:/home/coche/coche_ws/install/vesc_msgs/lib:/opt/ros/foxy/opt/yaml_cpp_vendor/lib:/opt/ros/foxy/opt/rviz_ogre_vendor/lib:/opt/ros/foxy/lib/aarch64-linux-gnu:/opt/ros/foxy/lib PYTHONPATH=/home/coche/coche_ws/build/joy_teleop/prefix_override:/usr/lib/python3/dist-packages/colcon_core/task/python/colcon_distutils_commands:/home/coche/coche_ws/install/joy_teleop/lib/python3.8/site-packages:/home/coche/coche_ws/install/teleop_tools_msgs/lib/python3.8/site-packages:/home/coche/coche_ws/install/f1tenth_stack/lib/python3.8/site-packages:/home/coche/coche_ws/install/vesc_msgs/lib/python3.8/site-packages:/home/coche/coche_ws/install/joy_teleop/lib/python3.8/site-packages:/home/coche/coche_ws/install/mouse_teleop/lib/python3.8/site-packages:/home/coche/coche_ws/install/key_teleop/lib/python3.8/site-packages:/opt/ros/foxy/lib/python3.8/site-packages /usr/bin/python3 -W ignore:setup.py install is deprecated setup.py egg_info --egg-base ../../../../build/joy_teleop build --build-base /home/coche/coche_ws/build/joy_teleop/build install --record /home/coche/coche_ws/build/joy_teleop/install.log --install-scripts $base/lib/joy_teleop --single-version-externally-managed install_data
