[0.176s] Invoking command in '/home/coche/coche_ws/build/ackermann_mux': CMAKE_PREFIX_PATH=${CMAKE_PREFIX_PATH}:/home/coche/coche_ws/install/f1tenth_stack:/home/coche/coche_ws/install/joy_teleop:/home/coche/coche_ws/install/mouse_teleop:/home/coche/coche_ws/install/key_teleop:/opt/ros/foxy /usr/bin/cmake --build /home/coche/coche_ws/build/ackermann_mux -- -j4 -l4
[1.813s] [100%] Built target ackermann_mux
[1.815s] make: Warning: File 'Makefile' has modification time 780154855 s in the future
[1.815s] make[1]: Warning: File 'CMakeFiles/Makefile2' has modification time 780154855 s in the future
[1.815s] make[2]: Warning: File 'CMakeFiles/ackermann_mux.dir/flags.make' has modification time 780154855 s in the future
[1.815s] make[2]: warning:  Clock skew detected.  Your build may be incomplete.
[1.816s] make[2]: Warning: File 'CMakeFiles/ackermann_mux.dir/flags.make' has modification time 780154855 s in the future
[1.816s] make[2]: warning:  Clock skew detected.  Your build may be incomplete.
[1.816s] make[1]: warning:  Clock skew detected.  Your build may be incomplete.
[1.817s] make: warning:  Clock skew detected.  Your build may be incomplete.
[1.819s] Invoked command in '/home/coche/coche_ws/build/ackermann_mux' returned '0': CMAKE_PREFIX_PATH=${CMAKE_PREFIX_PATH}:/home/coche/coche_ws/install/f1tenth_stack:/home/coche/coche_ws/install/joy_teleop:/home/coche/coche_ws/install/mouse_teleop:/home/coche/coche_ws/install/key_teleop:/opt/ros/foxy /usr/bin/cmake --build /home/coche/coche_ws/build/ackermann_mux -- -j4 -l4
[2.011s] Invoking command in '/home/coche/coche_ws/build/ackermann_mux': CMAKE_PREFIX_PATH=${CMAKE_PREFIX_PATH}:/home/coche/coche_ws/install/f1tenth_stack:/home/coche/coche_ws/install/joy_teleop:/home/coche/coche_ws/install/mouse_teleop:/home/coche/coche_ws/install/key_teleop:/opt/ros/foxy /usr/bin/cmake --install /home/coche/coche_ws/build/ackermann_mux
[2.081s] -- Install configuration: ""
[2.084s] -- Up-to-date: /home/coche/coche_ws/install/ackermann_mux/lib/ackermann_mux/ackermann_mux
[2.086s] -- Up-to-date: /home/coche/coche_ws/install/ackermann_mux/share/ackermann_mux/launch
[2.088s] -- Up-to-date: /home/coche/coche_ws/install/ackermann_mux/share/ackermann_mux/launch/ackermann_mux_launch.py
[2.090s] -- Up-to-date: /home/coche/coche_ws/install/ackermann_mux/share/ackermann_mux/config
[2.093s] -- Up-to-date: /home/coche/coche_ws/install/ackermann_mux/share/ackermann_mux/config/ackermann_mux_topics.yaml
[2.094s] -- Up-to-date: /home/coche/coche_ws/install/ackermann_mux/share/ackermann_mux/config/joystick.yaml
[2.095s] -- Up-to-date: /home/coche/coche_ws/install/ackermann_mux/share/ackermann_mux/config/ackermann_mux_locks.yaml
[2.097s] -- Up-to-date: /home/coche/coche_ws/install/ackermann_mux/include
[2.097s] -- Up-to-date: /home/coche/coche_ws/install/ackermann_mux/include/ackermann_mux
[2.097s] -- Up-to-date: /home/coche/coche_ws/install/ackermann_mux/include/ackermann_mux/ackermann_mux_diagnostics_status.hpp
[2.098s] -- Up-to-date: /home/coche/coche_ws/install/ackermann_mux/include/ackermann_mux/ackermann_mux.hpp
[2.098s] -- Up-to-date: /home/coche/coche_ws/install/ackermann_mux/include/ackermann_mux/topic_handle.hpp
[2.099s] -- Up-to-date: /home/coche/coche_ws/install/ackermann_mux/include/ackermann_mux/params_helpers.hpp
[2.099s] -- Up-to-date: /home/coche/coche_ws/install/ackermann_mux/include/ackermann_mux/ackermann_mux_diagnostics.hpp
[2.099s] -- Up-to-date: /home/coche/coche_ws/install/ackermann_mux/include/ackermann_mux/utils.hpp
[2.100s] -- Up-to-date: /home/coche/coche_ws/install/ackermann_mux/share/ament_index/resource_index/package_run_dependencies/ackermann_mux
[2.103s] -- Up-to-date: /home/coche/coche_ws/install/ackermann_mux/share/ament_index/resource_index/parent_prefix_path/ackermann_mux
[2.104s] -- Up-to-date: /home/coche/coche_ws/install/ackermann_mux/share/ackermann_mux/environment/ament_prefix_path.sh
[2.107s] -- Up-to-date: /home/coche/coche_ws/install/ackermann_mux/share/ackermann_mux/environment/ament_prefix_path.dsv
[2.108s] -- Up-to-date: /home/coche/coche_ws/install/ackermann_mux/share/ackermann_mux/environment/path.sh
[2.109s] -- Up-to-date: /home/coche/coche_ws/install/ackermann_mux/share/ackermann_mux/environment/path.dsv
[2.109s] -- Up-to-date: /home/coche/coche_ws/install/ackermann_mux/share/ackermann_mux/local_setup.bash
[2.110s] -- Up-to-date: /home/coche/coche_ws/install/ackermann_mux/share/ackermann_mux/local_setup.sh
[2.111s] -- Up-to-date: /home/coche/coche_ws/install/ackermann_mux/share/ackermann_mux/local_setup.zsh
[2.112s] -- Up-to-date: /home/coche/coche_ws/install/ackermann_mux/share/ackermann_mux/local_setup.dsv
[2.113s] -- Installing: /home/coche/coche_ws/install/ackermann_mux/share/ackermann_mux/package.dsv
[2.115s] -- Up-to-date: /home/coche/coche_ws/install/ackermann_mux/share/ament_index/resource_index/packages/ackermann_mux
[2.115s] -- Up-to-date: /home/coche/coche_ws/install/ackermann_mux/share/ackermann_mux/cmake/ament_cmake_export_include_directories-extras.cmake
[2.116s] -- Up-to-date: /home/coche/coche_ws/install/ackermann_mux/share/ackermann_mux/cmake/ament_cmake_export_dependencies-extras.cmake
[2.116s] -- Up-to-date: /home/coche/coche_ws/install/ackermann_mux/share/ackermann_mux/cmake/ackermann_muxConfig.cmake
[2.116s] -- Up-to-date: /home/coche/coche_ws/install/ackermann_mux/share/ackermann_mux/cmake/ackermann_muxConfig-version.cmake
[2.126s] -- Up-to-date: /home/coche/coche_ws/install/ackermann_mux/share/ackermann_mux/package.xml
[2.127s] Invoked command in '/home/coche/coche_ws/build/ackermann_mux' returned '0': CMAKE_PREFIX_PATH=${CMAKE_PREFIX_PATH}:/home/coche/coche_ws/install/f1tenth_stack:/home/coche/coche_ws/install/joy_teleop:/home/coche/coche_ws/install/mouse_teleop:/home/coche/coche_ws/install/key_teleop:/opt/ros/foxy /usr/bin/cmake --install /home/coche/coche_ws/build/ackermann_mux
