[0.106s] Invoking command in '/home/coche/coche_ws/build/vesc_ackermann': CMAKE_PREFIX_PATH=/home/coche/coche_ws/install/vesc_msgs:/home/coche/coche_ws/install/vesc:/home/coche/coche_ws/install/vesc_driver:/home/coche/coche_ws/install/vesc_ackermann:/home/coche/coche_ws/install/teleop_tools:/home/coche/coche_ws/install/teleop_tools_msgs:/home/coche/coche_ws/install/ackermann_mux:/home/coche/coche_ws/install/f1tenth_stack:/home/coche/coche_ws/install/joy_teleop:/home/coche/coche_ws/install/mouse_teleop:/home/coche/coche_ws/install/key_teleop:/opt/ros/foxy LD_LIBRARY_PATH=/home/coche/coche_ws/install/vesc_msgs/lib:/home/coche/coche_ws/install/vesc_driver/lib:/home/coche/coche_ws/install/vesc_ackermann/lib:/home/coche/coche_ws/install/teleop_tools_msgs/lib:/opt/ros/foxy/opt/yaml_cpp_vendor/lib:/opt/ros/foxy/opt/rviz_ogre_vendor/lib:/opt/ros/foxy/lib/aarch64-linux-gnu:/opt/ros/foxy/lib PYTHONPATH=/home/coche/coche_ws/install/vesc_msgs/lib/python3.8/site-packages:/home/coche/coche_ws/install/f1tenth_stack/lib/python3.8/site-packages:/home/coche/coche_ws/install/joy_teleop/lib/python3.8/site-packages:/home/coche/coche_ws/install/teleop_tools_msgs/lib/python3.8/site-packages:/home/coche/coche_ws/install/mouse_teleop/lib/python3.8/site-packages:/home/coche/coche_ws/install/key_teleop/lib/python3.8/site-packages:/opt/ros/foxy/lib/python3.8/site-packages /usr/bin/cmake /home/coche/coche_ws/src/f1tenth_system/vesc/vesc_ackermann -DCMAKE_INSTALL_PREFIX=/home/coche/coche_ws/install/vesc_ackermann
[0.428s] -- The C compiler identification is GNU 9.4.0
[0.751s] -- The CXX compiler identification is GNU 9.4.0
[0.791s] -- Check for working C compiler: /usr/bin/cc
[1.152s] -- Check for working C compiler: /usr/bin/cc -- works
[1.157s] -- Detecting C compiler ABI info
[1.570s] -- Detecting C compiler ABI info - done
[1.633s] -- Detecting C compile features
[1.635s] -- Detecting C compile features - done
[1.648s] -- Check for working CXX compiler: /usr/bin/c++
[2.096s] -- Check for working CXX compiler: /usr/bin/c++ -- works
[2.101s] -- Detecting CXX compiler ABI info
[2.574s] -- Detecting CXX compiler ABI info - done
[2.643s] -- Detecting CXX compile features
[2.647s] -- Detecting CXX compile features - done
[2.662s] -- Found ament_cmake_auto: 0.9.12 (/opt/ros/foxy/share/ament_cmake_auto/cmake)
[2.846s] -- Found PythonInterp: /usr/bin/python3 (found suitable version "3.8.10", minimum required is "3") 
[2.847s] -- Using PYTHON_EXECUTABLE: /usr/bin/python3
[4.303s] -- Using all available rosidl_typesupport_c: rosidl_typesupport_fastrtps_c;rosidl_typesupport_introspection_c
[4.347s] -- Found rosidl_adapter: 1.3.1 (/opt/ros/foxy/share/rosidl_adapter/cmake)
[4.822s] -- Found OpenSSL: /usr/lib/aarch64-linux-gnu/libcrypto.so (found version "1.1.1f")  
[4.956s] -- Found FastRTPS: /opt/ros/foxy/include  
[5.354s] -- Using all available rosidl_typesupport_cpp: rosidl_typesupport_fastrtps_cpp;rosidl_typesupport_introspection_cpp
[6.453s] -- Found rmw_implementation_cmake: 1.0.4 (/opt/ros/foxy/share/rmw_implementation_cmake/cmake)
[6.461s] -- Using RMW implementation 'rmw_fastrtps_cpp' as default
[6.464s] -- Looking for pthread.h
[6.828s] -- Looking for pthread.h - found
[6.830s] -- Performing Test CMAKE_HAVE_LIBC_PTHREAD
[7.204s] -- Performing Test CMAKE_HAVE_LIBC_PTHREAD - Failed
[7.207s] -- Looking for pthread_create in pthreads
[7.502s] -- Looking for pthread_create in pthreads - not found
[7.503s] -- Looking for pthread_create in pthread
[7.851s] -- Looking for pthread_create in pthread - found
[7.858s] -- Found Threads: TRUE  
[10.079s] -- Found ament_lint_auto: 0.9.8 (/opt/ros/foxy/share/ament_lint_auto/cmake)
[10.194s] -- Added test 'copyright' to check source files copyright and LICENSE
[10.203s] -- Added test 'cppcheck' to perform static code analysis on C / C++ code
[10.204s] -- Configured cppcheck include dirs: /home/coche/coche_ws/src/f1tenth_system/vesc/vesc_ackermann/include
[10.204s] -- Configured cppcheck exclude dirs and/or files: 
[10.213s] -- Added test 'cpplint' to check C / C++ code against the Google style
[10.213s] -- Configured cpplint exclude dirs and/or files: 
[10.219s] -- Added test 'lint_cmake' to check CMake code style
[10.228s] -- Added test 'uncrustify' to check C / C++ code style
[10.228s] -- Configured uncrustify additional arguments: 
[10.232s] -- Added test 'xmllint' to check XML markup files
[10.269s] -- Configuring done
[10.403s] -- Generating done
[10.415s] -- Build files have been written to: /home/coche/coche_ws/build/vesc_ackermann
[10.460s] Invoked command in '/home/coche/coche_ws/build/vesc_ackermann' returned '0': CMAKE_PREFIX_PATH=/home/coche/coche_ws/install/vesc_msgs:/home/coche/coche_ws/install/vesc:/home/coche/coche_ws/install/vesc_driver:/home/coche/coche_ws/install/vesc_ackermann:/home/coche/coche_ws/install/teleop_tools:/home/coche/coche_ws/install/teleop_tools_msgs:/home/coche/coche_ws/install/ackermann_mux:/home/coche/coche_ws/install/f1tenth_stack:/home/coche/coche_ws/install/joy_teleop:/home/coche/coche_ws/install/mouse_teleop:/home/coche/coche_ws/install/key_teleop:/opt/ros/foxy LD_LIBRARY_PATH=/home/coche/coche_ws/install/vesc_msgs/lib:/home/coche/coche_ws/install/vesc_driver/lib:/home/coche/coche_ws/install/vesc_ackermann/lib:/home/coche/coche_ws/install/teleop_tools_msgs/lib:/opt/ros/foxy/opt/yaml_cpp_vendor/lib:/opt/ros/foxy/opt/rviz_ogre_vendor/lib:/opt/ros/foxy/lib/aarch64-linux-gnu:/opt/ros/foxy/lib PYTHONPATH=/home/coche/coche_ws/install/vesc_msgs/lib/python3.8/site-packages:/home/coche/coche_ws/install/f1tenth_stack/lib/python3.8/site-packages:/home/coche/coche_ws/install/joy_teleop/lib/python3.8/site-packages:/home/coche/coche_ws/install/teleop_tools_msgs/lib/python3.8/site-packages:/home/coche/coche_ws/install/mouse_teleop/lib/python3.8/site-packages:/home/coche/coche_ws/install/key_teleop/lib/python3.8/site-packages:/opt/ros/foxy/lib/python3.8/site-packages /usr/bin/cmake /home/coche/coche_ws/src/f1tenth_system/vesc/vesc_ackermann -DCMAKE_INSTALL_PREFIX=/home/coche/coche_ws/install/vesc_ackermann
[10.475s] Invoking command in '/home/coche/coche_ws/build/vesc_ackermann': CMAKE_PREFIX_PATH=/home/coche/coche_ws/install/vesc_msgs:/home/coche/coche_ws/install/vesc:/home/coche/coche_ws/install/vesc_driver:/home/coche/coche_ws/install/vesc_ackermann:/home/coche/coche_ws/install/teleop_tools:/home/coche/coche_ws/install/teleop_tools_msgs:/home/coche/coche_ws/install/ackermann_mux:/home/coche/coche_ws/install/f1tenth_stack:/home/coche/coche_ws/install/joy_teleop:/home/coche/coche_ws/install/mouse_teleop:/home/coche/coche_ws/install/key_teleop:/opt/ros/foxy LD_LIBRARY_PATH=/home/coche/coche_ws/install/vesc_msgs/lib:/home/coche/coche_ws/install/vesc_driver/lib:/home/coche/coche_ws/install/vesc_ackermann/lib:/home/coche/coche_ws/install/teleop_tools_msgs/lib:/opt/ros/foxy/opt/yaml_cpp_vendor/lib:/opt/ros/foxy/opt/rviz_ogre_vendor/lib:/opt/ros/foxy/lib/aarch64-linux-gnu:/opt/ros/foxy/lib PYTHONPATH=/home/coche/coche_ws/install/vesc_msgs/lib/python3.8/site-packages:/home/coche/coche_ws/install/f1tenth_stack/lib/python3.8/site-packages:/home/coche/coche_ws/install/joy_teleop/lib/python3.8/site-packages:/home/coche/coche_ws/install/teleop_tools_msgs/lib/python3.8/site-packages:/home/coche/coche_ws/install/mouse_teleop/lib/python3.8/site-packages:/home/coche/coche_ws/install/key_teleop/lib/python3.8/site-packages:/opt/ros/foxy/lib/python3.8/site-packages /usr/bin/cmake --build /home/coche/coche_ws/build/vesc_ackermann -- -j4 -l4
[10.710s] [35m[1mScanning dependencies of target ackermann_to_vesc_node[0m
[10.978s] [ 14%] [32mBuilding CXX object CMakeFiles/ackermann_to_vesc_node.dir/rclcpp_components/node_main_ackermann_to_vesc_node.cpp.o[0m
[22.354s] [ 28%] [32m[1mLinking CXX executable ackermann_to_vesc_node[0m
[22.928s] [ 28%] Built target ackermann_to_vesc_node
[22.986s] [35m[1mScanning dependencies of target vesc_ackermann[0m
[23.302s] [ 42%] [32mBuilding CXX object CMakeFiles/vesc_ackermann.dir/src/ackermann_to_vesc.cpp.o[0m
[46.490s] [ 57%] [32mBuilding CXX object CMakeFiles/vesc_ackermann.dir/src/vesc_to_odom.cpp.o[0m
[72.904s] [ 71%] [32m[1mLinking CXX shared library libvesc_ackermann.so[0m
[74.944s] [ 71%] Built target vesc_ackermann
[75.005s] [35m[1mScanning dependencies of target vesc_to_odom_node[0m
[75.203s] [ 85%] [32mBuilding CXX object CMakeFiles/vesc_to_odom_node.dir/rclcpp_components/node_main_vesc_to_odom_node.cpp.o[0m
[83.352s] [100%] [32m[1mLinking CXX executable vesc_to_odom_node[0m
[83.840s] [100%] Built target vesc_to_odom_node
[83.897s] Invoked command in '/home/coche/coche_ws/build/vesc_ackermann' returned '0': CMAKE_PREFIX_PATH=/home/coche/coche_ws/install/vesc_msgs:/home/coche/coche_ws/install/vesc:/home/coche/coche_ws/install/vesc_driver:/home/coche/coche_ws/install/vesc_ackermann:/home/coche/coche_ws/install/teleop_tools:/home/coche/coche_ws/install/teleop_tools_msgs:/home/coche/coche_ws/install/ackermann_mux:/home/coche/coche_ws/install/f1tenth_stack:/home/coche/coche_ws/install/joy_teleop:/home/coche/coche_ws/install/mouse_teleop:/home/coche/coche_ws/install/key_teleop:/opt/ros/foxy LD_LIBRARY_PATH=/home/coche/coche_ws/install/vesc_msgs/lib:/home/coche/coche_ws/install/vesc_driver/lib:/home/coche/coche_ws/install/vesc_ackermann/lib:/home/coche/coche_ws/install/teleop_tools_msgs/lib:/opt/ros/foxy/opt/yaml_cpp_vendor/lib:/opt/ros/foxy/opt/rviz_ogre_vendor/lib:/opt/ros/foxy/lib/aarch64-linux-gnu:/opt/ros/foxy/lib PYTHONPATH=/home/coche/coche_ws/install/vesc_msgs/lib/python3.8/site-packages:/home/coche/coche_ws/install/f1tenth_stack/lib/python3.8/site-packages:/home/coche/coche_ws/install/joy_teleop/lib/python3.8/site-packages:/home/coche/coche_ws/install/teleop_tools_msgs/lib/python3.8/site-packages:/home/coche/coche_ws/install/mouse_teleop/lib/python3.8/site-packages:/home/coche/coche_ws/install/key_teleop/lib/python3.8/site-packages:/opt/ros/foxy/lib/python3.8/site-packages /usr/bin/cmake --build /home/coche/coche_ws/build/vesc_ackermann -- -j4 -l4
[84.106s] Invoking command in '/home/coche/coche_ws/build/vesc_ackermann': CMAKE_PREFIX_PATH=/home/coche/coche_ws/install/vesc_msgs:/home/coche/coche_ws/install/vesc:/home/coche/coche_ws/install/vesc_driver:/home/coche/coche_ws/install/vesc_ackermann:/home/coche/coche_ws/install/teleop_tools:/home/coche/coche_ws/install/teleop_tools_msgs:/home/coche/coche_ws/install/ackermann_mux:/home/coche/coche_ws/install/f1tenth_stack:/home/coche/coche_ws/install/joy_teleop:/home/coche/coche_ws/install/mouse_teleop:/home/coche/coche_ws/install/key_teleop:/opt/ros/foxy LD_LIBRARY_PATH=/home/coche/coche_ws/install/vesc_msgs/lib:/home/coche/coche_ws/install/vesc_driver/lib:/home/coche/coche_ws/install/vesc_ackermann/lib:/home/coche/coche_ws/install/teleop_tools_msgs/lib:/opt/ros/foxy/opt/yaml_cpp_vendor/lib:/opt/ros/foxy/opt/rviz_ogre_vendor/lib:/opt/ros/foxy/lib/aarch64-linux-gnu:/opt/ros/foxy/lib PYTHONPATH=/home/coche/coche_ws/install/vesc_msgs/lib/python3.8/site-packages:/home/coche/coche_ws/install/f1tenth_stack/lib/python3.8/site-packages:/home/coche/coche_ws/install/joy_teleop/lib/python3.8/site-packages:/home/coche/coche_ws/install/teleop_tools_msgs/lib/python3.8/site-packages:/home/coche/coche_ws/install/mouse_teleop/lib/python3.8/site-packages:/home/coche/coche_ws/install/key_teleop/lib/python3.8/site-packages:/opt/ros/foxy/lib/python3.8/site-packages /usr/bin/cmake --install /home/coche/coche_ws/build/vesc_ackermann
[84.172s] -- Install configuration: ""
[84.173s] -- Installing: /home/coche/coche_ws/install/vesc_ackermann/lib/vesc_ackermann/ackermann_to_vesc_node
[84.179s] -- Set runtime path of "/home/coche/coche_ws/install/vesc_ackermann/lib/vesc_ackermann/ackermann_to_vesc_node" to ""
[84.180s] -- Installing: /home/coche/coche_ws/install/vesc_ackermann/lib/vesc_ackermann/vesc_to_odom_node
[84.184s] -- Set runtime path of "/home/coche/coche_ws/install/vesc_ackermann/lib/vesc_ackermann/vesc_to_odom_node" to ""
[84.184s] -- Installing: /home/coche/coche_ws/install/vesc_ackermann/include
[84.186s] -- Installing: /home/coche/coche_ws/install/vesc_ackermann/include/vesc_ackermann
[84.187s] -- Installing: /home/coche/coche_ws/install/vesc_ackermann/include/vesc_ackermann/ackermann_to_vesc.hpp
[84.187s] -- Installing: /home/coche/coche_ws/install/vesc_ackermann/include/vesc_ackermann/vesc_to_odom.hpp
[84.191s] -- Installing: /home/coche/coche_ws/install/vesc_ackermann/share/vesc_ackermann/environment/library_path.sh
[84.192s] -- Installing: /home/coche/coche_ws/install/vesc_ackermann/share/vesc_ackermann/environment/library_path.dsv
[84.192s] -- Installing: /home/coche/coche_ws/install/vesc_ackermann/lib/libvesc_ackermann.so
[84.247s] -- Set runtime path of "/home/coche/coche_ws/install/vesc_ackermann/lib/libvesc_ackermann.so" to ""
[84.248s] -- Installing: /home/coche/coche_ws/install/vesc_ackermann/share/vesc_ackermann/launch
[84.249s] -- Installing: /home/coche/coche_ws/install/vesc_ackermann/share/vesc_ackermann/launch/vesc_to_odom_node.launch.xml
[84.249s] -- Installing: /home/coche/coche_ws/install/vesc_ackermann/share/vesc_ackermann/launch/ackermann_to_vesc_node.launch.xml
[84.252s] -- Installing: /home/coche/coche_ws/install/vesc_ackermann/share/ament_index/resource_index/package_run_dependencies/vesc_ackermann
[84.254s] -- Installing: /home/coche/coche_ws/install/vesc_ackermann/share/ament_index/resource_index/parent_prefix_path/vesc_ackermann
[84.256s] -- Installing: /home/coche/coche_ws/install/vesc_ackermann/share/vesc_ackermann/environment/ament_prefix_path.sh
[84.257s] -- Installing: /home/coche/coche_ws/install/vesc_ackermann/share/vesc_ackermann/environment/ament_prefix_path.dsv
[84.259s] -- Installing: /home/coche/coche_ws/install/vesc_ackermann/share/vesc_ackermann/environment/path.sh
[84.263s] -- Installing: /home/coche/coche_ws/install/vesc_ackermann/share/vesc_ackermann/environment/path.dsv
[84.264s] -- Installing: /home/coche/coche_ws/install/vesc_ackermann/share/vesc_ackermann/local_setup.bash
[84.264s] -- Installing: /home/coche/coche_ws/install/vesc_ackermann/share/vesc_ackermann/local_setup.sh
[84.265s] -- Installing: /home/coche/coche_ws/install/vesc_ackermann/share/vesc_ackermann/local_setup.zsh
[84.273s] -- Installing: /home/coche/coche_ws/install/vesc_ackermann/share/vesc_ackermann/local_setup.dsv
[84.274s] -- Installing: /home/coche/coche_ws/install/vesc_ackermann/share/vesc_ackermann/package.dsv
[84.274s] -- Installing: /home/coche/coche_ws/install/vesc_ackermann/share/ament_index/resource_index/packages/vesc_ackermann
[84.277s] -- Installing: /home/coche/coche_ws/install/vesc_ackermann/share/ament_index/resource_index/rclcpp_components/vesc_ackermann
[84.277s] -- Installing: /home/coche/coche_ws/install/vesc_ackermann/share/vesc_ackermann/cmake/ament_cmake_export_dependencies-extras.cmake
[84.279s] -- Installing: /home/coche/coche_ws/install/vesc_ackermann/share/vesc_ackermann/cmake/ament_cmake_export_include_directories-extras.cmake
[84.280s] -- Installing: /home/coche/coche_ws/install/vesc_ackermann/share/vesc_ackermann/cmake/ament_cmake_export_libraries-extras.cmake
[84.281s] -- Installing: /home/coche/coche_ws/install/vesc_ackermann/share/vesc_ackermann/cmake/vesc_ackermannConfig.cmake
[84.285s] -- Installing: /home/coche/coche_ws/install/vesc_ackermann/share/vesc_ackermann/cmake/vesc_ackermannConfig-version.cmake
[84.286s] -- Installing: /home/coche/coche_ws/install/vesc_ackermann/share/vesc_ackermann/package.xml
[84.301s] Invoked command in '/home/coche/coche_ws/build/vesc_ackermann' returned '0': CMAKE_PREFIX_PATH=/home/coche/coche_ws/install/vesc_msgs:/home/coche/coche_ws/install/vesc:/home/coche/coche_ws/install/vesc_driver:/home/coche/coche_ws/install/vesc_ackermann:/home/coche/coche_ws/install/teleop_tools:/home/coche/coche_ws/install/teleop_tools_msgs:/home/coche/coche_ws/install/ackermann_mux:/home/coche/coche_ws/install/f1tenth_stack:/home/coche/coche_ws/install/joy_teleop:/home/coche/coche_ws/install/mouse_teleop:/home/coche/coche_ws/install/key_teleop:/opt/ros/foxy LD_LIBRARY_PATH=/home/coche/coche_ws/install/vesc_msgs/lib:/home/coche/coche_ws/install/vesc_driver/lib:/home/coche/coche_ws/install/vesc_ackermann/lib:/home/coche/coche_ws/install/teleop_tools_msgs/lib:/opt/ros/foxy/opt/yaml_cpp_vendor/lib:/opt/ros/foxy/opt/rviz_ogre_vendor/lib:/opt/ros/foxy/lib/aarch64-linux-gnu:/opt/ros/foxy/lib PYTHONPATH=/home/coche/coche_ws/install/vesc_msgs/lib/python3.8/site-packages:/home/coche/coche_ws/install/f1tenth_stack/lib/python3.8/site-packages:/home/coche/coche_ws/install/joy_teleop/lib/python3.8/site-packages:/home/coche/coche_ws/install/teleop_tools_msgs/lib/python3.8/site-packages:/home/coche/coche_ws/install/mouse_teleop/lib/python3.8/site-packages:/home/coche/coche_ws/install/key_teleop/lib/python3.8/site-packages:/opt/ros/foxy/lib/python3.8/site-packages /usr/bin/cmake --install /home/coche/coche_ws/build/vesc_ackermann
