[5.432s] Invoking command in '/home/coche/coche_ws/src/f1tenth_system/ver_trayectoria': PYTHONPATH=/home/coche/coche_ws/build/ver_trayectoria/prefix_override:/usr/lib/python3/dist-packages/colcon_core/task/python/colcon_distutils_commands:/home/coche/coche_ws/install/ver_trayectoria/lib/python3.8/site-packages:${PYTHONPATH} /usr/bin/python3 -W ignore:setup.py install is deprecated -W ignore:easy_install command is deprecated setup.py egg_info --egg-base ../../../build/ver_trayectoria build --build-base /home/coche/coche_ws/build/ver_trayectoria/build install --record /home/coche/coche_ws/build/ver_trayectoria/install.log --install-scripts $base/lib/ver_trayectoria --single-version-externally-managed install_data
[6.765s] running egg_info
[6.769s] writing ../../../build/ver_trayectoria/ver_trayectoria.egg-info/PKG-INFO
[6.771s] writing dependency_links to ../../../build/ver_trayectoria/ver_trayectoria.egg-info/dependency_links.txt
[6.772s] writing entry points to ../../../build/ver_trayectoria/ver_trayectoria.egg-info/entry_points.txt
[6.774s] writing requirements to ../../../build/ver_trayectoria/ver_trayectoria.egg-info/requires.txt
[6.775s] writing top-level names to ../../../build/ver_trayectoria/ver_trayectoria.egg-info/top_level.txt
[6.942s] reading manifest file '../../../build/ver_trayectoria/ver_trayectoria.egg-info/SOURCES.txt'
[6.946s] writing manifest file '../../../build/ver_trayectoria/ver_trayectoria.egg-info/SOURCES.txt'
[6.947s] running build
[6.948s] running build_py
[6.949s] copying ver_trayectoria/ver_trayectoria.py -> /home/coche/coche_ws/build/ver_trayectoria/build/lib/ver_trayectoria
[6.951s] running install
[6.956s] running install_lib
[6.963s] copying /home/coche/coche_ws/build/ver_trayectoria/build/lib/ver_trayectoria/ver_trayectoria.py -> /home/coche/coche_ws/install/ver_trayectoria/lib/python3.8/site-packages/ver_trayectoria
[6.967s] byte-compiling /home/coche/coche_ws/install/ver_trayectoria/lib/python3.8/site-packages/ver_trayectoria/ver_trayectoria.py to ver_trayectoria.cpython-38.pyc
[6.978s] running install_data
[6.979s] running install_egg_info
[6.989s] removing '/home/coche/coche_ws/install/ver_trayectoria/lib/python3.8/site-packages/ver_trayectoria-0.0.0-py3.8.egg-info' (and everything under it)
[6.991s] Copying ../../../build/ver_trayectoria/ver_trayectoria.egg-info to /home/coche/coche_ws/install/ver_trayectoria/lib/python3.8/site-packages/ver_trayectoria-0.0.0-py3.8.egg-info
[6.998s] running install_scripts
[7.079s] Installing ver_trayectoria script to /home/coche/coche_ws/install/ver_trayectoria/lib/ver_trayectoria
[7.084s] writing list of installed files to '/home/coche/coche_ws/build/ver_trayectoria/install.log'
[7.186s] Invoked command in '/home/coche/coche_ws/src/f1tenth_system/ver_trayectoria' returned '0': PYTHONPATH=/home/coche/coche_ws/build/ver_trayectoria/prefix_override:/usr/lib/python3/dist-packages/colcon_core/task/python/colcon_distutils_commands:/home/coche/coche_ws/install/ver_trayectoria/lib/python3.8/site-packages:${PYTHONPATH} /usr/bin/python3 -W ignore:setup.py install is deprecated -W ignore:easy_install command is deprecated setup.py egg_info --egg-base ../../../build/ver_trayectoria build --build-base /home/coche/coche_ws/build/ver_trayectoria/build install --record /home/coche/coche_ws/build/ver_trayectoria/install.log --install-scripts $base/lib/ver_trayectoria --single-version-externally-managed install_data
