[0.168s] Invoking command in '/home/coche/coche_ws/build/teleop_tools_msgs': CMAKE_PREFIX_PATH=${CMAKE_PREFIX_PATH}:/home/coche/coche_ws/install/f1tenth_stack:/home/coche/coche_ws/install/joy_teleop:/home/coche/coche_ws/install/mouse_teleop:/home/coche/coche_ws/install/key_teleop:/opt/ros/foxy /usr/bin/cmake --build /home/coche/coche_ws/build/teleop_tools_msgs -- -j4 -l4
[1.549s] [  3%] Built target teleop_tools_msgs__cpp
[1.550s] [ 12%] Built target teleop_tools_msgs__rosidl_generator_c
[1.550s] [ 22%] Built target teleop_tools_msgs__rosidl_typesupport_cpp
[1.551s] [ 32%] Built target teleop_tools_msgs__rosidl_typesupport_introspection_cpp
[1.551s] [ 41%] Built target teleop_tools_msgs__rosidl_typesupport_fastrtps_cpp
[1.551s] [ 51%] Built target teleop_tools_msgs__rosidl_typesupport_introspection_c
[1.552s] [ 61%] Built target teleop_tools_msgs__rosidl_typesupport_c
[1.552s] [ 70%] Built target teleop_tools_msgs__rosidl_typesupport_fastrtps_c
[1.552s] [ 70%] Built target teleop_tools_msgs
[1.553s] [ 74%] Built target teleop_tools_msgs__py
[1.553s] [ 80%] Built target teleop_tools_msgs__python
[1.553s] [ 87%] Built target teleop_tools_msgs__rosidl_typesupport_c__pyext
[1.553s] [ 93%] Built target teleop_tools_msgs__rosidl_typesupport_introspection_c__pyext
[1.556s] [100%] Built target teleop_tools_msgs__rosidl_typesupport_fastrtps_c__pyext
[1.619s] Invoked command in '/home/coche/coche_ws/build/teleop_tools_msgs' returned '0': CMAKE_PREFIX_PATH=${CMAKE_PREFIX_PATH}:/home/coche/coche_ws/install/f1tenth_stack:/home/coche/coche_ws/install/joy_teleop:/home/coche/coche_ws/install/mouse_teleop:/home/coche/coche_ws/install/key_teleop:/opt/ros/foxy /usr/bin/cmake --build /home/coche/coche_ws/build/teleop_tools_msgs -- -j4 -l4
[1.950s] Invoking command in '/home/coche/coche_ws/build/teleop_tools_msgs': CMAKE_PREFIX_PATH=${CMAKE_PREFIX_PATH}:/home/coche/coche_ws/install/f1tenth_stack:/home/coche/coche_ws/install/joy_teleop:/home/coche/coche_ws/install/mouse_teleop:/home/coche/coche_ws/install/key_teleop:/opt/ros/foxy /usr/bin/cmake --install /home/coche/coche_ws/build/teleop_tools_msgs
[2.009s] -- Install configuration: ""
[2.010s] -- Up-to-date: /home/coche/coche_ws/install/teleop_tools_msgs/share/ament_index/resource_index/rosidl_interfaces/teleop_tools_msgs
[2.010s] -- Up-to-date: /home/coche/coche_ws/install/teleop_tools_msgs/include/teleop_tools_msgs
[2.011s] -- Up-to-date: /home/coche/coche_ws/install/teleop_tools_msgs/include/teleop_tools_msgs/action
[2.012s] -- Up-to-date: /home/coche/coche_ws/install/teleop_tools_msgs/include/teleop_tools_msgs/action/detail
[2.013s] -- Up-to-date: /home/coche/coche_ws/install/teleop_tools_msgs/include/teleop_tools_msgs/action/detail/increment__type_support.h
[2.013s] -- Up-to-date: /home/coche/coche_ws/install/teleop_tools_msgs/include/teleop_tools_msgs/action/detail/increment__functions.c
[2.013s] -- Up-to-date: /home/coche/coche_ws/install/teleop_tools_msgs/include/teleop_tools_msgs/action/detail/increment__functions.h
[2.014s] -- Up-to-date: /home/coche/coche_ws/install/teleop_tools_msgs/include/teleop_tools_msgs/action/detail/increment__struct.h
[2.014s] -- Up-to-date: /home/coche/coche_ws/install/teleop_tools_msgs/include/teleop_tools_msgs/action/increment.h
[2.015s] -- Up-to-date: /home/coche/coche_ws/install/teleop_tools_msgs/include/teleop_tools_msgs/msg
[2.015s] -- Up-to-date: /home/coche/coche_ws/install/teleop_tools_msgs/include/teleop_tools_msgs/msg/rosidl_generator_c__visibility_control.h
[2.015s] -- Up-to-date: /home/coche/coche_ws/install/teleop_tools_msgs/share/teleop_tools_msgs/environment/library_path.sh
[2.015s] -- Up-to-date: /home/coche/coche_ws/install/teleop_tools_msgs/share/teleop_tools_msgs/environment/library_path.dsv
[2.017s] -- Up-to-date: /home/coche/coche_ws/install/teleop_tools_msgs/lib/libteleop_tools_msgs__rosidl_generator_c.so
[2.018s] -- Up-to-date: /home/coche/coche_ws/install/teleop_tools_msgs/include/teleop_tools_msgs
[2.019s] -- Up-to-date: /home/coche/coche_ws/install/teleop_tools_msgs/include/teleop_tools_msgs/action
[2.019s] -- Up-to-date: /home/coche/coche_ws/install/teleop_tools_msgs/include/teleop_tools_msgs/action/detail
[2.019s] -- Up-to-date: /home/coche/coche_ws/install/teleop_tools_msgs/include/teleop_tools_msgs/action/detail/increment__rosidl_typesupport_fastrtps_c.h
[2.020s] -- Up-to-date: /home/coche/coche_ws/install/teleop_tools_msgs/include/teleop_tools_msgs/msg
[2.020s] -- Up-to-date: /home/coche/coche_ws/install/teleop_tools_msgs/include/teleop_tools_msgs/msg/rosidl_typesupport_fastrtps_c__visibility_control.h
[2.021s] -- Up-to-date: /home/coche/coche_ws/install/teleop_tools_msgs/lib/libteleop_tools_msgs__rosidl_typesupport_fastrtps_c.so
[2.021s] -- Up-to-date: /home/coche/coche_ws/install/teleop_tools_msgs/include/teleop_tools_msgs
[2.022s] -- Up-to-date: /home/coche/coche_ws/install/teleop_tools_msgs/include/teleop_tools_msgs/action
[2.022s] -- Up-to-date: /home/coche/coche_ws/install/teleop_tools_msgs/include/teleop_tools_msgs/action/detail
[2.022s] -- Up-to-date: /home/coche/coche_ws/install/teleop_tools_msgs/include/teleop_tools_msgs/action/detail/dds_fastrtps
[2.024s] -- Up-to-date: /home/coche/coche_ws/install/teleop_tools_msgs/include/teleop_tools_msgs/action/detail/increment__rosidl_typesupport_fastrtps_cpp.hpp
[2.025s] -- Up-to-date: /home/coche/coche_ws/install/teleop_tools_msgs/include/teleop_tools_msgs/msg
[2.025s] -- Up-to-date: /home/coche/coche_ws/install/teleop_tools_msgs/include/teleop_tools_msgs/msg/rosidl_typesupport_fastrtps_cpp__visibility_control.h
[2.026s] -- Up-to-date: /home/coche/coche_ws/install/teleop_tools_msgs/lib/libteleop_tools_msgs__rosidl_typesupport_fastrtps_cpp.so
[2.027s] -- Up-to-date: /home/coche/coche_ws/install/teleop_tools_msgs/include/teleop_tools_msgs
[2.027s] -- Up-to-date: /home/coche/coche_ws/install/teleop_tools_msgs/include/teleop_tools_msgs/action
[2.027s] -- Up-to-date: /home/coche/coche_ws/install/teleop_tools_msgs/include/teleop_tools_msgs/action/detail
[2.028s] -- Up-to-date: /home/coche/coche_ws/install/teleop_tools_msgs/include/teleop_tools_msgs/action/detail/increment__rosidl_typesupport_introspection_c.h
[2.028s] -- Up-to-date: /home/coche/coche_ws/install/teleop_tools_msgs/include/teleop_tools_msgs/action/detail/increment__type_support.c
[2.029s] -- Up-to-date: /home/coche/coche_ws/install/teleop_tools_msgs/include/teleop_tools_msgs/msg
[2.030s] -- Up-to-date: /home/coche/coche_ws/install/teleop_tools_msgs/include/teleop_tools_msgs/msg/rosidl_typesupport_introspection_c__visibility_control.h
[2.032s] -- Up-to-date: /home/coche/coche_ws/install/teleop_tools_msgs/lib/libteleop_tools_msgs__rosidl_typesupport_introspection_c.so
[2.033s] -- Up-to-date: /home/coche/coche_ws/install/teleop_tools_msgs/lib/libteleop_tools_msgs__rosidl_typesupport_c.so
[2.033s] -- Up-to-date: /home/coche/coche_ws/install/teleop_tools_msgs/include/teleop_tools_msgs
[2.033s] -- Up-to-date: /home/coche/coche_ws/install/teleop_tools_msgs/include/teleop_tools_msgs/action
[2.034s] -- Up-to-date: /home/coche/coche_ws/install/teleop_tools_msgs/include/teleop_tools_msgs/action/detail
[2.034s] -- Up-to-date: /home/coche/coche_ws/install/teleop_tools_msgs/include/teleop_tools_msgs/action/detail/increment__traits.hpp
[2.034s] -- Up-to-date: /home/coche/coche_ws/install/teleop_tools_msgs/include/teleop_tools_msgs/action/detail/increment__type_support.hpp
[2.035s] -- Up-to-date: /home/coche/coche_ws/install/teleop_tools_msgs/include/teleop_tools_msgs/action/detail/increment__struct.hpp
[2.038s] -- Up-to-date: /home/coche/coche_ws/install/teleop_tools_msgs/include/teleop_tools_msgs/action/detail/increment__builder.hpp
[2.039s] -- Up-to-date: /home/coche/coche_ws/install/teleop_tools_msgs/include/teleop_tools_msgs/action/increment.hpp
[2.040s] -- Up-to-date: /home/coche/coche_ws/install/teleop_tools_msgs/include/teleop_tools_msgs/msg
[2.040s] -- Up-to-date: /home/coche/coche_ws/install/teleop_tools_msgs/include/teleop_tools_msgs/msg/rosidl_generator_cpp__visibility_control.hpp
[2.040s] -- Up-to-date: /home/coche/coche_ws/install/teleop_tools_msgs/include/teleop_tools_msgs
[2.041s] -- Up-to-date: /home/coche/coche_ws/install/teleop_tools_msgs/include/teleop_tools_msgs/action
[2.041s] -- Up-to-date: /home/coche/coche_ws/install/teleop_tools_msgs/include/teleop_tools_msgs/action/detail
[2.042s] -- Up-to-date: /home/coche/coche_ws/install/teleop_tools_msgs/include/teleop_tools_msgs/action/detail/increment__rosidl_typesupport_introspection_cpp.hpp
[2.042s] -- Up-to-date: /home/coche/coche_ws/install/teleop_tools_msgs/include/teleop_tools_msgs/action/detail/increment__type_support.cpp
[2.043s] -- Up-to-date: /home/coche/coche_ws/install/teleop_tools_msgs/lib/libteleop_tools_msgs__rosidl_typesupport_introspection_cpp.so
[2.043s] -- Up-to-date: /home/coche/coche_ws/install/teleop_tools_msgs/lib/libteleop_tools_msgs__rosidl_typesupport_cpp.so
[2.043s] -- Up-to-date: /home/coche/coche_ws/install/teleop_tools_msgs/share/teleop_tools_msgs/environment/pythonpath.sh
[2.044s] -- Up-to-date: /home/coche/coche_ws/install/teleop_tools_msgs/share/teleop_tools_msgs/environment/pythonpath.dsv
[2.044s] -- Up-to-date: /home/coche/coche_ws/install/teleop_tools_msgs/lib/python3.8/site-packages/teleop_tools_msgs/__init__.py
[2.217s] -- Up-to-date: /home/coche/coche_ws/install/teleop_tools_msgs/lib/python3.8/site-packages/teleop_tools_msgs/action
[2.220s] -- Up-to-date: /home/coche/coche_ws/install/teleop_tools_msgs/lib/python3.8/site-packages/teleop_tools_msgs/action/_increment.py
[2.220s] -- Up-to-date: /home/coche/coche_ws/install/teleop_tools_msgs/lib/python3.8/site-packages/teleop_tools_msgs/action/__init__.py
[2.221s] -- Up-to-date: /home/coche/coche_ws/install/teleop_tools_msgs/lib/python3.8/site-packages/teleop_tools_msgs/action/_increment_s.c
[2.221s] -- Up-to-date: /home/coche/coche_ws/install/teleop_tools_msgs/lib/python3.8/site-packages/teleop_tools_msgs/teleop_tools_msgs_s__rosidl_typesupport_fastrtps_c.cpython-38-aarch64-linux-gnu.so
[2.223s] -- Up-to-date: /home/coche/coche_ws/install/teleop_tools_msgs/lib/python3.8/site-packages/teleop_tools_msgs/teleop_tools_msgs_s__rosidl_typesupport_introspection_c.cpython-38-aarch64-linux-gnu.so
[2.226s] -- Up-to-date: /home/coche/coche_ws/install/teleop_tools_msgs/lib/python3.8/site-packages/teleop_tools_msgs/teleop_tools_msgs_s__rosidl_typesupport_c.cpython-38-aarch64-linux-gnu.so
[2.228s] -- Up-to-date: /home/coche/coche_ws/install/teleop_tools_msgs/lib/libteleop_tools_msgs__python.so
[2.230s] -- Up-to-date: /home/coche/coche_ws/install/teleop_tools_msgs/share/teleop_tools_msgs/action/Increment.idl
[2.231s] -- Up-to-date: /home/coche/coche_ws/install/teleop_tools_msgs/share/teleop_tools_msgs/action/Increment.action
[2.231s] -- Up-to-date: /home/coche/coche_ws/install/teleop_tools_msgs/share/ament_index/resource_index/package_run_dependencies/teleop_tools_msgs
[2.232s] -- Up-to-date: /home/coche/coche_ws/install/teleop_tools_msgs/share/ament_index/resource_index/parent_prefix_path/teleop_tools_msgs
[2.233s] -- Up-to-date: /home/coche/coche_ws/install/teleop_tools_msgs/share/teleop_tools_msgs/environment/ament_prefix_path.sh
[2.233s] -- Up-to-date: /home/coche/coche_ws/install/teleop_tools_msgs/share/teleop_tools_msgs/environment/ament_prefix_path.dsv
[2.234s] -- Up-to-date: /home/coche/coche_ws/install/teleop_tools_msgs/share/teleop_tools_msgs/environment/path.sh
[2.234s] -- Up-to-date: /home/coche/coche_ws/install/teleop_tools_msgs/share/teleop_tools_msgs/environment/path.dsv
[2.235s] -- Up-to-date: /home/coche/coche_ws/install/teleop_tools_msgs/share/teleop_tools_msgs/local_setup.bash
[2.235s] -- Up-to-date: /home/coche/coche_ws/install/teleop_tools_msgs/share/teleop_tools_msgs/local_setup.sh
[2.236s] -- Up-to-date: /home/coche/coche_ws/install/teleop_tools_msgs/share/teleop_tools_msgs/local_setup.zsh
[2.236s] -- Up-to-date: /home/coche/coche_ws/install/teleop_tools_msgs/share/teleop_tools_msgs/local_setup.dsv
[2.237s] -- Installing: /home/coche/coche_ws/install/teleop_tools_msgs/share/teleop_tools_msgs/package.dsv
[2.237s] -- Up-to-date: /home/coche/coche_ws/install/teleop_tools_msgs/share/ament_index/resource_index/packages/teleop_tools_msgs
[2.238s] -- Up-to-date: /home/coche/coche_ws/install/teleop_tools_msgs/share/teleop_tools_msgs/cmake/teleop_tools_msgs__rosidl_generator_cExport.cmake
[2.238s] -- Up-to-date: /home/coche/coche_ws/install/teleop_tools_msgs/share/teleop_tools_msgs/cmake/teleop_tools_msgs__rosidl_generator_cExport-noconfig.cmake
[2.239s] -- Up-to-date: /home/coche/coche_ws/install/teleop_tools_msgs/share/teleop_tools_msgs/cmake/teleop_tools_msgs__rosidl_typesupport_introspection_cExport.cmake
[2.239s] -- Up-to-date: /home/coche/coche_ws/install/teleop_tools_msgs/share/teleop_tools_msgs/cmake/teleop_tools_msgs__rosidl_typesupport_introspection_cExport-noconfig.cmake
[2.242s] -- Up-to-date: /home/coche/coche_ws/install/teleop_tools_msgs/share/teleop_tools_msgs/cmake/teleop_tools_msgs__rosidl_typesupport_cExport.cmake
[2.242s] -- Up-to-date: /home/coche/coche_ws/install/teleop_tools_msgs/share/teleop_tools_msgs/cmake/teleop_tools_msgs__rosidl_typesupport_cExport-noconfig.cmake
[2.243s] -- Up-to-date: /home/coche/coche_ws/install/teleop_tools_msgs/share/teleop_tools_msgs/cmake/teleop_tools_msgs__rosidl_generator_cppExport.cmake
[2.243s] -- Up-to-date: /home/coche/coche_ws/install/teleop_tools_msgs/share/teleop_tools_msgs/cmake/teleop_tools_msgs__rosidl_typesupport_introspection_cppExport.cmake
[2.244s] -- Up-to-date: /home/coche/coche_ws/install/teleop_tools_msgs/share/teleop_tools_msgs/cmake/teleop_tools_msgs__rosidl_typesupport_introspection_cppExport-noconfig.cmake
[2.245s] -- Up-to-date: /home/coche/coche_ws/install/teleop_tools_msgs/share/teleop_tools_msgs/cmake/teleop_tools_msgs__rosidl_typesupport_cppExport.cmake
[2.245s] -- Up-to-date: /home/coche/coche_ws/install/teleop_tools_msgs/share/teleop_tools_msgs/cmake/teleop_tools_msgs__rosidl_typesupport_cppExport-noconfig.cmake
[2.246s] -- Up-to-date: /home/coche/coche_ws/install/teleop_tools_msgs/share/teleop_tools_msgs/cmake/rosidl_cmake-extras.cmake
[2.247s] -- Up-to-date: /home/coche/coche_ws/install/teleop_tools_msgs/share/teleop_tools_msgs/cmake/ament_cmake_export_dependencies-extras.cmake
[2.247s] -- Up-to-date: /home/coche/coche_ws/install/teleop_tools_msgs/share/teleop_tools_msgs/cmake/ament_cmake_export_libraries-extras.cmake
[2.247s] -- Up-to-date: /home/coche/coche_ws/install/teleop_tools_msgs/share/teleop_tools_msgs/cmake/ament_cmake_export_targets-extras.cmake
[2.248s] -- Up-to-date: /home/coche/coche_ws/install/teleop_tools_msgs/share/teleop_tools_msgs/cmake/ament_cmake_export_include_directories-extras.cmake
[2.248s] -- Up-to-date: /home/coche/coche_ws/install/teleop_tools_msgs/share/teleop_tools_msgs/cmake/rosidl_cmake_export_typesupport_libraries-extras.cmake
[2.248s] -- Up-to-date: /home/coche/coche_ws/install/teleop_tools_msgs/share/teleop_tools_msgs/cmake/rosidl_cmake_export_typesupport_targets-extras.cmake
[2.249s] -- Up-to-date: /home/coche/coche_ws/install/teleop_tools_msgs/share/teleop_tools_msgs/cmake/teleop_tools_msgsConfig.cmake
[2.249s] -- Up-to-date: /home/coche/coche_ws/install/teleop_tools_msgs/share/teleop_tools_msgs/cmake/teleop_tools_msgsConfig-version.cmake
[2.249s] -- Up-to-date: /home/coche/coche_ws/install/teleop_tools_msgs/share/teleop_tools_msgs/package.xml
[3.175s] Invoked command in '/home/coche/coche_ws/build/teleop_tools_msgs' returned '0': CMAKE_PREFIX_PATH=${CMAKE_PREFIX_PATH}:/home/coche/coche_ws/install/f1tenth_stack:/home/coche/coche_ws/install/joy_teleop:/home/coche/coche_ws/install/mouse_teleop:/home/coche/coche_ws/install/key_teleop:/opt/ros/foxy /usr/bin/cmake --install /home/coche/coche_ws/build/teleop_tools_msgs
