[0.085s] Invoking command in '/home/coche/coche_ws/build/lqr': CMAKE_PREFIX_PATH=${CMAKE_PREFIX_PATH}:/home/coche/coche_ws/install/f1tenth_stack:/home/coche/coche_ws/install/joy_teleop:/home/coche/coche_ws/install/particle_filter:/home/coche/coche_ws/install/mouse_teleop:/home/coche/coche_ws/install/key_teleop:/opt/ros/foxy /usr/bin/cmake /home/coche/coche_ws/src/f1tenth_system/lqr -DCMAKE_INSTALL_PREFIX=/home/coche/coche_ws/install/lqr
[0.485s] -- The C compiler identification is GNU 9.4.0
[0.877s] -- The CXX compiler identification is GNU 9.4.0
[0.905s] -- Check for working C compiler: /usr/bin/cc
[1.279s] -- Check for working C compiler: /usr/bin/cc -- works
[1.284s] -- Detecting C compiler ABI info
[1.665s] -- Detecting C compiler ABI info - done
[1.741s] -- Detecting C compile features
[1.745s] -- Detecting C compile features - done
[1.760s] -- Check for working CXX compiler: /usr/bin/c++
[2.258s] -- Check for working CXX compiler: /usr/bin/c++ -- works
[2.265s] -- Detecting CXX compiler ABI info
[2.761s] -- Detecting CXX compiler ABI info - done
[2.821s] -- Detecting CXX compile features
[2.824s] -- Detecting CXX compile features - done
[2.842s] -- Found ament_cmake: 0.9.12 (/opt/ros/foxy/share/ament_cmake/cmake)
[2.998s] -- Found PythonInterp: /usr/bin/python3 (found suitable version "3.8.10", minimum required is "3") 
[2.999s] -- Using PYTHON_EXECUTABLE: /usr/bin/python3
[4.210s] -- Found rclcpp: 2.4.3 (/opt/ros/foxy/share/rclcpp/cmake)
[4.600s] -- Using all available rosidl_typesupport_c: rosidl_typesupport_fastrtps_c;rosidl_typesupport_introspection_c
[4.667s] -- Found rosidl_adapter: 1.3.1 (/opt/ros/foxy/share/rosidl_adapter/cmake)
[5.303s] -- Found OpenSSL: /usr/lib/aarch64-linux-gnu/libcrypto.so (found version "1.1.1f")  
[5.464s] -- Found FastRTPS: /opt/ros/foxy/include  
[5.905s] -- Using all available rosidl_typesupport_cpp: rosidl_typesupport_fastrtps_cpp;rosidl_typesupport_introspection_cpp
[6.267s] -- Found rmw_implementation_cmake: 1.0.4 (/opt/ros/foxy/share/rmw_implementation_cmake/cmake)
[6.270s] -- Using RMW implementation 'rmw_fastrtps_cpp' as default
[6.272s] -- Looking for pthread.h
[6.689s] -- Looking for pthread.h - found
[6.690s] -- Performing Test CMAKE_HAVE_LIBC_PTHREAD
[7.173s] -- Performing Test CMAKE_HAVE_LIBC_PTHREAD - Failed
[7.175s] -- Looking for pthread_create in pthreads
[7.575s] -- Looking for pthread_create in pthreads - not found
[7.577s] -- Looking for pthread_create in pthread
[7.994s] -- Looking for pthread_create in pthread - found
[8.003s] -- Found Threads: TRUE  
[8.931s] -- Found rclpy: 1.0.13 (/opt/ros/foxy/share/rclpy/cmake)
[8.944s] -- Found geometry_msgs: 2.0.5 (/opt/ros/foxy/share/geometry_msgs/cmake)
[9.133s] -- Found nav_msgs: 2.0.5 (/opt/ros/foxy/share/nav_msgs/cmake)
[9.460s] -- Found ackermann_msgs: 2.0.2 (/opt/ros/foxy/share/ackermann_msgs/cmake)
[9.654s] -- Found sensor_msgs: 2.0.5 (/opt/ros/foxy/share/sensor_msgs/cmake)
[9.959s] -- Found visualization_msgs: 2.0.5 (/opt/ros/foxy/share/visualization_msgs/cmake)
[10.285s] -- Found tf2_ros: 0.13.14 (/opt/ros/foxy/share/tf2_ros/cmake)
[11.894s] -- Found ament_lint_auto: 0.9.8 (/opt/ros/foxy/share/ament_lint_auto/cmake)
[12.358s] -- Added test 'copyright' to check source files copyright and LICENSE
[12.374s] -- Added test 'flake8' to check Python code syntax and style conventions
[12.380s] -- Added test 'lint_cmake' to check CMake code style
[12.384s] -- Added test 'pep257' to check Python code against some of the style conventions in PEP 257
[12.394s] -- Added test 'xmllint' to check XML markup files
[12.425s] -- Configuring done
[12.441s] -- Generating done
[12.457s] -- Build files have been written to: /home/coche/coche_ws/build/lqr
[12.535s] Invoked command in '/home/coche/coche_ws/build/lqr' returned '0': CMAKE_PREFIX_PATH=${CMAKE_PREFIX_PATH}:/home/coche/coche_ws/install/f1tenth_stack:/home/coche/coche_ws/install/joy_teleop:/home/coche/coche_ws/install/particle_filter:/home/coche/coche_ws/install/mouse_teleop:/home/coche/coche_ws/install/key_teleop:/opt/ros/foxy /usr/bin/cmake /home/coche/coche_ws/src/f1tenth_system/lqr -DCMAKE_INSTALL_PREFIX=/home/coche/coche_ws/install/lqr
[12.540s] Invoking command in '/home/coche/coche_ws/build/lqr': CMAKE_PREFIX_PATH=${CMAKE_PREFIX_PATH}:/home/coche/coche_ws/install/f1tenth_stack:/home/coche/coche_ws/install/joy_teleop:/home/coche/coche_ws/install/particle_filter:/home/coche/coche_ws/install/mouse_teleop:/home/coche/coche_ws/install/key_teleop:/opt/ros/foxy /usr/bin/cmake --build /home/coche/coche_ws/build/lqr -- -j4 -l4
[12.854s] Invoked command in '/home/coche/coche_ws/build/lqr' returned '0': CMAKE_PREFIX_PATH=${CMAKE_PREFIX_PATH}:/home/coche/coche_ws/install/f1tenth_stack:/home/coche/coche_ws/install/joy_teleop:/home/coche/coche_ws/install/particle_filter:/home/coche/coche_ws/install/mouse_teleop:/home/coche/coche_ws/install/key_teleop:/opt/ros/foxy /usr/bin/cmake --build /home/coche/coche_ws/build/lqr -- -j4 -l4
[12.879s] Invoking command in '/home/coche/coche_ws/build/lqr': CMAKE_PREFIX_PATH=${CMAKE_PREFIX_PATH}:/home/coche/coche_ws/install/f1tenth_stack:/home/coche/coche_ws/install/joy_teleop:/home/coche/coche_ws/install/particle_filter:/home/coche/coche_ws/install/mouse_teleop:/home/coche/coche_ws/install/key_teleop:/opt/ros/foxy /usr/bin/cmake --install /home/coche/coche_ws/build/lqr
[12.938s] -- Install configuration: ""
[12.939s] -- Installing: /home/coche/coche_ws/install/lqr/share/lqr/environment/pythonpath.sh
[12.941s] -- Installing: /home/coche/coche_ws/install/lqr/share/lqr/environment/pythonpath.dsv
[12.941s] -- Installing: /home/coche/coche_ws/install/lqr/lib/python3.8/site-packages/lqr
[12.942s] -- Installing: /home/coche/coche_ws/install/lqr/lib/python3.8/site-packages/lqr/__init__.py
[13.149s] Listing '/home/coche/coche_ws/install/lqr/lib/python3.8/site-packages/lqr'...
[13.150s] Compiling '/home/coche/coche_ws/install/lqr/lib/python3.8/site-packages/lqr/__init__.py'...
[13.184s] -- Installing: /home/coche/coche_ws/install/lqr/lib/lqr/lqr_node.py
[13.184s] -- Installing: /home/coche/coche_ws/install/lqr/lib/lqr/utils.py
[13.188s] -- Installing: /home/coche/coche_ws/install/lqr/share/ament_index/resource_index/package_run_dependencies/lqr
[13.189s] -- Installing: /home/coche/coche_ws/install/lqr/share/ament_index/resource_index/parent_prefix_path/lqr
[13.194s] -- Installing: /home/coche/coche_ws/install/lqr/share/lqr/environment/ament_prefix_path.sh
[13.195s] -- Installing: /home/coche/coche_ws/install/lqr/share/lqr/environment/ament_prefix_path.dsv
[13.198s] -- Installing: /home/coche/coche_ws/install/lqr/share/lqr/environment/path.sh
[13.199s] -- Installing: /home/coche/coche_ws/install/lqr/share/lqr/environment/path.dsv
[13.201s] -- Installing: /home/coche/coche_ws/install/lqr/share/lqr/local_setup.bash
[13.202s] -- Installing: /home/coche/coche_ws/install/lqr/share/lqr/local_setup.sh
[13.203s] -- Installing: /home/coche/coche_ws/install/lqr/share/lqr/local_setup.zsh
[13.204s] -- Installing: /home/coche/coche_ws/install/lqr/share/lqr/local_setup.dsv
[13.206s] -- Installing: /home/coche/coche_ws/install/lqr/share/lqr/package.dsv
[13.207s] -- Installing: /home/coche/coche_ws/install/lqr/share/ament_index/resource_index/packages/lqr
[13.208s] -- Installing: /home/coche/coche_ws/install/lqr/share/lqr/cmake/lqrConfig.cmake
[13.209s] -- Installing: /home/coche/coche_ws/install/lqr/share/lqr/cmake/lqrConfig-version.cmake
[13.211s] -- Installing: /home/coche/coche_ws/install/lqr/share/lqr/package.xml
[13.227s] Invoked command in '/home/coche/coche_ws/build/lqr' returned '0': CMAKE_PREFIX_PATH=${CMAKE_PREFIX_PATH}:/home/coche/coche_ws/install/f1tenth_stack:/home/coche/coche_ws/install/joy_teleop:/home/coche/coche_ws/install/particle_filter:/home/coche/coche_ws/install/mouse_teleop:/home/coche/coche_ws/install/key_teleop:/opt/ros/foxy /usr/bin/cmake --install /home/coche/coche_ws/build/lqr
