[0.109s] Invoking command in '/home/coche/coche_ws/build/waypoint_generator': CMAKE_PREFIX_PATH=${CMAKE_PREFIX_PATH}:/home/coche/coche_ws/install/f1tenth_stack:/home/coche/coche_ws/install/ver_trayectoria:/home/coche/coche_ws/install/joy_teleop:/home/coche/coche_ws/install/stanley_avoidance:/home/coche/coche_ws/install/particle_filter:/home/coche/coche_ws/install/mouse_teleop:/home/coche/coche_ws/install/key_teleop:/opt/ros/foxy /usr/bin/cmake --build /home/coche/coche_ws/build/waypoint_generator -- -j4 -l4
[0.655s] [100%] Built target waypoint_generator
[0.926s] Invoked command in '/home/coche/coche_ws/build/waypoint_generator' returned '0': CMAKE_PREFIX_PATH=${CMAKE_PREFIX_PATH}:/home/coche/coche_ws/install/f1tenth_stack:/home/coche/coche_ws/install/ver_trayectoria:/home/coche/coche_ws/install/joy_teleop:/home/coche/coche_ws/install/stanley_avoidance:/home/coche/coche_ws/install/particle_filter:/home/coche/coche_ws/install/mouse_teleop:/home/coche/coche_ws/install/key_teleop:/opt/ros/foxy /usr/bin/cmake --build /home/coche/coche_ws/build/waypoint_generator -- -j4 -l4
[0.953s] Invoking command in '/home/coche/coche_ws/build/waypoint_generator': CMAKE_PREFIX_PATH=${CMAKE_PREFIX_PATH}:/home/coche/coche_ws/install/f1tenth_stack:/home/coche/coche_ws/install/ver_trayectoria:/home/coche/coche_ws/install/joy_teleop:/home/coche/coche_ws/install/stanley_avoidance:/home/coche/coche_ws/install/particle_filter:/home/coche/coche_ws/install/mouse_teleop:/home/coche/coche_ws/install/key_teleop:/opt/ros/foxy /usr/bin/cmake --install /home/coche/coche_ws/build/waypoint_generator
[1.025s] -- Install configuration: ""
[1.030s] -- Up-to-date: /home/coche/coche_ws/install/waypoint_generator/lib/waypoint_generator/waypoint_generator
[1.031s] -- Up-to-date: /home/coche/coche_ws/install/waypoint_generator/share/ament_index/resource_index/package_run_dependencies/waypoint_generator
[1.032s] -- Up-to-date: /home/coche/coche_ws/install/waypoint_generator/share/ament_index/resource_index/parent_prefix_path/waypoint_generator
[1.033s] -- Up-to-date: /home/coche/coche_ws/install/waypoint_generator/share/waypoint_generator/environment/ament_prefix_path.sh
[1.033s] -- Up-to-date: /home/coche/coche_ws/install/waypoint_generator/share/waypoint_generator/environment/ament_prefix_path.dsv
[1.033s] -- Up-to-date: /home/coche/coche_ws/install/waypoint_generator/share/waypoint_generator/environment/path.sh
[1.035s] -- Up-to-date: /home/coche/coche_ws/install/waypoint_generator/share/waypoint_generator/environment/path.dsv
[1.035s] -- Up-to-date: /home/coche/coche_ws/install/waypoint_generator/share/waypoint_generator/local_setup.bash
[1.036s] -- Up-to-date: /home/coche/coche_ws/install/waypoint_generator/share/waypoint_generator/local_setup.sh
[1.036s] -- Up-to-date: /home/coche/coche_ws/install/waypoint_generator/share/waypoint_generator/local_setup.zsh
[1.037s] -- Up-to-date: /home/coche/coche_ws/install/waypoint_generator/share/waypoint_generator/local_setup.dsv
[1.037s] -- Installing: /home/coche/coche_ws/install/waypoint_generator/share/waypoint_generator/package.dsv
[1.039s] -- Up-to-date: /home/coche/coche_ws/install/waypoint_generator/share/ament_index/resource_index/packages/waypoint_generator
[1.040s] -- Up-to-date: /home/coche/coche_ws/install/waypoint_generator/share/waypoint_generator/cmake/waypoint_generatorConfig.cmake
[1.041s] -- Up-to-date: /home/coche/coche_ws/install/waypoint_generator/share/waypoint_generator/cmake/waypoint_generatorConfig-version.cmake
[1.041s] -- Up-to-date: /home/coche/coche_ws/install/waypoint_generator/share/waypoint_generator/package.xml
[1.056s] Invoked command in '/home/coche/coche_ws/build/waypoint_generator' returned '0': CMAKE_PREFIX_PATH=${CMAKE_PREFIX_PATH}:/home/coche/coche_ws/install/f1tenth_stack:/home/coche/coche_ws/install/ver_trayectoria:/home/coche/coche_ws/install/joy_teleop:/home/coche/coche_ws/install/stanley_avoidance:/home/coche/coche_ws/install/particle_filter:/home/coche/coche_ws/install/mouse_teleop:/home/coche/coche_ws/install/key_teleop:/opt/ros/foxy /usr/bin/cmake --install /home/coche/coche_ws/build/waypoint_generator
