[0.078s] Invoking command in '/home/coche/coche_ws/build/vesc_driver': CMAKE_PREFIX_PATH=/home/coche/coche_ws/install/vesc_msgs:/home/coche/coche_ws/install/vesc:/home/coche/coche_ws/install/vesc_driver:/home/coche/coche_ws/install/vesc_ackermann:/home/coche/coche_ws/install/teleop_tools:/home/coche/coche_ws/install/teleop_tools_msgs:/home/coche/coche_ws/install/ackermann_mux:/home/coche/coche_ws/install/f1tenth_stack:/home/coche/coche_ws/install/joy_teleop:/home/coche/coche_ws/install/mouse_teleop:/home/coche/coche_ws/install/key_teleop:/opt/ros/foxy LD_LIBRARY_PATH=/home/coche/coche_ws/install/vesc_msgs/lib:/home/coche/coche_ws/install/vesc_driver/lib:/home/coche/coche_ws/install/vesc_ackermann/lib:/home/coche/coche_ws/install/teleop_tools_msgs/lib:/opt/ros/foxy/opt/yaml_cpp_vendor/lib:/opt/ros/foxy/opt/rviz_ogre_vendor/lib:/opt/ros/foxy/lib/aarch64-linux-gnu:/opt/ros/foxy/lib PYTHONPATH=/home/coche/coche_ws/install/vesc_msgs/lib/python3.8/site-packages:/home/coche/coche_ws/install/f1tenth_stack/lib/python3.8/site-packages:/home/coche/coche_ws/install/joy_teleop/lib/python3.8/site-packages:/home/coche/coche_ws/install/teleop_tools_msgs/lib/python3.8/site-packages:/home/coche/coche_ws/install/mouse_teleop/lib/python3.8/site-packages:/home/coche/coche_ws/install/key_teleop/lib/python3.8/site-packages:/opt/ros/foxy/lib/python3.8/site-packages /usr/bin/cmake --build /home/coche/coche_ws/build/vesc_driver -- -j4 -l4
[0.442s] [ 50%] Built target vesc_driver
[0.584s] [ 70%] Built target vesc_driver_node
[0.645s] [100%] Built target vesc_device_namer
[0.709s] Invoked command in '/home/coche/coche_ws/build/vesc_driver' returned '0': CMAKE_PREFIX_PATH=/home/coche/coche_ws/install/vesc_msgs:/home/coche/coche_ws/install/vesc:/home/coche/coche_ws/install/vesc_driver:/home/coche/coche_ws/install/vesc_ackermann:/home/coche/coche_ws/install/teleop_tools:/home/coche/coche_ws/install/teleop_tools_msgs:/home/coche/coche_ws/install/ackermann_mux:/home/coche/coche_ws/install/f1tenth_stack:/home/coche/coche_ws/install/joy_teleop:/home/coche/coche_ws/install/mouse_teleop:/home/coche/coche_ws/install/key_teleop:/opt/ros/foxy LD_LIBRARY_PATH=/home/coche/coche_ws/install/vesc_msgs/lib:/home/coche/coche_ws/install/vesc_driver/lib:/home/coche/coche_ws/install/vesc_ackermann/lib:/home/coche/coche_ws/install/teleop_tools_msgs/lib:/opt/ros/foxy/opt/yaml_cpp_vendor/lib:/opt/ros/foxy/opt/rviz_ogre_vendor/lib:/opt/ros/foxy/lib/aarch64-linux-gnu:/opt/ros/foxy/lib PYTHONPATH=/home/coche/coche_ws/install/vesc_msgs/lib/python3.8/site-packages:/home/coche/coche_ws/install/f1tenth_stack/lib/python3.8/site-packages:/home/coche/coche_ws/install/joy_teleop/lib/python3.8/site-packages:/home/coche/coche_ws/install/teleop_tools_msgs/lib/python3.8/site-packages:/home/coche/coche_ws/install/mouse_teleop/lib/python3.8/site-packages:/home/coche/coche_ws/install/key_teleop/lib/python3.8/site-packages:/opt/ros/foxy/lib/python3.8/site-packages /usr/bin/cmake --build /home/coche/coche_ws/build/vesc_driver -- -j4 -l4
[0.938s] Invoking command in '/home/coche/coche_ws/build/vesc_driver': CMAKE_PREFIX_PATH=/home/coche/coche_ws/install/vesc_msgs:/home/coche/coche_ws/install/vesc:/home/coche/coche_ws/install/vesc_driver:/home/coche/coche_ws/install/vesc_ackermann:/home/coche/coche_ws/install/teleop_tools:/home/coche/coche_ws/install/teleop_tools_msgs:/home/coche/coche_ws/install/ackermann_mux:/home/coche/coche_ws/install/f1tenth_stack:/home/coche/coche_ws/install/joy_teleop:/home/coche/coche_ws/install/mouse_teleop:/home/coche/coche_ws/install/key_teleop:/opt/ros/foxy LD_LIBRARY_PATH=/home/coche/coche_ws/install/vesc_msgs/lib:/home/coche/coche_ws/install/vesc_driver/lib:/home/coche/coche_ws/install/vesc_ackermann/lib:/home/coche/coche_ws/install/teleop_tools_msgs/lib:/opt/ros/foxy/opt/yaml_cpp_vendor/lib:/opt/ros/foxy/opt/rviz_ogre_vendor/lib:/opt/ros/foxy/lib/aarch64-linux-gnu:/opt/ros/foxy/lib PYTHONPATH=/home/coche/coche_ws/install/vesc_msgs/lib/python3.8/site-packages:/home/coche/coche_ws/install/f1tenth_stack/lib/python3.8/site-packages:/home/coche/coche_ws/install/joy_teleop/lib/python3.8/site-packages:/home/coche/coche_ws/install/teleop_tools_msgs/lib/python3.8/site-packages:/home/coche/coche_ws/install/mouse_teleop/lib/python3.8/site-packages:/home/coche/coche_ws/install/key_teleop/lib/python3.8/site-packages:/opt/ros/foxy/lib/python3.8/site-packages /usr/bin/cmake --install /home/coche/coche_ws/build/vesc_driver
[0.978s] -- Install configuration: ""
[0.981s] -- Up-to-date: /home/coche/coche_ws/install/vesc_driver/lib/vesc_driver/vesc_driver_node
[0.982s] -- Up-to-date: /home/coche/coche_ws/install/vesc_driver/include
[0.983s] -- Up-to-date: /home/coche/coche_ws/install/vesc_driver/include/vesc_driver
[0.983s] -- Up-to-date: /home/coche/coche_ws/install/vesc_driver/include/vesc_driver/vesc_device_uuid_lookup.hpp
[0.984s] -- Up-to-date: /home/coche/coche_ws/install/vesc_driver/include/vesc_driver/datatypes.hpp
[0.984s] -- Up-to-date: /home/coche/coche_ws/install/vesc_driver/include/vesc_driver/vesc_packet_factory.hpp
[0.985s] -- Up-to-date: /home/coche/coche_ws/install/vesc_driver/include/vesc_driver/vesc_interface.hpp
[0.985s] -- Up-to-date: /home/coche/coche_ws/install/vesc_driver/include/vesc_driver/vesc_driver.hpp
[0.985s] -- Up-to-date: /home/coche/coche_ws/install/vesc_driver/include/vesc_driver/vesc_packet.hpp
[0.986s] -- Up-to-date: /home/coche/coche_ws/install/vesc_driver/include/vesc_driver/crc.hpp
[0.986s] -- Up-to-date: /home/coche/coche_ws/install/vesc_driver/share/vesc_driver/environment/library_path.sh
[0.986s] -- Up-to-date: /home/coche/coche_ws/install/vesc_driver/share/vesc_driver/environment/library_path.dsv
[0.987s] -- Up-to-date: /home/coche/coche_ws/install/vesc_driver/lib/libvesc_driver.so
[0.988s] -- Up-to-date: /home/coche/coche_ws/install/vesc_driver/lib/vesc_driver/vesc_device_namer
[0.990s] -- Up-to-date: /home/coche/coche_ws/install/vesc_driver/share/vesc_driver/launch
[0.991s] -- Up-to-date: /home/coche/coche_ws/install/vesc_driver/share/vesc_driver/launch/vesc_driver_node.launch.py
[0.991s] -- Up-to-date: /home/coche/coche_ws/install/vesc_driver/share/vesc_driver/params
[0.992s] -- Up-to-date: /home/coche/coche_ws/install/vesc_driver/share/vesc_driver/params/vesc_config.yaml
[0.992s] -- Up-to-date: /home/coche/coche_ws/install/vesc_driver/share/ament_index/resource_index/package_run_dependencies/vesc_driver
[0.993s] -- Up-to-date: /home/coche/coche_ws/install/vesc_driver/share/ament_index/resource_index/parent_prefix_path/vesc_driver
[0.993s] -- Up-to-date: /home/coche/coche_ws/install/vesc_driver/share/vesc_driver/environment/ament_prefix_path.sh
[0.994s] -- Up-to-date: /home/coche/coche_ws/install/vesc_driver/share/vesc_driver/environment/ament_prefix_path.dsv
[0.994s] -- Up-to-date: /home/coche/coche_ws/install/vesc_driver/share/vesc_driver/environment/path.sh
[0.997s] -- Up-to-date: /home/coche/coche_ws/install/vesc_driver/share/vesc_driver/environment/path.dsv
[0.997s] -- Up-to-date: /home/coche/coche_ws/install/vesc_driver/share/vesc_driver/local_setup.bash
[0.998s] -- Up-to-date: /home/coche/coche_ws/install/vesc_driver/share/vesc_driver/local_setup.sh
[0.998s] -- Up-to-date: /home/coche/coche_ws/install/vesc_driver/share/vesc_driver/local_setup.zsh
[0.999s] -- Up-to-date: /home/coche/coche_ws/install/vesc_driver/share/vesc_driver/local_setup.dsv
[1.000s] -- Installing: /home/coche/coche_ws/install/vesc_driver/share/vesc_driver/package.dsv
[1.002s] -- Up-to-date: /home/coche/coche_ws/install/vesc_driver/share/ament_index/resource_index/packages/vesc_driver
[1.002s] -- Up-to-date: /home/coche/coche_ws/install/vesc_driver/share/ament_index/resource_index/rclcpp_components/vesc_driver
[1.003s] -- Up-to-date: /home/coche/coche_ws/install/vesc_driver/share/vesc_driver/cmake/ament_cmake_export_dependencies-extras.cmake
[1.005s] -- Up-to-date: /home/coche/coche_ws/install/vesc_driver/share/vesc_driver/cmake/ament_cmake_export_include_directories-extras.cmake
[1.006s] -- Up-to-date: /home/coche/coche_ws/install/vesc_driver/share/vesc_driver/cmake/ament_cmake_export_libraries-extras.cmake
[1.006s] -- Up-to-date: /home/coche/coche_ws/install/vesc_driver/share/vesc_driver/cmake/vesc_driverConfig.cmake
[1.007s] -- Up-to-date: /home/coche/coche_ws/install/vesc_driver/share/vesc_driver/cmake/vesc_driverConfig-version.cmake
[1.007s] -- Up-to-date: /home/coche/coche_ws/install/vesc_driver/share/vesc_driver/package.xml
[1.036s] Invoked command in '/home/coche/coche_ws/build/vesc_driver' returned '0': CMAKE_PREFIX_PATH=/home/coche/coche_ws/install/vesc_msgs:/home/coche/coche_ws/install/vesc:/home/coche/coche_ws/install/vesc_driver:/home/coche/coche_ws/install/vesc_ackermann:/home/coche/coche_ws/install/teleop_tools:/home/coche/coche_ws/install/teleop_tools_msgs:/home/coche/coche_ws/install/ackermann_mux:/home/coche/coche_ws/install/f1tenth_stack:/home/coche/coche_ws/install/joy_teleop:/home/coche/coche_ws/install/mouse_teleop:/home/coche/coche_ws/install/key_teleop:/opt/ros/foxy LD_LIBRARY_PATH=/home/coche/coche_ws/install/vesc_msgs/lib:/home/coche/coche_ws/install/vesc_driver/lib:/home/coche/coche_ws/install/vesc_ackermann/lib:/home/coche/coche_ws/install/teleop_tools_msgs/lib:/opt/ros/foxy/opt/yaml_cpp_vendor/lib:/opt/ros/foxy/opt/rviz_ogre_vendor/lib:/opt/ros/foxy/lib/aarch64-linux-gnu:/opt/ros/foxy/lib PYTHONPATH=/home/coche/coche_ws/install/vesc_msgs/lib/python3.8/site-packages:/home/coche/coche_ws/install/f1tenth_stack/lib/python3.8/site-packages:/home/coche/coche_ws/install/joy_teleop/lib/python3.8/site-packages:/home/coche/coche_ws/install/teleop_tools_msgs/lib/python3.8/site-packages:/home/coche/coche_ws/install/mouse_teleop/lib/python3.8/site-packages:/home/coche/coche_ws/install/key_teleop/lib/python3.8/site-packages:/opt/ros/foxy/lib/python3.8/site-packages /usr/bin/cmake --install /home/coche/coche_ws/build/vesc_driver
